C:/Users/amand/OneDrive/Bureau/Projet_Stage_2A/NUCLEO-IHM03/Src/mc_tasks.c:172:10:CalcParityBit	0	static
C:/Users/amand/OneDrive/Bureau/Projet_Stage_2A/NUCLEO-IHM03/Src/mc_tasks.c:187:6:readAs5048a	48	static
C:/Users/amand/OneDrive/Bureau/Projet_Stage_2A/NUCLEO-IHM03/Src/mc_tasks.c:226:5:handleMotorFaults	8	static
C:/Users/amand/OneDrive/Bureau/Projet_Stage_2A/NUCLEO-IHM03/Src/mc_tasks.c:241:6:updateValueVelocity	0	static
C:/Users/amand/OneDrive/Bureau/Projet_Stage_2A/NUCLEO-IHM03/Src/mc_tasks.c:892:13:FOC_Clear	16	static
C:/Users/amand/OneDrive/Bureau/Projet_Stage_2A/NUCLEO-IHM03/Src/mc_tasks.c:282:13:MCboot	56	static
C:/Users/amand/OneDrive/Bureau/Projet_Stage_2A/NUCLEO-IHM03/Src/mc_tasks.c:931:13:FOC_InitAdditionalMethods	0	static
C:/Users/amand/OneDrive/Bureau/Projet_Stage_2A/NUCLEO-IHM03/Src/mc_tasks.c:955:13:FOC_CalcCurrRef	16	static
C:/Users/amand/OneDrive/Bureau/Projet_Stage_2A/NUCLEO-IHM03/Src/mc_tasks.c:990:13:TSK_SetChargeBootCapDelayM1	0	static
C:/Users/amand/OneDrive/Bureau/Projet_Stage_2A/NUCLEO-IHM03/Src/mc_tasks.c:1001:13:TSK_ChargeBootCapDelayHasElapsedM1	0	static
C:/Users/amand/OneDrive/Bureau/Projet_Stage_2A/NUCLEO-IHM03/Src/mc_tasks.c:1017:13:TSK_SetStopPermanencyTimeM1	0	static
C:/Users/amand/OneDrive/Bureau/Projet_Stage_2A/NUCLEO-IHM03/Src/mc_tasks.c:418:6:TSK_MF_StopProcessing	8	static
C:/Users/amand/OneDrive/Bureau/Projet_Stage_2A/NUCLEO-IHM03/Src/mc_tasks.c:1028:13:TSK_StopPermanencyTimeHasElapsedM1	0	static
C:/Users/amand/OneDrive/Bureau/Projet_Stage_2A/NUCLEO-IHM03/Src/mc_tasks.c:508:13:TSK_MediumFrequencyTaskM1	24	static
C:/Users/amand/OneDrive/Bureau/Projet_Stage_2A/NUCLEO-IHM03/Src/mc_tasks.c:434:13:MC_Scheduler	16	static
C:/Users/amand/OneDrive/Bureau/Projet_Stage_2A/NUCLEO-IHM03/Src/mc_tasks.c:1054:16:TSK_HighFrequencyTask	72	static
C:/Users/amand/OneDrive/Bureau/Projet_Stage_2A/NUCLEO-IHM03/Src/mc_tasks.c:1246:13:TSK_SafetyTask_PWMOFF	24	static
C:/Users/amand/OneDrive/Bureau/Projet_Stage_2A/NUCLEO-IHM03/Src/mc_tasks.c:1224:13:TSK_SafetyTask	8	static
C:/Users/amand/OneDrive/Bureau/Projet_Stage_2A/NUCLEO-IHM03/Src/mc_tasks.c:396:13:MC_RunMotorControlTasks	8	static
C:/Users/amand/OneDrive/Bureau/Projet_Stage_2A/NUCLEO-IHM03/Src/mc_tasks.c:1295:23:GetMCI	0	static
C:/Users/amand/OneDrive/Bureau/Projet_Stage_2A/NUCLEO-IHM03/Src/mc_tasks.c:1311:13:TSK_HardwareFaultTask	8	static
C:/Users/amand/OneDrive/Bureau/Projet_Stage_2A/NUCLEO-IHM03/Src/mc_tasks.c:1324:13:UI_HandleStartStopButton_cb	8	static
C:/Users/amand/OneDrive/Bureau/Projet_Stage_2A/NUCLEO-IHM03/Src/mc_tasks.c:1342:13:mc_lock_pins	56	static
