C:/Users/amand/OneDrive/Bureau/Projet_Stage_2A/NUCLEO-IHM03/Src/mc_tasks.c:176:10:CalcParityBit	0	static
C:/Users/amand/OneDrive/Bureau/Projet_Stage_2A/NUCLEO-IHM03/Src/mc_tasks.c:191:6:readAs5048a	48	static
C:/Users/amand/OneDrive/Bureau/Projet_Stage_2A/NUCLEO-IHM03/Src/mc_tasks.c:230:5:handleMotorFaults	8	static
C:/Users/amand/OneDrive/Bureau/Projet_Stage_2A/NUCLEO-IHM03/Src/mc_tasks.c:245:6:updateValueVelocity	0	static
C:/Users/amand/OneDrive/Bureau/Projet_Stage_2A/NUCLEO-IHM03/Src/mc_tasks.c:278:7:P_Controller	0	static
C:/Users/amand/OneDrive/Bureau/Projet_Stage_2A/NUCLEO-IHM03/Src/mc_tasks.c:986:13:FOC_Clear	16	static
C:/Users/amand/OneDrive/Bureau/Projet_Stage_2A/NUCLEO-IHM03/Src/mc_tasks.c:318:13:MCboot	56	static
C:/Users/amand/OneDrive/Bureau/Projet_Stage_2A/NUCLEO-IHM03/Src/mc_tasks.c:1025:13:FOC_InitAdditionalMethods	0	static
C:/Users/amand/OneDrive/Bureau/Projet_Stage_2A/NUCLEO-IHM03/Src/mc_tasks.c:1049:13:FOC_CalcCurrRef	16	static
C:/Users/amand/OneDrive/Bureau/Projet_Stage_2A/NUCLEO-IHM03/Src/mc_tasks.c:1085:13:TSK_SetChargeBootCapDelayM1	0	static
C:/Users/amand/OneDrive/Bureau/Projet_Stage_2A/NUCLEO-IHM03/Src/mc_tasks.c:1096:13:TSK_ChargeBootCapDelayHasElapsedM1	0	static
C:/Users/amand/OneDrive/Bureau/Projet_Stage_2A/NUCLEO-IHM03/Src/mc_tasks.c:1112:13:TSK_SetStopPermanencyTimeM1	0	static
C:/Users/amand/OneDrive/Bureau/Projet_Stage_2A/NUCLEO-IHM03/Src/mc_tasks.c:454:6:TSK_MF_StopProcessing	8	static
C:/Users/amand/OneDrive/Bureau/Projet_Stage_2A/NUCLEO-IHM03/Src/mc_tasks.c:1123:13:TSK_StopPermanencyTimeHasElapsedM1	0	static
C:/Users/amand/OneDrive/Bureau/Projet_Stage_2A/NUCLEO-IHM03/Src/mc_tasks.c:544:13:TSK_MediumFrequencyTaskM1	24	static
C:/Users/amand/OneDrive/Bureau/Projet_Stage_2A/NUCLEO-IHM03/Src/mc_tasks.c:470:13:MC_Scheduler	24	static
C:/Users/amand/OneDrive/Bureau/Projet_Stage_2A/NUCLEO-IHM03/Src/mc_tasks.c:1149:16:TSK_HighFrequencyTask	72	static
C:/Users/amand/OneDrive/Bureau/Projet_Stage_2A/NUCLEO-IHM03/Src/mc_tasks.c:1332:13:TSK_SafetyTask_PWMOFF	24	static
C:/Users/amand/OneDrive/Bureau/Projet_Stage_2A/NUCLEO-IHM03/Src/mc_tasks.c:1310:13:TSK_SafetyTask	8	static
C:/Users/amand/OneDrive/Bureau/Projet_Stage_2A/NUCLEO-IHM03/Src/mc_tasks.c:432:13:MC_RunMotorControlTasks	8	static
C:/Users/amand/OneDrive/Bureau/Projet_Stage_2A/NUCLEO-IHM03/Src/mc_tasks.c:1381:23:GetMCI	0	static
C:/Users/amand/OneDrive/Bureau/Projet_Stage_2A/NUCLEO-IHM03/Src/mc_tasks.c:1397:13:TSK_HardwareFaultTask	8	static
C:/Users/amand/OneDrive/Bureau/Projet_Stage_2A/NUCLEO-IHM03/Src/mc_tasks.c:1410:13:UI_HandleStartStopButton_cb	8	static
C:/Users/amand/OneDrive/Bureau/Projet_Stage_2A/NUCLEO-IHM03/Src/mc_tasks.c:1428:13:mc_lock_pins	56	static
