Archive member included to satisfy reference by file (symbol)

C:/ST/STM32CubeIDE_1.15.0/STM32CubeIDE/plugins/com.st.stm32cube.ide.mcu.externaltools.gnu-tools-for-stm32.12.3.rel1.win32_1.0.100.202403111256/tools/bin/../lib/gcc/arm-none-eabi/12.3.1/../../../../arm-none-eabi/lib/thumb/v7e-m+fp/hard\libc_nano.a(libc_a-exit.o)
                              C:/ST/STM32CubeIDE_1.15.0/STM32CubeIDE/plugins/com.st.stm32cube.ide.mcu.externaltools.gnu-tools-for-stm32.12.3.rel1.win32_1.0.100.202403111256/tools/bin/../lib/gcc/arm-none-eabi/12.3.1/../../../../arm-none-eabi/lib/thumb/v7e-m+fp/hard/crt0.o (exit)
C:/ST/STM32CubeIDE_1.15.0/STM32CubeIDE/plugins/com.st.stm32cube.ide.mcu.externaltools.gnu-tools-for-stm32.12.3.rel1.win32_1.0.100.202403111256/tools/bin/../lib/gcc/arm-none-eabi/12.3.1/../../../../arm-none-eabi/lib/thumb/v7e-m+fp/hard\libc_nano.a(libc_a-findfp.o)
                              C:/ST/STM32CubeIDE_1.15.0/STM32CubeIDE/plugins/com.st.stm32cube.ide.mcu.externaltools.gnu-tools-for-stm32.12.3.rel1.win32_1.0.100.202403111256/tools/bin/../lib/gcc/arm-none-eabi/12.3.1/../../../../arm-none-eabi/lib/thumb/v7e-m+fp/hard\libc_nano.a(libc_a-exit.o) (__stdio_exit_handler)
C:/ST/STM32CubeIDE_1.15.0/STM32CubeIDE/plugins/com.st.stm32cube.ide.mcu.externaltools.gnu-tools-for-stm32.12.3.rel1.win32_1.0.100.202403111256/tools/bin/../lib/gcc/arm-none-eabi/12.3.1/../../../../arm-none-eabi/lib/thumb/v7e-m+fp/hard\libc_nano.a(libc_a-fwalk.o)
                              C:/ST/STM32CubeIDE_1.15.0/STM32CubeIDE/plugins/com.st.stm32cube.ide.mcu.externaltools.gnu-tools-for-stm32.12.3.rel1.win32_1.0.100.202403111256/tools/bin/../lib/gcc/arm-none-eabi/12.3.1/../../../../arm-none-eabi/lib/thumb/v7e-m+fp/hard\libc_nano.a(libc_a-findfp.o) (_fwalk_sglue)
C:/ST/STM32CubeIDE_1.15.0/STM32CubeIDE/plugins/com.st.stm32cube.ide.mcu.externaltools.gnu-tools-for-stm32.12.3.rel1.win32_1.0.100.202403111256/tools/bin/../lib/gcc/arm-none-eabi/12.3.1/../../../../arm-none-eabi/lib/thumb/v7e-m+fp/hard\libc_nano.a(libc_a-stdio.o)
                              C:/ST/STM32CubeIDE_1.15.0/STM32CubeIDE/plugins/com.st.stm32cube.ide.mcu.externaltools.gnu-tools-for-stm32.12.3.rel1.win32_1.0.100.202403111256/tools/bin/../lib/gcc/arm-none-eabi/12.3.1/../../../../arm-none-eabi/lib/thumb/v7e-m+fp/hard\libc_nano.a(libc_a-findfp.o) (__sread)
C:/ST/STM32CubeIDE_1.15.0/STM32CubeIDE/plugins/com.st.stm32cube.ide.mcu.externaltools.gnu-tools-for-stm32.12.3.rel1.win32_1.0.100.202403111256/tools/bin/../lib/gcc/arm-none-eabi/12.3.1/../../../../arm-none-eabi/lib/thumb/v7e-m+fp/hard\libc_nano.a(libc_a-memset.o)
                              C:/ST/STM32CubeIDE_1.15.0/STM32CubeIDE/plugins/com.st.stm32cube.ide.mcu.externaltools.gnu-tools-for-stm32.12.3.rel1.win32_1.0.100.202403111256/tools/bin/../lib/gcc/arm-none-eabi/12.3.1/../../../../arm-none-eabi/lib/thumb/v7e-m+fp/hard/crt0.o (memset)
C:/ST/STM32CubeIDE_1.15.0/STM32CubeIDE/plugins/com.st.stm32cube.ide.mcu.externaltools.gnu-tools-for-stm32.12.3.rel1.win32_1.0.100.202403111256/tools/bin/../lib/gcc/arm-none-eabi/12.3.1/../../../../arm-none-eabi/lib/thumb/v7e-m+fp/hard\libc_nano.a(libc_a-closer.o)
                              C:/ST/STM32CubeIDE_1.15.0/STM32CubeIDE/plugins/com.st.stm32cube.ide.mcu.externaltools.gnu-tools-for-stm32.12.3.rel1.win32_1.0.100.202403111256/tools/bin/../lib/gcc/arm-none-eabi/12.3.1/../../../../arm-none-eabi/lib/thumb/v7e-m+fp/hard\libc_nano.a(libc_a-stdio.o) (_close_r)
C:/ST/STM32CubeIDE_1.15.0/STM32CubeIDE/plugins/com.st.stm32cube.ide.mcu.externaltools.gnu-tools-for-stm32.12.3.rel1.win32_1.0.100.202403111256/tools/bin/../lib/gcc/arm-none-eabi/12.3.1/../../../../arm-none-eabi/lib/thumb/v7e-m+fp/hard\libc_nano.a(libc_a-reent.o)
                              C:/ST/STM32CubeIDE_1.15.0/STM32CubeIDE/plugins/com.st.stm32cube.ide.mcu.externaltools.gnu-tools-for-stm32.12.3.rel1.win32_1.0.100.202403111256/tools/bin/../lib/gcc/arm-none-eabi/12.3.1/../../../../arm-none-eabi/lib/thumb/v7e-m+fp/hard\libc_nano.a(libc_a-closer.o) (errno)
C:/ST/STM32CubeIDE_1.15.0/STM32CubeIDE/plugins/com.st.stm32cube.ide.mcu.externaltools.gnu-tools-for-stm32.12.3.rel1.win32_1.0.100.202403111256/tools/bin/../lib/gcc/arm-none-eabi/12.3.1/../../../../arm-none-eabi/lib/thumb/v7e-m+fp/hard\libc_nano.a(libc_a-impure.o)
                              C:/ST/STM32CubeIDE_1.15.0/STM32CubeIDE/plugins/com.st.stm32cube.ide.mcu.externaltools.gnu-tools-for-stm32.12.3.rel1.win32_1.0.100.202403111256/tools/bin/../lib/gcc/arm-none-eabi/12.3.1/../../../../arm-none-eabi/lib/thumb/v7e-m+fp/hard\libc_nano.a(libc_a-reent.o) (_impure_ptr)
C:/ST/STM32CubeIDE_1.15.0/STM32CubeIDE/plugins/com.st.stm32cube.ide.mcu.externaltools.gnu-tools-for-stm32.12.3.rel1.win32_1.0.100.202403111256/tools/bin/../lib/gcc/arm-none-eabi/12.3.1/../../../../arm-none-eabi/lib/thumb/v7e-m+fp/hard\libc_nano.a(libc_a-lseekr.o)
[...]
Memory Configuration

Name             Origin             Length             Attributes
RAM              0x20000000         0x00008000         xrw
FLASH            0x08000000         0x00020000         xr
*default*        0x00000000         0xffffffff

Linker script and memory map

LOAD C:/ST/STM32CubeIDE_1.15.0/STM32CubeIDE/plugins/com.st.stm32cube.ide.mcu.externaltools.gnu-tools-for-stm32.12.3.rel1.win32_1.0.100.202403111256/tools/bin/../lib/gcc/arm-none-eabi/12.3.1/thumb/v7e-m+fp/hard/crti.o
LOAD C:/ST/STM32CubeIDE_1.15.0/STM32CubeIDE/plugins/com.st.stm32cube.ide.mcu.externaltools.gnu-tools-for-stm32.12.3.rel1.win32_1.0.100.202403111256/tools/bin/../lib/gcc/arm-none-eabi/12.3.1/thumb/v7e-m+fp/hard/crtbegin.o
LOAD C:/ST/STM32CubeIDE_1.15.0/STM32CubeIDE/plugins/com.st.stm32cube.ide.mcu.externaltools.gnu-tools-for-stm32.12.3.rel1.win32_1.0.100.202403111256/tools/bin/../lib/gcc/arm-none-eabi/12.3.1/../../../../arm-none-eabi/lib/thumb/v7e-m+fp/hard/crt0.o
LOAD ./Application/Startup/startup_stm32g431rbtx.o
LOAD ./Application/User/aspep.o
LOAD ./Application/User/main.o
LOAD ./Application/User/mc_api.o
LOAD ./Application/User/mc_app_hooks.o
LOAD ./Application/User/mc_config.o
LOAD ./Application/User/mc_configuration_registers.o
LOAD ./Application/User/mc_interface.o
LOAD ./Application/User/mc_math.o
LOAD ./Application/User/mc_parameters.o
LOAD ./Application/User/mc_perf.o
LOAD ./Application/User/mc_tasks.o
LOAD ./Application/User/mcp_config.o
LOAD ./Application/User/motorcontrol.o
LOAD ./Application/User/pwm_curr_fdbk.o
LOAD ./Application/User/register_interface.o
LOAD ./Application/User/regular_conversion_manager.o
LOAD ./Application/User/stm32g4xx_hal_msp.o
LOAD ./Application/User/stm32g4xx_it.o
LOAD ./Application/User/stm32g4xx_mc_it.o
LOAD ./Application/User/syscalls.o
LOAD ./Application/User/sysmem.o
LOAD ./Application/User/usart_aspep_driver.o
LOAD ./Drivers/CMSIS/system_stm32g4xx.o
LOAD ./Drivers/STM32G4xx_HAL_Driver/stm32g4xx_hal.o
LOAD ./Drivers/STM32G4xx_HAL_Driver/stm32g4xx_hal_adc.o
LOAD ./Drivers/STM32G4xx_HAL_Driver/stm32g4xx_hal_adc_ex.o
LOAD ./Drivers/STM32G4xx_HAL_Driver/stm32g4xx_hal_cordic.o
LOAD ./Drivers/STM32G4xx_HAL_Driver/stm32g4xx_hal_cortex.o
LOAD ./Drivers/STM32G4xx_HAL_Driver/stm32g4xx_hal_dma.o
LOAD ./Drivers/STM32G4xx_HAL_Driver/stm32g4xx_hal_dma_ex.o
LOAD ./Drivers/STM32G4xx_HAL_Driver/stm32g4xx_hal_exti.o
LOAD ./Drivers/STM32G4xx_HAL_Driver/stm32g4xx_hal_flash.o
LOAD ./Drivers/STM32G4xx_HAL_Driver/stm32g4xx_hal_flash_ex.o
LOAD ./Drivers/STM32G4xx_HAL_Driver/stm32g4xx_hal_flash_ramfunc.o
LOAD ./Drivers/STM32G4xx_HAL_Driver/stm32g4xx_hal_gpio.o
LOAD ./Drivers/STM32G4xx_HAL_Driver/stm32g4xx_hal_pwr.o
LOAD ./Drivers/STM32G4xx_HAL_Driver/stm32g4xx_hal_pwr_ex.o
LOAD ./Drivers/STM32G4xx_HAL_Driver/stm32g4xx_hal_rcc.o
LOAD ./Drivers/STM32G4xx_HAL_Driver/stm32g4xx_hal_rcc_ex.o
LOAD ./Drivers/STM32G4xx_HAL_Driver/stm32g4xx_hal_tim.o
LOAD ./Drivers/STM32G4xx_HAL_Driver/stm32g4xx_hal_tim_ex.o
LOAD ./Drivers/STM32G4xx_HAL_Driver/stm32g4xx_hal_uart.o
LOAD ./Drivers/STM32G4xx_HAL_Driver/stm32g4xx_hal_uart_ex.o
LOAD ./Drivers/STM32G4xx_HAL_Driver/stm32g4xx_ll_adc.o
LOAD ./Middlewares/MotorControl/bus_voltage_sensor.o
LOAD ./Middlewares/MotorControl/circle_limitation.o
LOAD ./Middlewares/MotorControl/digital_output.o
LOAD ./Middlewares/MotorControl/mcp.o
LOAD ./Middlewares/MotorControl/mcpa.o
LOAD ./Middlewares/MotorControl/ntc_temperature_sensor.o
LOAD ./Middlewares/MotorControl/open_loop.o
LOAD ./Middlewares/MotorControl/pid_regulator.o
LOAD ./Middlewares/MotorControl/pqd_motor_power_measurement.o
LOAD ./Middlewares/MotorControl/pwm_common.o
LOAD ./Middlewares/MotorControl/r3_2_g4xx_pwm_curr_fdbk.o
LOAD ./Middlewares/MotorControl/r_divider_bus_voltage_sensor.o
LOAD ./Middlewares/MotorControl/ramp_ext_mngr.o
LOAD ./Middlewares/MotorControl/revup_ctrl.o
LOAD ./Middlewares/MotorControl/speed_pos_fdbk.o
LOAD ./Middlewares/MotorControl/speed_torq_ctrl.o
LOAD ./Middlewares/MotorControl/sto_pll_speed_pos_fdbk.o
LOAD ./Middlewares/MotorControl/virtual_speed_sensor.o
START GROUP
LOAD C:/ST/STM32CubeIDE_1.15.0/STM32CubeIDE/plugins/com.st.stm32cube.ide.mcu.externaltools.gnu-tools-for-stm32.12.3.rel1.win32_1.0.100.202403111256/tools/bin/../lib/gcc/arm-none-eabi/12.3.1/../../../../arm-none-eabi/lib/thumb/v7e-m+fp/hard\libc_nano.a
LOAD C:/ST/STM32CubeIDE_1.15.0/STM32CubeIDE/plugins/com.st.stm32cube.ide.mcu.externaltools.gnu-tools-for-stm32.12.3.rel1.win32_1.0.100.202403111256/tools/bin/../lib/gcc/arm-none-eabi/12.3.1/../../../../arm-none-eabi/lib/thumb/v7e-m+fp/hard\libm.a
END GROUP
START GROUP
LOAD C:/ST/STM32CubeIDE_1.15.0/STM32CubeIDE/plugins/com.st.stm32cube.ide.mcu.externaltools.gnu-tools-for-stm32.12.3.rel1.win32_1.0.100.202403111256/tools/bin/../lib/gcc/arm-none-eabi/12.3.1/thumb/v7e-m+fp/hard\libgcc.a
LOAD C:/ST/STM32CubeIDE_1.15.0/STM32CubeIDE/plugins/com.st.stm32cube.ide.mcu.externaltools.gnu-tools-for-stm32.12.3.rel1.win32_1.0.100.202403111256/tools/bin/../lib/gcc/arm-none-eabi/12.3.1/../../../../arm-none-eabi/lib/thumb/v7e-m+fp/hard\libc_nano.a
END GROUP
START GROUP
LOAD C:/ST/STM32CubeIDE_1.15.0/STM32CubeIDE/plugins/com.st.stm32cube.ide.mcu.externaltools.gnu-tools-for-stm32.12.3.rel1.win32_1.0.100.202403111256/tools/bin/../lib/gcc/arm-none-eabi/12.3.1/thumb/v7e-m+fp/hard\libgcc.a
LOAD C:/ST/STM32CubeIDE_1.15.0/STM32CubeIDE/plugins/com.st.stm32cube.ide.mcu.externaltools.gnu-tools-for-stm32.12.3.rel1.win32_1.0.100.202403111256/tools/bin/../lib/gcc/arm-none-eabi/12.3.1/../../../../arm-none-eabi/lib/thumb/v7e-m+fp/hard\libc_nano.a
LOAD C:/ST/STM32CubeIDE_1.15.0/STM32CubeIDE/plugins/com.st.stm32cube.ide.mcu.externaltools.gnu-tools-for-stm32.12.3.rel1.win32_1.0.100.202403111256/tools/bin/../lib/gcc/arm-none-eabi/12.3.1/../../../../arm-none-eabi/lib/thumb/v7e-m+fp/hard\libnosys.a
END GROUP
START GROUP
LOAD C:/ST/STM32CubeIDE_1.15.0/STM32CubeIDE/plugins/com.st.stm32cube.ide.mcu.externaltools.gnu-tools-for-stm32.12.3.rel1.win32_1.0.100.202403111256/tools/bin/../lib/gcc/arm-none-eabi/12.3.1/thumb/v7e-m+fp/hard\libgcc.a
LOAD C:/ST/STM32CubeIDE_1.15.0/STM32CubeIDE/plugins/com.st.stm32cube.ide.mcu.externaltools.gnu-tools-for-stm32.12.3.rel1.win32_1.0.100.202403111256/tools/bin/../lib/gcc/arm-none-eabi/12.3.1/../../../../arm-none-eabi/lib/thumb/v7e-m+fp/hard\libc_nano.a
LOAD C:/ST/STM32CubeIDE_1.15.0/STM32CubeIDE/plugins/com.st.stm32cube.ide.mcu.externaltools.gnu-tools-for-stm32.12.3.rel1.win32_1.0.100.202403111256/tools/bin/../lib/gcc/arm-none-eabi/12.3.1/../../../../arm-none-eabi/lib/thumb/v7e-m+fp/hard\libnosys.a
END GROUP
LOAD C:/ST/STM32CubeIDE_1.15.0/STM32CubeIDE/plugins/com.st.stm32cube.ide.mcu.externaltools.gnu-tools-for-stm32.12.3.rel1.win32_1.0.100.202403111256/tools/bin/../lib/gcc/arm-none-eabi/12.3.1/thumb/v7e-m+fp/hard/crtend.o
LOAD C:/ST/STM32CubeIDE_1.15.0/STM32CubeIDE/plugins/com.st.stm32cube.ide.mcu.externaltools.gnu-tools-for-stm32.12.3.rel1.win32_1.0.100.202403111256/tools/bin/../lib/gcc/arm-none-eabi/12.3.1/thumb/v7e-m+fp/hard/crtn.o
                0x20008000                        _estack = (ORIGIN (RAM) + LENGTH (RAM))
                0x00000200                        _Min_Heap_Size = 0x200
                0x00000400                        _Min_Stack_Size = 0x400

.isr_vector     0x08000000      0x1d8
                0x08000000                        . = ALIGN (0x4)
 *(.isr_vector)
 .isr_vector    0x08000000      0x1d8 ./Application/Startup/startup_stm32g431rbtx.o
                0x08000000                g_pfnVectors
                0x080001d8                        . = ALIGN (0x4)

.text           0x080001d8     0x92e8
                0x080001d8                        . = ALIGN (0x4)
 *(.text)
 .text          0x080001d8       0x40 C:/ST/STM32CubeIDE_1.15.0/STM32CubeIDE/plugins/com.st.stm32cube.ide.mcu.externaltools.gnu-tools-for-stm32.12.3.rel1.win32_1.0.100.202403111256/tools/bin/../lib/gcc/arm-none-eabi/12.3.1/thumb/v7e-m+fp/hard/crtbegin.o
 .text          0x08000218       0x30 C:/ST/STM32CubeIDE_1.15.0/STM32CubeIDE/plugins/com.st.stm32cube.ide.mcu.externaltools.gnu-tools-for-stm32.12.3.rel1.win32_1.0.100.202403111256/tools/bin/../lib/gcc/arm-none-eabi/12.3.1/thumb/v7e-m+fp/hard\libgcc.a(_aeabi_uldivmod.o)
                0x08000218                __aeabi_uldivmod
 .text          0x08000248      0x2bc C:/ST/STM32CubeIDE_1.15.0/STM32CubeIDE/plugins/com.st.stm32cube.ide.mcu.externaltools.gnu-tools-for-stm32.12.3.rel1.win32_1.0.100.202403111256/tools/bin/../lib/gcc/arm-none-eabi/12.3.1/thumb/v7e-m+fp/hard\libgcc.a(_udivmoddi4.o)
                0x08000248                __udivmoddi4
 .text          0x08000504        0x4 C:/ST/STM32CubeIDE_1.15.0/STM32CubeIDE/plugins/com.st.stm32cube.ide.mcu.externaltools.gnu-tools-for-stm32.12.3.rel1.win32_1.0.100.202403111256/tools/bin/../lib/gcc/arm-none-eabi/12.3.1/thumb/v7e-m+fp/hard\libgcc.a(_dvmd_tls.o)
                0x08000504                __aeabi_idiv0
                0x08000504                __aeabi_ldiv0
 *(.text*)
 .text.Reset_Handler
                0x08000508       0x50 ./Application/Startup/startup_stm32g431rbtx.o
                0x08000508                Reset_Handler
 .text.Default_Handler
                0x08000558        0x2 ./Application/Startup/startup_stm32g431rbtx.o
                0x08000558                RTC_Alarm_IRQHandler
                0x08000558                EXTI2_IRQHandler
                0x08000558                TIM8_TRG_COM_IRQHandler
                0x08000558                TIM8_CC_IRQHandler
                0x08000558                DebugMon_Handler
                0x08000558                TIM1_CC_IRQHandler
                0x08000558                USB_HP_IRQHandler
                0x08000558                CORDIC_IRQHandler
                0x08000558                PendSV_Handler
                0x08000558                NMI_Handler
                0x08000558                EXTI3_IRQHandler
                0x08000558                I2C3_ER_IRQHandler
                0x08000558                EXTI0_IRQHandler
                0x08000558                I2C2_EV_IRQHandler
                0x08000558                FPU_IRQHandler
                0x08000558                FDCAN1_IT1_IRQHandler
                0x08000558                UsageFault_Handler
                0x08000558                SPI1_IRQHandler
                0x08000558                TIM6_DAC_IRQHandler
                0x08000558                TIM8_UP_IRQHandler
                0x08000558                DMA2_Channel2_IRQHandler
                0x08000558                DMA1_Channel4_IRQHandler
                0x08000558                USART3_IRQHandler
                0x08000558                TIM4_IRQHandler
                0x08000558                DMA2_Channel1_IRQHandler
                0x08000558                I2C1_EV_IRQHandler
                0x08000558                DMA1_Channel6_IRQHandler
                0x08000558                UART4_IRQHandler
                0x08000558                DMA2_Channel4_IRQHandler
                0x08000558                TIM3_IRQHandler
                0x08000558                RCC_IRQHandler
                0x08000558                Default_Handler
                0x08000558                RTC_TAMP_LSECSS_IRQHandler
                0x08000558                FMAC_IRQHandler
                0x08000558                TIM7_IRQHandler
                0x08000558                UCPD1_IRQHandler
                0x08000558                I2C3_EV_IRQHandler
                0x08000558                EXTI9_5_IRQHandler
                0x08000558                RTC_WKUP_IRQHandler
                0x08000558                PVD_PVM_IRQHandler
                0x08000558                SPI2_IRQHandler
                0x08000558                MemManage_Handler
                0x08000558                SVC_Handler
                0x08000558                DMA2_Channel5_IRQHandler
                0x08000558                CRS_IRQHandler
                0x08000558                DMA1_Channel5_IRQHandler
                0x08000558                USB_LP_IRQHandler
                0x08000558                EXTI4_IRQHandler
                0x08000558                RNG_IRQHandler
                0x08000558                TIM1_TRG_COM_TIM17_IRQHandler
                0x08000558                DMA1_Channel3_IRQHandler
                0x08000558                WWDG_IRQHandler
                0x08000558                LPUART1_IRQHandler
                0x08000558                DMA2_Channel6_IRQHandler
                0x08000558                FDCAN1_IT0_IRQHandler
                0x08000558                COMP1_2_3_IRQHandler
                0x08000558                EXTI1_IRQHandler
                0x08000558                I2C2_ER_IRQHandler
                0x08000558                DMA1_Channel2_IRQHandler
                0x08000558                TIM8_BRK_IRQHandler
                0x08000558                FLASH_IRQHandler
                0x08000558                BusFault_Handler
                0x08000558                USART1_IRQHandler
                0x08000558                SPI3_IRQHandler
                0x08000558                I2C1_ER_IRQHandler
                0x08000558                LPTIM1_IRQHandler
                0x08000558                DMAMUX_OVR_IRQHandler
                0x08000558                USBWakeUp_IRQHandler
                0x08000558                SAI1_IRQHandler
                0x08000558                DMA2_Channel3_IRQHandler
                0x08000558                COMP4_IRQHandler
 *fill*         0x0800055a        0x2 
 .text.ASPEP_start
                0x0800055c       0x28 ./Application/User/aspep.o
                0x0800055c                ASPEP_start
 .text.ASPEP_sendBeacon
                0x08000584       0x8c ./Application/User/aspep.o
                0x08000584                ASPEP_sendBeacon
 .text.ASPEP_sendPing
                0x08000610       0x8c ./Application/User/aspep.o
                0x08000610                ASPEP_sendPing
 .text.ASPEP_getBuffer
                0x0800069c       0x60 ./Application/User/aspep.o
                0x0800069c                ASPEP_getBuffer
 .text.ASPEP_sendPacket
                0x080006fc      0x118 ./Application/User/aspep.o
                0x080006fc                ASPEP_sendPacket
 .text.ASPEP_HWDataTransmittedIT
                0x08000814       0x98 ./Application/User/aspep.o
                0x08000814                ASPEP_HWDataTransmittedIT
 .text.ASPEP_RXframeProcess
                0x080008ac      0x2c0 ./Application/User/aspep.o
                0x080008ac                ASPEP_RXframeProcess
 .text.ASPEP_HWDataReceivedIT
                0x08000b6c       0x9c ./Application/User/aspep.o
                0x08000b6c                ASPEP_HWDataReceivedIT
 .text.ASPEP_HWDMAReset
                0x08000c08       0x14 ./Application/User/aspep.o
                0x08000c08                ASPEP_HWDMAReset
 .text.SystemClock_Config
                0x08000c1c       0x74 ./Application/User/main.o
                0x08000c1c                SystemClock_Config
 .text.startup.main
                0x08000c90      0x534 ./Application/User/main.o
                0x08000c90                main
 .text.HAL_TIM_PeriodElapsedCallback
                0x080011c4      0x148 ./Application/User/main.o
                0x080011c4                HAL_TIM_PeriodElapsedCallback
 .text.Error_Handler
                0x0800130c        0x4 ./Application/User/main.o
                0x0800130c                Error_Handler
 .text.MC_StartMotor1
                0x08001310        0xc ./Application/User/mc_api.o
                0x08001310                MC_StartMotor1
 .text.MC_StopMotor1
                0x0800131c        0xc ./Application/User/mc_api.o
                0x0800131c                MC_StopMotor1
 .text.MC_ProgramSpeedRampMotor1_F
                0x08001328       0x10 ./Application/User/mc_api.o
                0x08001328                MC_ProgramSpeedRampMotor1_F
 .text.MC_GetSTMStateMotor1
                0x08001338        0xc ./Application/User/mc_api.o
                0x08001338                MC_GetSTMStateMotor1
 .text.MC_ProfilerCommand
                0x08001344        0x4 ./Application/User/mc_api.o
                0x08001344                MC_ProfilerCommand
 .text.MC_APP_BootHook
                0x08001348        0x4 ./Application/User/mc_app_hooks.o
                0x08001348                MC_APP_BootHook
 .text.MC_APP_PostMediumFrequencyHook_M1
                0x0800134c        0x4 ./Application/User/mc_app_hooks.o
                0x0800134c                MC_APP_PostMediumFrequencyHook_M1
 .text.MCI_Init
                0x08001350       0x24 ./Application/User/mc_interface.o
                0x08001350                MCI_Init
 .text.MCI_ExecSpeedRamp
                0x08001374       0x14 ./Application/User/mc_interface.o
                0x08001374                MCI_ExecSpeedRamp
 .text.MCI_ExecSpeedRamp_F
                0x08001388       0x20 ./Application/User/mc_interface.o
                0x08001388                MCI_ExecSpeedRamp_F
 .text.MCI_ExecTorqueRamp
                0x080013a8       0x14 ./Application/User/mc_interface.o
                0x080013a8                MCI_ExecTorqueRamp
 .text.MCI_SetCurrentReferences
                0x080013bc       0x14 ./Application/User/mc_interface.o
                0x080013bc                MCI_SetCurrentReferences
 .text.MCI_FaultProcessing
                0x080013d0       0x18 ./Application/User/mc_interface.o
                0x080013d0                MCI_FaultProcessing
 .text.MCI_ExecBufferedCommands
                0x080013e8       0x74 ./Application/User/mc_interface.o
                0x080013e8                MCI_ExecBufferedCommands
 .text.MCI_GetSTMState
                0x0800145c        0x4 ./Application/User/mc_interface.o
                0x0800145c                MCI_GetSTMState
 .text.MCI_GetOccurredFaults
                0x08001460        0x4 ./Application/User/mc_interface.o
                0x08001460                MCI_GetOccurredFaults
 .text.MCI_GetCurrentFaults
                0x08001464        0x4 ./Application/User/mc_interface.o
                0x08001464                MCI_GetCurrentFaults
 .text.MCI_StartMotor
                0x08001468       0x2c ./Application/User/mc_interface.o
                0x08001468                MCI_StartMotor
 .text.MCI_StopMotor
                0x08001494       0x38 ./Application/User/mc_interface.o
                0x08001494                MCI_StopMotor
 .text.MCI_FaultAcknowledged
                0x080014cc       0x24 ./Application/User/mc_interface.o
                0x080014cc                MCI_FaultAcknowledged
 .text.MCI_GetFaultState
                0x080014f0        0xc ./Application/User/mc_interface.o
                0x080014f0                MCI_GetFaultState
 .text.MCI_GetControlMode
                0x080014fc        0x4 ./Application/User/mc_interface.o
                0x080014fc                MCI_GetControlMode
 .text.MCI_GetImposedMotorDirection
                0x08001500       0x44 ./Application/User/mc_interface.o
                0x08001500                MCI_GetImposedMotorDirection
 .text.MCI_GetLastRampFinalSpeed
                0x08001544        0x8 ./Application/User/mc_interface.o
                0x08001544                MCI_GetLastRampFinalSpeed
 .text.MCI_GetLastRampFinalTorque
                0x0800154c        0x8 ./Application/User/mc_interface.o
                0x0800154c                MCI_GetLastRampFinalTorque
 .text.MCI_GetLastRampFinalDuration
                0x08001554        0x4 ./Application/User/mc_interface.o
                0x08001554                MCI_GetLastRampFinalDuration
 .text.MCI_StopRamp
                0x08001558        0x8 ./Application/User/mc_interface.o
                0x08001558                MCI_StopRamp
 .text.MCI_GetAvrgMecSpeedUnit
                0x08001560       0x10 ./Application/User/mc_interface.o
                0x08001560                MCI_GetAvrgMecSpeedUnit
 .text.MCI_GetMecSpeedRefUnit
                0x08001570        0x8 ./Application/User/mc_interface.o
                0x08001570                MCI_GetMecSpeedRefUnit
 .text.MCI_GetIab
                0x08001578       0x1c ./Application/User/mc_interface.o
                0x08001578                MCI_GetIab
 .text.MCI_GetIalphabeta
                0x08001594       0x1c ./Application/User/mc_interface.o
                0x08001594                MCI_GetIalphabeta
 .text.MCI_GetIqd
                0x080015b0       0x1c ./Application/User/mc_interface.o
                0x080015b0                MCI_GetIqd
 .text.MCI_GetIqdref
                0x080015cc       0x1c ./Application/User/mc_interface.o
                0x080015cc                MCI_GetIqdref
 .text.MCI_GetVqd
                0x080015e8       0x1c ./Application/User/mc_interface.o
                0x080015e8                MCI_GetVqd
 .text.MCI_GetValphabeta
                0x08001604       0x1c ./Application/User/mc_interface.o
                0x08001604                MCI_GetValphabeta
 .text.MCI_GetTeref
                0x08001620        0x8 ./Application/User/mc_interface.o
                0x08001620                MCI_GetTeref
 .text.MCI_Clear_Iqdref
                0x08001628       0x14 ./Application/User/mc_interface.o
                0x08001628                MCI_Clear_Iqdref
 .text.MCM_Clarke
                0x0800163c       0x54 ./Application/User/mc_math.o
                0x0800163c                MCM_Clarke
 .text.MCM_Trig_Functions
                0x08001690       0x2c ./Application/User/mc_math.o
                0x08001690                MCM_Trig_Functions
 .text.MCM_Park
                0x080016bc       0x84 ./Application/User/mc_math.o
                0x080016bc                MCM_Park
 .text.MCM_Rev_Park
                0x08001740       0x3c ./Application/User/mc_math.o
                0x08001740                MCM_Rev_Park
 .text.MCM_Sqrt
                0x0800177c       0x20 ./Application/User/mc_math.o
                0x0800177c                MCM_Sqrt
 .text.FOC_Clear
                0x0800179c       0x74 ./Application/User/mc_tasks.o
                0x0800179c                FOC_Clear
 .text.MCboot   0x08001810      0x130 ./Application/User/mc_tasks.o
                0x08001810                MCboot
 .text.FOC_InitAdditionalMethods
                0x08001940        0x4 ./Application/User/mc_tasks.o
                0x08001940                FOC_InitAdditionalMethods
 .text.FOC_CalcCurrRef
                0x08001944       0x2c ./Application/User/mc_tasks.o
                0x08001944                FOC_CalcCurrRef
 .text.TSK_SetChargeBootCapDelayM1
                0x08001970        0xc ./Application/User/mc_tasks.o
                0x08001970                TSK_SetChargeBootCapDelayM1
 .text.TSK_ChargeBootCapDelayHasElapsedM1
                0x0800197c       0x14 ./Application/User/mc_tasks.o
                0x0800197c                TSK_ChargeBootCapDelayHasElapsedM1
 .text.TSK_SetStopPermanencyTimeM1
                0x08001990        0xc ./Application/User/mc_tasks.o
                0x08001990                TSK_SetStopPermanencyTimeM1
 .text.TSK_StopPermanencyTimeHasElapsedM1
                0x0800199c       0x14 ./Application/User/mc_tasks.o
                0x0800199c                TSK_StopPermanencyTimeHasElapsedM1
 .text.TSK_MediumFrequencyTaskM1
                0x080019b0      0x31c ./Application/User/mc_tasks.o
                0x080019b0                TSK_MediumFrequencyTaskM1
 .text.MC_Scheduler
                0x08001ccc       0x8c ./Application/User/mc_tasks.o
                0x08001ccc                MC_Scheduler
 .text.TSK_HighFrequencyTask
                0x08001d58      0x1a0 ./Application/User/mc_tasks.o
                0x08001d58                TSK_HighFrequencyTask
 .text.TSK_SafetyTask_PWMOFF
                0x08001ef8       0x90 ./Application/User/mc_tasks.o
                0x08001ef8                TSK_SafetyTask_PWMOFF
 .text.TSK_SafetyTask
                0x08001f88       0x20 ./Application/User/mc_tasks.o
                0x08001f88                TSK_SafetyTask
 .text.MC_RunMotorControlTasks
                0x08001fa8       0x18 ./Application/User/mc_tasks.o
                0x08001fa8                MC_RunMotorControlTasks
 .text.TSK_HardwareFaultTask
                0x08001fc0       0x20 ./Application/User/mc_tasks.o
                0x08001fc0                TSK_HardwareFaultTask
 .text.UI_HandleStartStopButton_cb
                0x08001fe0       0x18 ./Application/User/mc_tasks.o
                0x08001fe0                UI_HandleStartStopButton_cb
 .text.mc_lock_pins
                0x08001ff8      0x10c ./Application/User/mc_tasks.o
                0x08001ff8                mc_lock_pins
 .text.MX_MotorControl_Init
                0x08002104       0x3c ./Application/User/motorcontrol.o
                0x08002104                MX_MotorControl_Init
 .text.PWMC_GetPhaseCurrents
                0x08002140        0x4 ./Application/User/pwm_curr_fdbk.o
                0x08002140                PWMC_GetPhaseCurrents
 .text.PWMC_SetPhaseVoltage
                0x08002144      0x244 ./Application/User/pwm_curr_fdbk.o
                0x08002144                PWMC_SetPhaseVoltage
 .text.PWMC_SwitchOffPWM
                0x08002388        0x4 ./Application/User/pwm_curr_fdbk.o
                0x08002388                PWMC_SwitchOffPWM
 .text.PWMC_SwitchOnPWM
                0x0800238c        0x4 ./Application/User/pwm_curr_fdbk.o
                0x0800238c                PWMC_SwitchOnPWM
 .text.PWMC_CurrentReadingCalibr
                0x08002390       0x34 ./Application/User/pwm_curr_fdbk.o
                0x08002390                PWMC_CurrentReadingCalibr
 .text.PWMC_CheckOverCurrent
                0x080023c4        0x4 ./Application/User/pwm_curr_fdbk.o
                0x080023c4                PWMC_CheckOverCurrent
 .text.RI_SetRegCommandParser
                0x080023c8      0x660 ./Application/User/register_interface.o
                0x080023c8                RI_SetRegCommandParser
 .text.RI_GetRegCommandParser
                0x08002a28      0x8d4 ./Application/User/register_interface.o
                0x08002a28                RI_GetRegCommandParser
 .text.RI_GetIDSize
                0x080032fc       0x18 ./Application/User/register_interface.o
                0x080032fc                RI_GetIDSize
 .text.RI_GetPtrReg
                0x08003314      0x130 ./Application/User/register_interface.o
                0x08003314                RI_GetPtrReg
 .text.RCM_RegisterRegConv
                0x08003444      0x1f4 ./Application/User/regular_conversion_manager.o
                0x08003444                RCM_RegisterRegConv
 .text.RCM_ExecRegularConv
                0x08003638      0x188 ./Application/User/regular_conversion_manager.o
                0x08003638                RCM_ExecRegularConv
 .text.RCM_ExecUserConv
                0x080037c0       0x60 ./Application/User/regular_conversion_manager.o
                0x080037c0                RCM_ExecUserConv
 .text.RCM_ExecNextConv
                0x08003820       0x88 ./Application/User/regular_conversion_manager.o
                0x08003820                RCM_ExecNextConv
 .text.RCM_ReadOngoingConv
                0x080038a8       0x54 ./Application/User/regular_conversion_manager.o
                0x080038a8                RCM_ReadOngoingConv
 .text.HAL_MspInit
                0x080038fc       0x40 ./Application/User/stm32g4xx_hal_msp.o
                0x080038fc                HAL_MspInit
 .text.HAL_ADC_MspInit
                0x0800393c      0x16c ./Application/User/stm32g4xx_hal_msp.o
                0x0800393c                HAL_ADC_MspInit
 .text.HAL_CORDIC_MspInit
                0x08003aa8       0x30 ./Application/User/stm32g4xx_hal_msp.o
                0x08003aa8                HAL_CORDIC_MspInit
 .text.HAL_TIM_Base_MspInit
                0x08003ad8       0x9c ./Application/User/stm32g4xx_hal_msp.o
                0x08003ad8                HAL_TIM_Base_MspInit
 *fill*         0x08003b74        0x4 
 .text.HAL_TIM_MspPostInit
                0x08003b78       0x74 ./Application/User/stm32g4xx_hal_msp.o
                0x08003b78                HAL_TIM_MspPostInit
 .text.HAL_UART_MspInit
                0x08003bec       0xf8 ./Application/User/stm32g4xx_hal_msp.o
                0x08003bec                HAL_UART_MspInit
 .text.TIM2_IRQHandler
                0x08003ce4        0xc ./Application/User/stm32g4xx_it.o
                0x08003ce4                TIM2_IRQHandler
 .text.ADC1_2_IRQHandler
                0x08003cf0        0xc ./Application/User/stm32g4xx_mc_it.o
                0x08003cf0                ADC1_2_IRQHandler
 .text.TIM1_UP_TIM16_IRQHandler
                0x08003cfc       0x18 ./Application/User/stm32g4xx_mc_it.o
                0x08003cfc                TIM1_UP_TIM16_IRQHandler
 .text.TIM1_BRK_TIM15_IRQHandler
                0x08003d14       0x3c ./Application/User/stm32g4xx_mc_it.o
                0x08003d14                TIM1_BRK_TIM15_IRQHandler
 .text.DMA1_Channel1_IRQHandler
                0x08003d50       0x1c ./Application/User/stm32g4xx_mc_it.o
                0x08003d50                DMA1_Channel1_IRQHandler
 .text.USART2_IRQHandler
                0x08003d6c      0x114 ./Application/User/stm32g4xx_mc_it.o
                0x08003d6c                USART2_IRQHandler
 .text.HardFault_Handler
                0x08003e80        0x8 ./Application/User/stm32g4xx_mc_it.o
                0x08003e80                HardFault_Handler
 .text.SysTick_Handler
                0x08003e88       0x30 ./Application/User/stm32g4xx_mc_it.o
                0x08003e88                SysTick_Handler
 .text.EXTI15_10_IRQHandler
                0x08003eb8       0x18 ./Application/User/stm32g4xx_mc_it.o
                0x08003eb8                EXTI15_10_IRQHandler
 .text.UASPEP_INIT
                0x08003ed0       0x90 ./Application/User/usart_aspep_driver.o
                0x08003ed0                UASPEP_INIT
 .text.UASPEP_SEND_PACKET
                0x08003f60       0x38 ./Application/User/usart_aspep_driver.o
                0x08003f60                UASPEP_SEND_PACKET
 .text.UASPEP_RECEIVE_BUFFER
                0x08003f98       0x38 ./Application/User/usart_aspep_driver.o
                0x08003f98                UASPEP_RECEIVE_BUFFER
 .text.UASPEP_IDLE_ENABLE
                0x08003fd0       0x18 ./Application/User/usart_aspep_driver.o
                0x08003fd0                UASPEP_IDLE_ENABLE
 .text.SystemInit
                0x08003fe8       0x14 ./Drivers/CMSIS/system_stm32g4xx.o
                0x08003fe8                SystemInit
 .text.HAL_InitTick
                0x08003ffc       0x4c ./Drivers/STM32G4xx_HAL_Driver/stm32g4xx_hal.o
                0x08003ffc                HAL_InitTick
 .text.HAL_Init
                0x08004048       0x20 ./Drivers/STM32G4xx_HAL_Driver/stm32g4xx_hal.o
                0x08004048                HAL_Init
 .text.HAL_IncTick
                0x08004068       0x18 ./Drivers/STM32G4xx_HAL_Driver/stm32g4xx_hal.o
                0x08004068                HAL_IncTick
 .text.HAL_GetTick
                0x08004080        0xc ./Drivers/STM32G4xx_HAL_Driver/stm32g4xx_hal.o
                0x08004080                HAL_GetTick
 .text.HAL_ADC_Init
                0x0800408c      0x200 ./Drivers/STM32G4xx_HAL_Driver/stm32g4xx_hal_adc.o
                0x0800408c                HAL_ADC_Init
 .text.HAL_ADC_ConfigChannel
                0x0800428c      0x4a0 ./Drivers/STM32G4xx_HAL_Driver/stm32g4xx_hal_adc.o
                0x0800428c                HAL_ADC_ConfigChannel
 .text.HAL_ADCEx_InjectedConfigChannel
                0x0800472c      0x5b4 ./Drivers/STM32G4xx_HAL_Driver/stm32g4xx_hal_adc_ex.o
                0x0800472c                HAL_ADCEx_InjectedConfigChannel
 .text.HAL_ADCEx_MultiModeConfigChannel
                0x08004ce0       0xcc ./Drivers/STM32G4xx_HAL_Driver/stm32g4xx_hal_adc_ex.o
                0x08004ce0                HAL_ADCEx_MultiModeConfigChannel
 .text.HAL_CORDIC_Init
                0x08004dac       0x34 ./Drivers/STM32G4xx_HAL_Driver/stm32g4xx_hal_cordic.o
                0x08004dac                HAL_CORDIC_Init
 .text.HAL_NVIC_SetPriorityGrouping
                0x08004de0       0x24 ./Drivers/STM32G4xx_HAL_Driver/stm32g4xx_hal_cortex.o
                0x08004de0                HAL_NVIC_SetPriorityGrouping
 .text.HAL_NVIC_SetPriority
                0x08004e04       0x78 ./Drivers/STM32G4xx_HAL_Driver/stm32g4xx_hal_cortex.o
                0x08004e04                HAL_NVIC_SetPriority
 .text.HAL_NVIC_EnableIRQ
                0x08004e7c       0x1c ./Drivers/STM32G4xx_HAL_Driver/stm32g4xx_hal_cortex.o
                0x08004e7c                HAL_NVIC_EnableIRQ
 .text.HAL_SYSTICK_Config
                0x08004e98       0x34 ./Drivers/STM32G4xx_HAL_Driver/stm32g4xx_hal_cortex.o
                0x08004e98                HAL_SYSTICK_Config
 .text.HAL_SYSTICK_Callback
                0x08004ecc        0x4 ./Drivers/STM32G4xx_HAL_Driver/stm32g4xx_hal_cortex.o
                0x08004ecc                HAL_SYSTICK_Callback
 .text.HAL_SYSTICK_IRQHandler
                0x08004ed0        0x8 ./Drivers/STM32G4xx_HAL_Driver/stm32g4xx_hal_cortex.o
                0x08004ed0                HAL_SYSTICK_IRQHandler
 .text.HAL_DMA_Init
                0x08004ed8      0x124 ./Drivers/STM32G4xx_HAL_Driver/stm32g4xx_hal_dma.o
                0x08004ed8                HAL_DMA_Init
 .text.HAL_GPIO_Init
                0x08004ffc      0x210 ./Drivers/STM32G4xx_HAL_Driver/stm32g4xx_hal_gpio.o
                0x08004ffc                HAL_GPIO_Init
 .text.HAL_GPIO_WritePin
                0x0800520c        0xc ./Drivers/STM32G4xx_HAL_Driver/stm32g4xx_hal_gpio.o
                0x0800520c                HAL_GPIO_WritePin
 .text.HAL_PWREx_ControlVoltageScaling
                0x08005218       0xe4 ./Drivers/STM32G4xx_HAL_Driver/stm32g4xx_hal_pwr_ex.o
                0x08005218                HAL_PWREx_ControlVoltageScaling
 .text.HAL_PWREx_DisableUCPDDeadBattery
                0x080052fc       0x10 ./Drivers/STM32G4xx_HAL_Driver/stm32g4xx_hal_pwr_ex.o
                0x080052fc                HAL_PWREx_DisableUCPDDeadBattery
 .text.HAL_RCC_OscConfig
                0x0800530c      0x484 ./Drivers/STM32G4xx_HAL_Driver/stm32g4xx_hal_rcc.o
                0x0800530c                HAL_RCC_OscConfig
 .text.HAL_RCC_GetSysClockFreq
                0x08005790       0x70 ./Drivers/STM32G4xx_HAL_Driver/stm32g4xx_hal_rcc.o
                0x08005790                HAL_RCC_GetSysClockFreq
 .text.HAL_RCC_ClockConfig
                0x08005800      0x208 ./Drivers/STM32G4xx_HAL_Driver/stm32g4xx_hal_rcc.o
                0x08005800                HAL_RCC_ClockConfig
 .text.HAL_RCC_GetHCLKFreq
                0x08005a08        0xc ./Drivers/STM32G4xx_HAL_Driver/stm32g4xx_hal_rcc.o
                0x08005a08                HAL_RCC_GetHCLKFreq
 .text.HAL_RCC_GetPCLK1Freq
                0x08005a14       0x24 ./Drivers/STM32G4xx_HAL_Driver/stm32g4xx_hal_rcc.o
                0x08005a14                HAL_RCC_GetPCLK1Freq
 .text.HAL_RCC_GetPCLK2Freq
                0x08005a38       0x24 ./Drivers/STM32G4xx_HAL_Driver/stm32g4xx_hal_rcc.o
                0x08005a38                HAL_RCC_GetPCLK2Freq
 .text.HAL_RCC_EnableCSS
                0x08005a5c       0x10 ./Drivers/STM32G4xx_HAL_Driver/stm32g4xx_hal_rcc.o
                0x08005a5c                HAL_RCC_EnableCSS
 .text.HAL_RCCEx_PeriphCLKConfig
                0x08005a6c      0x2a0 ./Drivers/STM32G4xx_HAL_Driver/stm32g4xx_hal_rcc_ex.o
                0x08005a6c                HAL_RCCEx_PeriphCLKConfig
 .text.TIM_OC1_SetConfig
                0x08005d0c       0x78 ./Drivers/STM32G4xx_HAL_Driver/stm32g4xx_hal_tim.o
 .text.TIM_OC3_SetConfig
                0x08005d84       0x80 ./Drivers/STM32G4xx_HAL_Driver/stm32g4xx_hal_tim.o
 .text.TIM_OC4_SetConfig
                0x08005e04       0x84 ./Drivers/STM32G4xx_HAL_Driver/stm32g4xx_hal_tim.o
 .text.HAL_TIM_Base_Init
                0x08005e88       0xec ./Drivers/STM32G4xx_HAL_Driver/stm32g4xx_hal_tim.o
                0x08005e88                HAL_TIM_Base_Init
 .text.HAL_TIM_Base_Start_IT
                0x08005f74       0x70 ./Drivers/STM32G4xx_HAL_Driver/stm32g4xx_hal_tim.o
                0x08005f74                HAL_TIM_Base_Start_IT
 .text.HAL_TIM_PWM_MspInit
                0x08005fe4        0x4 ./Drivers/STM32G4xx_HAL_Driver/stm32g4xx_hal_tim.o
                0x08005fe4                HAL_TIM_PWM_MspInit
 .text.HAL_TIM_PWM_Init
                0x08005fe8       0xec ./Drivers/STM32G4xx_HAL_Driver/stm32g4xx_hal_tim.o
                0x08005fe8                HAL_TIM_PWM_Init
 .text.HAL_TIM_ConfigClockSource
                0x080060d4      0x19c ./Drivers/STM32G4xx_HAL_Driver/stm32g4xx_hal_tim.o
                0x080060d4                HAL_TIM_ConfigClockSource
 .text.HAL_TIM_SlaveConfigSynchro
                0x08006270      0x138 ./Drivers/STM32G4xx_HAL_Driver/stm32g4xx_hal_tim.o
                0x08006270                HAL_TIM_SlaveConfigSynchro
 .text.HAL_TIM_OC_DelayElapsedCallback
                0x080063a8        0x4 ./Drivers/STM32G4xx_HAL_Driver/stm32g4xx_hal_tim.o
                0x080063a8                HAL_TIM_OC_DelayElapsedCallback
 .text.HAL_TIM_IC_CaptureCallback
                0x080063ac        0x4 ./Drivers/STM32G4xx_HAL_Driver/stm32g4xx_hal_tim.o
                0x080063ac                HAL_TIM_IC_CaptureCallback
 .text.HAL_TIM_PWM_PulseFinishedCallback
                0x080063b0        0x4 ./Drivers/STM32G4xx_HAL_Driver/stm32g4xx_hal_tim.o
                0x080063b0                HAL_TIM_PWM_PulseFinishedCallback
 .text.HAL_TIM_TriggerCallback
                0x080063b4        0x4 ./Drivers/STM32G4xx_HAL_Driver/stm32g4xx_hal_tim.o
                0x080063b4                HAL_TIM_TriggerCallback
 .text.HAL_TIM_IRQHandler
                0x080063b8      0x1f4 ./Drivers/STM32G4xx_HAL_Driver/stm32g4xx_hal_tim.o
                0x080063b8                HAL_TIM_IRQHandler
 .text.TIM_OC2_SetConfig
                0x080065ac       0x84 ./Drivers/STM32G4xx_HAL_Driver/stm32g4xx_hal_tim.o
                0x080065ac                TIM_OC2_SetConfig
 .text.HAL_TIM_PWM_ConfigChannel
                0x08006630      0x1cc ./Drivers/STM32G4xx_HAL_Driver/stm32g4xx_hal_tim.o
                0x08006630                HAL_TIM_PWM_ConfigChannel
 .text.HAL_TIMEx_MasterConfigSynchronization
                0x080067fc       0xa4 ./Drivers/STM32G4xx_HAL_Driver/stm32g4xx_hal_tim_ex.o
                0x080067fc                HAL_TIMEx_MasterConfigSynchronization
 .text.HAL_TIMEx_ConfigBreakDeadTime
                0x080068a0       0x9c ./Drivers/STM32G4xx_HAL_Driver/stm32g4xx_hal_tim_ex.o
                0x080068a0                HAL_TIMEx_ConfigBreakDeadTime
 .text.HAL_TIMEx_ConfigBreakInput
                0x0800693c       0xb0 ./Drivers/STM32G4xx_HAL_Driver/stm32g4xx_hal_tim_ex.o
                0x0800693c                HAL_TIMEx_ConfigBreakInput
 .text.HAL_TIMEx_CommutCallback
                0x080069ec        0x4 ./Drivers/STM32G4xx_HAL_Driver/stm32g4xx_hal_tim_ex.o
                0x080069ec                HAL_TIMEx_CommutCallback
 .text.HAL_TIMEx_BreakCallback
                0x080069f0        0x4 ./Drivers/STM32G4xx_HAL_Driver/stm32g4xx_hal_tim_ex.o
                0x080069f0                HAL_TIMEx_BreakCallback
 .text.HAL_TIMEx_Break2Callback
                0x080069f4        0x4 ./Drivers/STM32G4xx_HAL_Driver/stm32g4xx_hal_tim_ex.o
                0x080069f4                HAL_TIMEx_Break2Callback
 .text.HAL_TIMEx_EncoderIndexCallback
                0x080069f8        0x4 ./Drivers/STM32G4xx_HAL_Driver/stm32g4xx_hal_tim_ex.o
                0x080069f8                HAL_TIMEx_EncoderIndexCallback
 .text.HAL_TIMEx_DirectionChangeCallback
                0x080069fc        0x4 ./Drivers/STM32G4xx_HAL_Driver/stm32g4xx_hal_tim_ex.o
                0x080069fc                HAL_TIMEx_DirectionChangeCallback
 .text.HAL_TIMEx_IndexErrorCallback
                0x08006a00        0x4 ./Drivers/STM32G4xx_HAL_Driver/stm32g4xx_hal_tim_ex.o
                0x08006a00                HAL_TIMEx_IndexErrorCallback
 .text.HAL_TIMEx_TransitionErrorCallback
                0x08006a04        0x4 ./Drivers/STM32G4xx_HAL_Driver/stm32g4xx_hal_tim_ex.o
                0x08006a04                HAL_TIMEx_TransitionErrorCallback
 .text.UART_SetConfig
                0x08006a08      0x294 ./Drivers/STM32G4xx_HAL_Driver/stm32g4xx_hal_uart.o
                0x08006a08                UART_SetConfig
 .text.UART_AdvFeatureConfig
                0x08006c9c       0xb0 ./Drivers/STM32G4xx_HAL_Driver/stm32g4xx_hal_uart.o
                0x08006c9c                UART_AdvFeatureConfig
 .text.UART_WaitOnFlagUntilTimeout
                0x08006d4c       0xec ./Drivers/STM32G4xx_HAL_Driver/stm32g4xx_hal_uart.o
                0x08006d4c                UART_WaitOnFlagUntilTimeout
 .text.HAL_UART_Init
                0x08006e38       0xd8 ./Drivers/STM32G4xx_HAL_Driver/stm32g4xx_hal_uart.o
                0x08006e38                HAL_UART_Init
 .text.HAL_UARTEx_DisableFifoMode
                0x08006f10       0x3c ./Drivers/STM32G4xx_HAL_Driver/stm32g4xx_hal_uart_ex.o
                0x08006f10                HAL_UARTEx_DisableFifoMode
 .text.HAL_UARTEx_SetTxFifoThreshold
                0x08006f4c       0x84 ./Drivers/STM32G4xx_HAL_Driver/stm32g4xx_hal_uart_ex.o
                0x08006f4c                HAL_UARTEx_SetTxFifoThreshold
 .text.HAL_UARTEx_SetRxFifoThreshold
                0x08006fd0       0x84 ./Drivers/STM32G4xx_HAL_Driver/stm32g4xx_hal_uart_ex.o
                0x08006fd0                HAL_UARTEx_SetRxFifoThreshold
 .text.VBS_GetAvBusVoltage_d
                0x08007054        0x4 ./Middlewares/MotorControl/bus_voltage_sensor.o
                0x08007054                VBS_GetAvBusVoltage_d
 .text.VBS_GetAvBusVoltage_V
                0x08007058        0xc ./Middlewares/MotorControl/bus_voltage_sensor.o
                0x08007058                VBS_GetAvBusVoltage_V
 .text.Circle_Limitation
                0x08007064       0x5c ./Middlewares/MotorControl/circle_limitation.o
                0x08007064                Circle_Limitation
 .text.MCP_ReceivedPacket
                0x080070c0      0x170 ./Middlewares/MotorControl/mcp.o
                0x080070c0                MCP_ReceivedPacket
 .text.MCPA_dataLog
                0x08007230      0x180 ./Middlewares/MotorControl/mcpa.o
                0x08007230                MCPA_dataLog
 .text.MCPA_flushDataLog
                0x080073b0       0x5c ./Middlewares/MotorControl/mcpa.o
                0x080073b0                MCPA_flushDataLog
 .text.MCPA_cfgLog
                0x0800740c       0xf0 ./Middlewares/MotorControl/mcpa.o
                0x0800740c                MCPA_cfgLog
 .text.NTC_SetFaultState
                0x080074fc       0x1c ./Middlewares/MotorControl/ntc_temperature_sensor.o
                0x080074fc                NTC_SetFaultState
 .text.NTC_Clear
                0x08007518        0x8 ./Middlewares/MotorControl/ntc_temperature_sensor.o
                0x08007518                NTC_Clear
 .text.NTC_Init
                0x08007520       0x24 ./Middlewares/MotorControl/ntc_temperature_sensor.o
                0x08007520                NTC_Init
 .text.NTC_CalcAvTemp
                0x08007544       0x38 ./Middlewares/MotorControl/ntc_temperature_sensor.o
                0x08007544                NTC_CalcAvTemp
 .text.NTC_GetAvTemp_C
                0x0800757c       0x24 ./Middlewares/MotorControl/ntc_temperature_sensor.o
                0x0800757c                NTC_GetAvTemp_C
 .text.PID_HandleInit
                0x080075a0       0x10 ./Middlewares/MotorControl/pid_regulator.o
                0x080075a0                PID_HandleInit
 .text.PID_SetKP
                0x080075b0        0x4 ./Middlewares/MotorControl/pid_regulator.o
                0x080075b0                PID_SetKP
 .text.PID_SetKI
                0x080075b4        0x4 ./Middlewares/MotorControl/pid_regulator.o
                0x080075b4                PID_SetKI
 .text.PID_GetKP
                0x080075b8        0x8 ./Middlewares/MotorControl/pid_regulator.o
                0x080075b8                PID_GetKP
 .text.PID_GetKI
                0x080075c0        0x8 ./Middlewares/MotorControl/pid_regulator.o
                0x080075c0                PID_GetKI
 .text.PID_SetIntegralTerm
                0x080075c8        0x4 ./Middlewares/MotorControl/pid_regulator.o
                0x080075c8                PID_SetIntegralTerm
 .text.PID_GetKPDivisorPOW2
                0x080075cc        0x4 ./Middlewares/MotorControl/pid_regulator.o
                0x080075cc                PID_GetKPDivisorPOW2
 .text.PID_SetKPDivisorPOW2
                0x080075d0        0xc ./Middlewares/MotorControl/pid_regulator.o
                0x080075d0                PID_SetKPDivisorPOW2
 .text.PID_GetKIDivisor
                0x080075dc        0x4 ./Middlewares/MotorControl/pid_regulator.o
                0x080075dc                PID_GetKIDivisor
 .text.PID_GetKIDivisorPOW2
                0x080075e0        0x4 ./Middlewares/MotorControl/pid_regulator.o
                0x080075e0                PID_GetKIDivisorPOW2
 .text.PID_SetLowerIntegralTermLimit
                0x080075e4        0x4 ./Middlewares/MotorControl/pid_regulator.o
                0x080075e4                PID_SetLowerIntegralTermLimit
 .text.PID_SetUpperIntegralTermLimit
                0x080075e8        0x4 ./Middlewares/MotorControl/pid_regulator.o
                0x080075e8                PID_SetUpperIntegralTermLimit
 .text.PID_SetKIDivisorPOW2
                0x080075ec       0x28 ./Middlewares/MotorControl/pid_regulator.o
                0x080075ec                PID_SetKIDivisorPOW2
 .text.PID_SetKD
                0x08007614        0x4 ./Middlewares/MotorControl/pid_regulator.o
                0x08007614                PID_SetKD
 .text.PID_GetKD
                0x08007618        0x8 ./Middlewares/MotorControl/pid_regulator.o
                0x08007618                PID_GetKD
 .text.PID_GetKDDivisorPOW2
                0x08007620        0x4 ./Middlewares/MotorControl/pid_regulator.o
                0x08007620                PID_GetKDDivisorPOW2
 .text.PID_SetKDDivisorPOW2
                0x08007624        0xc ./Middlewares/MotorControl/pid_regulator.o
                0x08007624                PID_SetKDDivisorPOW2
 .text.PI_Controller
                0x08007630       0x80 ./Middlewares/MotorControl/pid_regulator.o
                0x08007630                PI_Controller
 .text.PQD_CalcElMotorPower
                0x080076b0       0x34 ./Middlewares/MotorControl/pqd_motor_power_measurement.o
                0x080076b0                PQD_CalcElMotorPower
 .text.PQD_Clear
                0x080076e4        0x8 ./Middlewares/MotorControl/pqd_motor_power_measurement.o
                0x080076e4                PQD_Clear
 .text.PQD_GetAvrgElMotorPowerW
                0x080076ec       0x24 ./Middlewares/MotorControl/pqd_motor_power_measurement.o
                0x080076ec                PQD_GetAvrgElMotorPowerW
 .text.startTimers
                0x08007710       0x74 ./Middlewares/MotorControl/pwm_common.o
                0x08007710                startTimers
 .text.waitForPolarizationEnd
                0x08007784       0x3c ./Middlewares/MotorControl/pwm_common.o
                0x08007784                waitForPolarizationEnd
 .text.R3_2_ADCxInit
                0x080077c0       0xb4 ./Middlewares/MotorControl/r3_2_g4xx_pwm_curr_fdbk.o
 .text.R3_2_GetPhaseCurrents
                0x08007874      0x174 ./Middlewares/MotorControl/r3_2_g4xx_pwm_curr_fdbk.o
                0x08007874                R3_2_GetPhaseCurrents
 .text.R3_2_SetADCSampPointPolarization
                0x080079e8       0x40 ./Middlewares/MotorControl/r3_2_g4xx_pwm_curr_fdbk.o
                0x080079e8                R3_2_SetADCSampPointPolarization
 .text.R3_2_HFCurrentsPolarizationAB
                0x08007a28       0x54 ./Middlewares/MotorControl/r3_2_g4xx_pwm_curr_fdbk.o
 .text.R3_2_HFCurrentsPolarizationC
                0x08007a7c       0x4c ./Middlewares/MotorControl/r3_2_g4xx_pwm_curr_fdbk.o
 .text.R3_2_TurnOnLowSides
                0x08007ac8       0x50 ./Middlewares/MotorControl/r3_2_g4xx_pwm_curr_fdbk.o
                0x08007ac8                R3_2_TurnOnLowSides
 .text.R3_2_SwitchOnPWM
                0x08007b18       0x94 ./Middlewares/MotorControl/r3_2_g4xx_pwm_curr_fdbk.o
                0x08007b18                R3_2_SwitchOnPWM
 .text.R3_2_SwitchOffPWM
                0x08007bac       0x80 ./Middlewares/MotorControl/r3_2_g4xx_pwm_curr_fdbk.o
                0x08007bac                R3_2_SwitchOffPWM
 .text.R3_2_RLGetPhaseCurrents
                0x08007c2c       0x54 ./Middlewares/MotorControl/r3_2_g4xx_pwm_curr_fdbk.o
 .text.R3_2_RLTurnOnLowSides
                0x08007c80       0x4c ./Middlewares/MotorControl/r3_2_g4xx_pwm_curr_fdbk.o
 .text.R3_2_RLSwitchOnPWM
                0x08007ccc       0xb4 ./Middlewares/MotorControl/r3_2_g4xx_pwm_curr_fdbk.o
 .text.R3_2_SetAOReferenceVoltage
                0x08007d80       0x98 ./Middlewares/MotorControl/r3_2_g4xx_pwm_curr_fdbk.o
 .text.R3_2_Init
                0x08007e18      0x288 ./Middlewares/MotorControl/r3_2_g4xx_pwm_curr_fdbk.o
                0x08007e18                R3_2_Init
 .text.R3_2_SetOffsetCalib
                0x080080a0       0x1c ./Middlewares/MotorControl/r3_2_g4xx_pwm_curr_fdbk.o
                0x080080a0                R3_2_SetOffsetCalib
 .text.R3_2_GetOffsetCalib
                0x080080bc       0x10 ./Middlewares/MotorControl/r3_2_g4xx_pwm_curr_fdbk.o
                0x080080bc                R3_2_GetOffsetCalib
 .text.R3_2_CurrentReadingPolarization
                0x080080cc      0x168 ./Middlewares/MotorControl/r3_2_g4xx_pwm_curr_fdbk.o
                0x080080cc                R3_2_CurrentReadingPolarization
 .text.R3_2_SetADCSampPointSectX
                0x08008234       0x8c ./Middlewares/MotorControl/r3_2_g4xx_pwm_curr_fdbk.o
                0x08008234                R3_2_SetADCSampPointSectX
 .text.R3_2_TIMx_UP_IRQHandler
                0x080082c0       0x88 ./Middlewares/MotorControl/r3_2_g4xx_pwm_curr_fdbk.o
                0x080082c0                R3_2_TIMx_UP_IRQHandler
 .text.R3_2_BRK2_IRQHandler
                0x08008348       0x48 ./Middlewares/MotorControl/r3_2_g4xx_pwm_curr_fdbk.o
                0x08008348                R3_2_BRK2_IRQHandler
 .text.R3_2_BRK_IRQHandler
                0x08008390       0x20 ./Middlewares/MotorControl/r3_2_g4xx_pwm_curr_fdbk.o
                0x08008390                R3_2_BRK_IRQHandler
 .text.R3_2_IsOverCurrentOccurred
                0x080083b0       0x28 ./Middlewares/MotorControl/r3_2_g4xx_pwm_curr_fdbk.o
                0x080083b0                R3_2_IsOverCurrentOccurred
 .text.R3_2_RLDetectionModeEnable
                0x080083d8       0xd4 ./Middlewares/MotorControl/r3_2_g4xx_pwm_curr_fdbk.o
                0x080083d8                R3_2_RLDetectionModeEnable
 .text.R3_2_RLDetectionModeDisable
                0x080084ac      0x12c ./Middlewares/MotorControl/r3_2_g4xx_pwm_curr_fdbk.o
                0x080084ac                R3_2_RLDetectionModeDisable
 .text.R3_2_RLDetectionModeSetDuty
                0x080085d8       0x84 ./Middlewares/MotorControl/r3_2_g4xx_pwm_curr_fdbk.o
                0x080085d8                R3_2_RLDetectionModeSetDuty
 .text.RVBS_Clear
                0x0800865c       0x3c ./Middlewares/MotorControl/r_divider_bus_voltage_sensor.o
                0x0800865c                RVBS_Clear
 .text.RVBS_Init
                0x08008698       0x18 ./Middlewares/MotorControl/r_divider_bus_voltage_sensor.o
                0x08008698                RVBS_Init
 .text.RVBS_CheckFaultState
                0x080086b0       0x50 ./Middlewares/MotorControl/r_divider_bus_voltage_sensor.o
                0x080086b0                RVBS_CheckFaultState
 .text.RVBS_CalcAvVbus
                0x08008700       0x68 ./Middlewares/MotorControl/r_divider_bus_voltage_sensor.o
                0x08008700                RVBS_CalcAvVbus
 .text.REMNG_Init
                0x08008768       0x10 ./Middlewares/MotorControl/ramp_ext_mngr.o
                0x08008768                REMNG_Init
 .text.REMNG_Calc
                0x08008778       0x44 ./Middlewares/MotorControl/ramp_ext_mngr.o
                0x08008778                REMNG_Calc
 .text.REMNG_RampCompleted
                0x080087bc        0xc ./Middlewares/MotorControl/ramp_ext_mngr.o
                0x080087bc                REMNG_RampCompleted
 .text.getScalingFactor
                0x080087c8       0x38 ./Middlewares/MotorControl/ramp_ext_mngr.o
                0x080087c8                getScalingFactor
 .text.REMNG_ExecRamp
                0x08008800       0x8c ./Middlewares/MotorControl/ramp_ext_mngr.o
                0x08008800                REMNG_ExecRamp
 .text.RUC_Init
                0x0800888c       0x7c ./Middlewares/MotorControl/revup_ctrl.o
                0x0800888c                RUC_Init
 .text.RUC_Clear
                0x08008908       0x88 ./Middlewares/MotorControl/revup_ctrl.o
                0x08008908                RUC_Clear
 .text.RUC_Exec
                0x08008990       0x6c ./Middlewares/MotorControl/revup_ctrl.o
                0x08008990                RUC_Exec
 .text.RUC_FirstAccelerationStageReached
                0x080089fc       0x14 ./Middlewares/MotorControl/revup_ctrl.o
                0x080089fc                RUC_FirstAccelerationStageReached
 .text.RUC_SetPhase
                0x08008a10       0x1c ./Middlewares/MotorControl/revup_ctrl.o
                0x08008a10                RUC_SetPhase
 .text.RUC_GetNumberOfPhases
                0x08008a2c        0x8 ./Middlewares/MotorControl/revup_ctrl.o
                0x08008a2c                RUC_GetNumberOfPhases
 .text.RUC_GetPhase
                0x08008a34       0x20 ./Middlewares/MotorControl/revup_ctrl.o
                0x08008a34                RUC_GetPhase
 .text.SPD_GetElAngle
                0x08008a54        0x8 ./Middlewares/MotorControl/speed_pos_fdbk.o
                0x08008a54                SPD_GetElAngle
 .text.SPD_GetAvrgMecSpeedUnit
                0x08008a5c        0x8 ./Middlewares/MotorControl/speed_pos_fdbk.o
                0x08008a5c                SPD_GetAvrgMecSpeedUnit
 .text.SPD_GetInstElSpeedDpp
                0x08008a64        0x8 ./Middlewares/MotorControl/speed_pos_fdbk.o
                0x08008a64                SPD_GetInstElSpeedDpp
 .text.SPD_IsMecSpeedReliable
                0x08008a6c       0x6c ./Middlewares/MotorControl/speed_pos_fdbk.o
                0x08008a6c                SPD_IsMecSpeedReliable
 .text.SPD_GetS16Speed
                0x08008ad8       0x14 ./Middlewares/MotorControl/speed_pos_fdbk.o
                0x08008ad8                SPD_GetS16Speed
 .text.STC_Init
                0x08008aec       0x2c ./Middlewares/MotorControl/speed_torq_ctrl.o
                0x08008aec                STC_Init
 .text.STC_SetSpeedSensor
                0x08008b18        0x4 ./Middlewares/MotorControl/speed_torq_ctrl.o
                0x08008b18                STC_SetSpeedSensor
 .text.STC_GetSpeedSensor
                0x08008b1c        0x4 ./Middlewares/MotorControl/speed_torq_ctrl.o
                0x08008b1c                STC_GetSpeedSensor
 .text.STC_Clear
                0x08008b20       0x10 ./Middlewares/MotorControl/speed_torq_ctrl.o
                0x08008b20                STC_Clear
 .text.STC_GetMecSpeedRefUnit
                0x08008b30        0x8 ./Middlewares/MotorControl/speed_torq_ctrl.o
                0x08008b30                STC_GetMecSpeedRefUnit
 .text.STC_GetTorqueRef
                0x08008b38        0x8 ./Middlewares/MotorControl/speed_torq_ctrl.o
                0x08008b38                STC_GetTorqueRef
 .text.STC_SetControlMode
                0x08008b40        0x8 ./Middlewares/MotorControl/speed_torq_ctrl.o
                0x08008b40                STC_SetControlMode
 .text.STC_ExecRamp
                0x08008b48       0x80 ./Middlewares/MotorControl/speed_torq_ctrl.o
                0x08008b48                STC_ExecRamp
 .text.STC_StopRamp
                0x08008bc8        0x8 ./Middlewares/MotorControl/speed_torq_ctrl.o
                0x08008bc8                STC_StopRamp
 .text.STC_CalcTorqueReference
                0x08008bd0       0x6c ./Middlewares/MotorControl/speed_torq_ctrl.o
                0x08008bd0                STC_CalcTorqueReference
 .text.STC_GetMecSpeedRefUnitDefault
                0x08008c3c        0x8 ./Middlewares/MotorControl/speed_torq_ctrl.o
                0x08008c3c                STC_GetMecSpeedRefUnitDefault
 .text.STC_GetDefaultIqdref
                0x08008c44       0x1c ./Middlewares/MotorControl/speed_torq_ctrl.o
                0x08008c44                STC_GetDefaultIqdref
 .text.STC_ForceSpeedReferenceToCurrentSpeed
                0x08008c60       0x10 ./Middlewares/MotorControl/speed_torq_ctrl.o
                0x08008c60                STC_ForceSpeedReferenceToCurrentSpeed
 .text.STO_PLL_CalcElAngle
                0x08008c70      0x1e4 ./Middlewares/MotorControl/sto_pll_speed_pos_fdbk.o
                0x08008c70                STO_PLL_CalcElAngle
 .text.STO_PLL_CalcAvrgMecSpeedUnit
                0x08008e54      0x144 ./Middlewares/MotorControl/sto_pll_speed_pos_fdbk.o
                0x08008e54                STO_PLL_CalcAvrgMecSpeedUnit
 .text.STO_PLL_CalcAvrgElSpeedDpp
                0x08008f98       0x58 ./Middlewares/MotorControl/sto_pll_speed_pos_fdbk.o
                0x08008f98                STO_PLL_CalcAvrgElSpeedDpp
 .text.STO_PLL_Clear
                0x08008ff0       0x4c ./Middlewares/MotorControl/sto_pll_speed_pos_fdbk.o
                0x08008ff0                STO_PLL_Clear
 .text.STO_PLL_Init
                0x0800903c       0x74 ./Middlewares/MotorControl/sto_pll_speed_pos_fdbk.o
                0x0800903c                STO_PLL_Init
 .text.STO_PLL_IsObserverConverged
                0x080090b0       0xcc ./Middlewares/MotorControl/sto_pll_speed_pos_fdbk.o
                0x080090b0                STO_PLL_IsObserverConverged
 .text.STO_PLL_GetEstimatedBemf
                0x0800917c       0x18 ./Middlewares/MotorControl/sto_pll_speed_pos_fdbk.o
                0x0800917c                STO_PLL_GetEstimatedBemf
 .text.STO_PLL_GetEstimatedCurrent
                0x08009194       0x24 ./Middlewares/MotorControl/sto_pll_speed_pos_fdbk.o
                0x08009194                STO_PLL_GetEstimatedCurrent
 .text.STO_PLL_GetObserverGains
                0x080091b8       0x10 ./Middlewares/MotorControl/sto_pll_speed_pos_fdbk.o
                0x080091b8                STO_PLL_GetObserverGains
 .text.STO_PLL_SetObserverGains
                0x080091c8        0x8 ./Middlewares/MotorControl/sto_pll_speed_pos_fdbk.o
                0x080091c8                STO_PLL_SetObserverGains
 .text.STO_OTF_ResetPLL
                0x080091d0        0xc ./Middlewares/MotorControl/sto_pll_speed_pos_fdbk.o
                0x080091d0                STO_OTF_ResetPLL
 .text.STO_ResetPLL
                0x080091dc        0x8 ./Middlewares/MotorControl/sto_pll_speed_pos_fdbk.o
                0x080091dc                STO_ResetPLL
 .text.STO_PLL_GetEstimatedBemfLevel
                0x080091e4        0x8 ./Middlewares/MotorControl/sto_pll_speed_pos_fdbk.o
                0x080091e4                STO_PLL_GetEstimatedBemfLevel
 .text.STO_PLL_GetObservedBemfLevel
                0x080091ec        0x8 ./Middlewares/MotorControl/sto_pll_speed_pos_fdbk.o
                0x080091ec                STO_PLL_GetObservedBemfLevel
 .text.STO_PLL_IsVarianceTight
                0x080091f4        0x8 ./Middlewares/MotorControl/sto_pll_speed_pos_fdbk.o
                0x080091f4                STO_PLL_IsVarianceTight
 .text.STO_PLL_ForceConvergency1
                0x080091fc        0xc ./Middlewares/MotorControl/sto_pll_speed_pos_fdbk.o
                0x080091fc                STO_PLL_ForceConvergency1
 .text.STO_PLL_ForceConvergency2
                0x08009208        0xc ./Middlewares/MotorControl/sto_pll_speed_pos_fdbk.o
                0x08009208                STO_PLL_ForceConvergency2
 .text.STO_SetDirection
                0x08009214        0x8 ./Middlewares/MotorControl/sto_pll_speed_pos_fdbk.o
                0x08009214                STO_SetDirection
 .text.VSS_Clear
                0x0800921c       0x1c ./Middlewares/MotorControl/virtual_speed_sensor.o
                0x0800921c                VSS_Clear
 .text.VSS_Init
                0x08009238        0x8 ./Middlewares/MotorControl/virtual_speed_sensor.o
                0x08009238                VSS_Init
 .text.VSS_CalcElAngle
                0x08009240       0xa4 ./Middlewares/MotorControl/virtual_speed_sensor.o
                0x08009240                VSS_CalcElAngle
 .text.VSS_CalcAvrgMecSpeedUnit
                0x080092e4       0xa4 ./Middlewares/MotorControl/virtual_speed_sensor.o
                0x080092e4                VSS_CalcAvrgMecSpeedUnit
 .text.VSS_SetMecAngle
                0x08009388       0x10 ./Middlewares/MotorControl/virtual_speed_sensor.o
                0x08009388                VSS_SetMecAngle
 .text.VSS_SetMecAcceleration
                0x08009398       0x78 ./Middlewares/MotorControl/virtual_speed_sensor.o
                0x08009398                VSS_SetMecAcceleration
 .text.VSS_SetStartTransition
                0x08009410       0x1c ./Middlewares/MotorControl/virtual_speed_sensor.o
                0x08009410                VSS_SetStartTransition
 .text.VSS_TransitionEnded
                0x0800942c        0x8 ./Middlewares/MotorControl/virtual_speed_sensor.o
                0x0800942c                VSS_TransitionEnded
 .text.memset   0x08009434       0x10 C:/ST/STM32CubeIDE_1.15.0/STM32CubeIDE/plugins/com.st.stm32cube.ide.mcu.externaltools.gnu-tools-for-stm32.12.3.rel1.win32_1.0.100.202403111256/tools/bin/../lib/gcc/arm-none-eabi/12.3.1/../../../../arm-none-eabi/lib/thumb/v7e-m+fp/hard\libc_nano.a(libc_a-memset.o)
                0x08009434                memset
 .text.__libc_init_array
                0x08009444       0x48 C:/ST/STM32CubeIDE_1.15.0/STM32CubeIDE/plugins/com.st.stm32cube.ide.mcu.externaltools.gnu-tools-for-stm32.12.3.rel1.win32_1.0.100.202403111256/tools/bin/../lib/gcc/arm-none-eabi/12.3.1/../../../../arm-none-eabi/lib/thumb/v7e-m+fp/hard\libc_nano.a(libc_a-init.o)
                0x08009444                __libc_init_array
 .text.memcpy   0x0800948c       0x1c C:/ST/STM32CubeIDE_1.15.0/STM32CubeIDE/plugins/com.st.stm32cube.ide.mcu.externaltools.gnu-tools-for-stm32.12.3.rel1.win32_1.0.100.202403111256/tools/bin/../lib/gcc/arm-none-eabi/12.3.1/../../../../arm-none-eabi/lib/thumb/v7e-m+fp/hard\libc_nano.a(libc_a-memcpy-stub.o)
                0x0800948c                memcpy
 *(.glue_7)
 .glue_7        0x080094a8        0x0 linker stubs
 *(.glue_7t)
 .glue_7t       0x080094a8        0x0 linker stubs
 *(.eh_frame)
 .eh_frame      0x080094a8        0x0 C:/ST/STM32CubeIDE_1.15.0/STM32CubeIDE/plugins/com.st.stm32cube.ide.mcu.externaltools.gnu-tools-for-stm32.12.3.rel1.win32_1.0.100.202403111256/tools/bin/../lib/gcc/arm-none-eabi/12.3.1/thumb/v7e-m+fp/hard/crtbegin.o
 *(.init)
 .init          0x080094a8        0x4 C:/ST/STM32CubeIDE_1.15.0/STM32CubeIDE/plugins/com.st.stm32cube.ide.mcu.externaltools.gnu-tools-for-stm32.12.3.rel1.win32_1.0.100.202403111256/tools/bin/../lib/gcc/arm-none-eabi/12.3.1/thumb/v7e-m+fp/hard/crti.o
                0x080094a8                _init
 .init          0x080094ac        0x8 C:/ST/STM32CubeIDE_1.15.0/STM32CubeIDE/plugins/com.st.stm32cube.ide.mcu.externaltools.gnu-tools-for-stm32.12.3.rel1.win32_1.0.100.202403111256/tools/bin/../lib/gcc/arm-none-eabi/12.3.1/thumb/v7e-m+fp/hard/crtn.o
 *(.fini)
 .fini          0x080094b4        0x4 C:/ST/STM32CubeIDE_1.15.0/STM32CubeIDE/plugins/com.st.stm32cube.ide.mcu.externaltools.gnu-tools-for-stm32.12.3.rel1.win32_1.0.100.202403111256/tools/bin/../lib/gcc/arm-none-eabi/12.3.1/thumb/v7e-m+fp/hard/crti.o
                0x080094b4                _fini
 .fini          0x080094b8        0x8 C:/ST/STM32CubeIDE_1.15.0/STM32CubeIDE/plugins/com.st.stm32cube.ide.mcu.externaltools.gnu-tools-for-stm32.12.3.rel1.win32_1.0.100.202403111256/tools/bin/../lib/gcc/arm-none-eabi/12.3.1/thumb/v7e-m+fp/hard/crtn.o
                0x080094c0                        . = ALIGN (0x4)
                0x080094c0                        _etext = .

.vfp11_veneer   0x080094c0        0x0
 .vfp11_veneer  0x080094c0        0x0 linker stubs

.v4_bx          0x080094c0        0x0
 .v4_bx         0x080094c0        0x0 linker stubs

.iplt           0x080094c0        0x0
 .iplt          0x080094c0        0x0 C:/ST/STM32CubeIDE_1.15.0/STM32CubeIDE/plugins/com.st.stm32cube.ide.mcu.externaltools.gnu-tools-for-stm32.12.3.rel1.win32_1.0.100.202403111256/tools/bin/../lib/gcc/arm-none-eabi/12.3.1/thumb/v7e-m+fp/hard/crtbegin.o

.rodata         0x080094c0      0x3d8
                0x080094c0                        . = ALIGN (0x4)
 *(.rodata)
 *(.rodata*)
 .rodata.CRC4_Lookup4
                0x080094c0       0x10 ./Application/User/aspep.o
 .rodata.CRC4_Lookup8
                0x080094d0      0x100 ./Application/User/aspep.o
 .rodata.M1_FOCConfig_reg
                0x080095d0        0xe ./Application/User/mc_configuration_registers.o
 *fill*         0x080095de        0x2 
 .rodata.M1_MotorConfig_reg
                0x080095e0       0x3c ./Application/User/mc_configuration_registers.o
                0x080095e0                M1_MotorConfig_reg
 .rodata.M1_ApplicationConfig_reg
                0x0800961c        0xe ./Application/User/mc_configuration_registers.o
 *fill*         0x0800962a        0x2 
 .rodata.globalConfig_reg
                0x0800962c        0xa ./Application/User/mc_configuration_registers.o
                0x0800962c                globalConfig_reg
 *fill*         0x08009636        0x2 
 .rodata.FIRMWARE_NAME
                0x08009638       0x14 ./Application/User/mc_configuration_registers.o
                0x08009638                FIRMWARE_NAME
 .rodata.M1_PWR_BOARD
                0x0800964c       0x11 ./Application/User/mc_configuration_registers.o
 *fill*         0x0800965d        0x3 
 .rodata.CTL_BOARD
                0x08009660        0xe ./Application/User/mc_configuration_registers.o
                0x08009660                CTL_BOARD
 *fill*         0x0800966e        0x2 
 .rodata.R3_2_ParamsM1
                0x08009670       0xcc ./Application/User/mc_parameters.o
                0x08009670                R3_2_ParamsM1
 .rodata.CSWTCH.43
                0x0800973c       0x11 ./Application/User/register_interface.o
 *fill*         0x0800974d        0x3 
 .rodata.CHANNEL_OFFSET_TAB
                0x08009750        0x6 ./Application/User/usart_aspep_driver.o
 *fill*         0x08009756        0x2 
 .rodata.APBPrescTable
                0x08009758        0x8 ./Drivers/CMSIS/system_stm32g4xx.o
                0x08009758                APBPrescTable
 .rodata.AHBPrescTable
                0x08009760       0x10 ./Drivers/CMSIS/system_stm32g4xx.o
                0x08009760                AHBPrescTable
 .rodata.CSWTCH.115
                0x08009770       0x40 ./Drivers/STM32G4xx_HAL_Driver/stm32g4xx_hal_tim_ex.o
 .rodata.CSWTCH.114
                0x080097b0       0x40 ./Drivers/STM32G4xx_HAL_Driver/stm32g4xx_hal_tim_ex.o
 .rodata.CSWTCH.113
                0x080097f0       0x40 ./Drivers/STM32G4xx_HAL_Driver/stm32g4xx_hal_tim_ex.o
 .rodata.CSWTCH.112
                0x08009830       0x40 ./Drivers/STM32G4xx_HAL_Driver/stm32g4xx_hal_tim_ex.o
 .rodata.UARTPrescTable
                0x08009870       0x18 ./Drivers/STM32G4xx_HAL_Driver/stm32g4xx_hal_uart.o
                0x08009870                UARTPrescTable
 .rodata.denominator.0
                0x08009888        0x8 ./Drivers/STM32G4xx_HAL_Driver/stm32g4xx_hal_uart_ex.o
 .rodata.numerator.1
                0x08009890        0x8 ./Drivers/STM32G4xx_HAL_Driver/stm32g4xx_hal_uart_ex.o
                0x08009898                        . = ALIGN (0x4)

.ARM.extab      0x08009898        0x0
                0x08009898                        . = ALIGN (0x4)
 *(.ARM.extab* .gnu.linkonce.armextab.*)
                0x08009898                        . = ALIGN (0x4)

.ARM            0x08009898        0x8
                0x08009898                        . = ALIGN (0x4)
                0x08009898                        __exidx_start = .
 *(.ARM.exidx*)
 .ARM.exidx     0x08009898        0x8 C:/ST/STM32CubeIDE_1.15.0/STM32CubeIDE/plugins/com.st.stm32cube.ide.mcu.externaltools.gnu-tools-for-stm32.12.3.rel1.win32_1.0.100.202403111256/tools/bin/../lib/gcc/arm-none-eabi/12.3.1/thumb/v7e-m+fp/hard\libgcc.a(_udivmoddi4.o)
                0x080098a0                        __exidx_end = .
                0x080098a0                        . = ALIGN (0x4)

.rel.dyn        0x080098a0        0x0
 .rel.iplt      0x080098a0        0x0 C:/ST/STM32CubeIDE_1.15.0/STM32CubeIDE/plugins/com.st.stm32cube.ide.mcu.externaltools.gnu-tools-for-stm32.12.3.rel1.win32_1.0.100.202403111256/tools/bin/../lib/gcc/arm-none-eabi/12.3.1/thumb/v7e-m+fp/hard/crtbegin.o

.preinit_array  0x080098a0        0x0
                0x080098a0                        . = ALIGN (0x4)
                0x080098a0                        PROVIDE (__preinit_array_start = .)
 *(.preinit_array*)
                0x080098a0                        PROVIDE (__preinit_array_end = .)
                0x080098a0                        . = ALIGN (0x4)

.init_array     0x080098a0        0x4
                0x080098a0                        . = ALIGN (0x4)
                0x080098a0                        PROVIDE (__init_array_start = .)
 *(SORT_BY_NAME(.init_array.*))
 *(.init_array*)
 .init_array    0x080098a0        0x4 C:/ST/STM32CubeIDE_1.15.0/STM32CubeIDE/plugins/com.st.stm32cube.ide.mcu.externaltools.gnu-tools-for-stm32.12.3.rel1.win32_1.0.100.202403111256/tools/bin/../lib/gcc/arm-none-eabi/12.3.1/thumb/v7e-m+fp/hard/crtbegin.o
                0x080098a4                        PROVIDE (__init_array_end = .)
                0x080098a4                        . = ALIGN (0x4)

.fini_array     0x080098a4        0x4
                0x080098a4                        . = ALIGN (0x4)
                [!provide]                        PROVIDE (__fini_array_start = .)
 *(SORT_BY_NAME(.fini_array.*))
 *(.fini_array*)
 .fini_array    0x080098a4        0x4 C:/ST/STM32CubeIDE_1.15.0/STM32CubeIDE/plugins/com.st.stm32cube.ide.mcu.externaltools.gnu-tools-for-stm32.12.3.rel1.win32_1.0.100.202403111256/tools/bin/../lib/gcc/arm-none-eabi/12.3.1/thumb/v7e-m+fp/hard/crtbegin.o
                [!provide]                        PROVIDE (__fini_array_end = .)
                0x080098a8                        . = ALIGN (0x4)
                0x080098a8                        _sidata = LOADADDR (.data)

.data           0x20000000      0x560 load address 0x080098a8
                0x20000000                        . = ALIGN (0x4)
                0x20000000                        _sdata = .
 *(.data)
 *(.data*)
 .data.Durationms
                0x20000000        0x2 ./Application/User/main.o
                0x20000000                Durationms
 *fill*         0x20000002        0x2 
 .data.pMPM     0x20000004        0x4 ./Application/User/mc_config.o
                0x20000004                pMPM
 .data.pPIDId   0x20000008        0x4 ./Application/User/mc_config.o
                0x20000008                pPIDId
 .data.pPIDIq   0x2000000c        0x4 ./Application/User/mc_config.o
                0x2000000c                pPIDIq
 .data.pTemperatureSensor
                0x20000010        0x4 ./Application/User/mc_config.o
                0x20000010                pTemperatureSensor
 .data.pSTC     0x20000014        0x4 ./Application/User/mc_config.o
                0x20000014                pSTC
 .data.CircleLimitationM1
                0x20000018       0xb4 ./Application/User/mc_config.o
                0x20000018                CircleLimitationM1
 .data.RampExtMngrHFParamsM1
                0x200000cc       0x18 ./Application/User/mc_config.o
                0x200000cc                RampExtMngrHFParamsM1
 .data.BusVoltageSensor_M1
                0x200000e4       0x2c ./Application/User/mc_config.o
                0x200000e4                BusVoltageSensor_M1
 .data.TempSensor_M1
                0x20000110       0x28 ./Application/User/mc_config.o
                0x20000110                TempSensor_M1
 .data.STO_M1   0x20000138       0x14 ./Application/User/mc_config.o
                0x20000138                STO_M1
 .data.STO_PLL_M1
                0x2000014c      0x128 ./Application/User/mc_config.o
                0x2000014c                STO_PLL_M1
 .data.VirtualSpeedSensorM1
                0x20000274       0x38 ./Application/User/mc_config.o
                0x20000274                VirtualSpeedSensorM1
 .data.PWM_Handle_M1
                0x200002ac       0x90 ./Application/User/mc_config.o
                0x200002ac                PWM_Handle_M1
 .data.RevUpControlM1
                0x2000033c       0x78 ./Application/User/mc_config.o
                0x2000033c                RevUpControlM1
 .data.SpeednTorqCtrlM1
                0x200003b4       0x34 ./Application/User/mc_config.o
                0x200003b4                SpeednTorqCtrlM1
 .data.PIDIdHandle_M1
                0x200003e8       0x2c ./Application/User/mc_config.o
                0x200003e8                PIDIdHandle_M1
 .data.PIDIqHandle_M1
                0x20000414       0x2c ./Application/User/mc_config.o
                0x20000414                PIDIqHandle_M1
 .data.PIDSpeedHandle_M1
                0x20000440       0x2c ./Application/User/mc_config.o
                0x20000440                PIDSpeedHandle_M1
 .data.PQD_MotorPowMeasM1
                0x2000046c       0x10 ./Application/User/mc_config.o
                0x2000046c                PQD_MotorPowMeasM1
 .data.ApplicationConfig_reg
                0x2000047c        0x4 ./Application/User/mc_configuration_registers.o
                0x2000047c                ApplicationConfig_reg
 .data.MotorConfig_reg
                0x20000480        0x4 ./Application/User/mc_configuration_registers.o
                0x20000480                MotorConfig_reg
 .data.FOCConfig_reg
                0x20000484        0x4 ./Application/User/mc_configuration_registers.o
                0x20000484                FOCConfig_reg
 .data.PWR_BOARD_NAME
                0x20000488        0x4 ./Application/User/mc_configuration_registers.o
                0x20000488                PWR_BOARD_NAME
 .data.MCPA_UART_A
                0x2000048c       0x2c ./Application/User/mcp_config.o
                0x2000048c                MCPA_UART_A
 .data.MCP_Over_UartA
                0x200004b8       0x10 ./Application/User/mcp_config.o
                0x200004b8                MCP_Over_UartA
 .data.aspepOverUartA
                0x200004c8       0x74 ./Application/User/mcp_config.o
                0x200004c8                aspepOverUartA
 .data.UASPEP_A
                0x2000053c       0x14 ./Application/User/mcp_config.o
 .data.SystickDividerCounter.0
                0x20000550        0x1 ./Application/User/stm32g4xx_mc_it.o
 *fill*         0x20000551        0x3 
 .data.SystemCoreClock
                0x20000554        0x4 ./Drivers/CMSIS/system_stm32g4xx.o
                0x20000554                SystemCoreClock
 .data.uwTickFreq
                0x20000558        0x4 ./Drivers/STM32G4xx_HAL_Driver/stm32g4xx_hal.o
                0x20000558                uwTickFreq
 .data.uwTickPrio
                0x2000055c        0x4 ./Drivers/STM32G4xx_HAL_Driver/stm32g4xx_hal.o
                0x2000055c                uwTickPrio
 *(.RamFunc)
 *(.RamFunc*)
                0x20000560                        . = ALIGN (0x4)
                0x20000560                        _edata = .

.igot.plt       0x20000560        0x0 load address 0x08009e08
 .igot.plt      0x20000560        0x0 C:/ST/STM32CubeIDE_1.15.0/STM32CubeIDE/plugins/com.st.stm32cube.ide.mcu.externaltools.gnu-tools-for-stm32.12.3.rel1.win32_1.0.100.202403111256/tools/bin/../lib/gcc/arm-none-eabi/12.3.1/thumb/v7e-m+fp/hard/crtbegin.o
                0x20000560                        . = ALIGN (0x4)

.bss            0x20000560     0x155c load address 0x08009e08
                0x20000560                        _sbss = .
                0x20000560                        __bss_start__ = _sbss
 *(.bss)
 .bss           0x20000560       0x1c C:/ST/STM32CubeIDE_1.15.0/STM32CubeIDE/plugins/com.st.stm32cube.ide.mcu.externaltools.gnu-tools-for-stm32.12.3.rel1.win32_1.0.100.202403111256/tools/bin/../lib/gcc/arm-none-eabi/12.3.1/thumb/v7e-m+fp/hard/crtbegin.o
 *(.bss*)
 .bss.DesiredSpeed
                0x2000057c        0x4 ./Application/User/main.o
                0x2000057c                DesiredSpeed
 .bss.sharedCounter
                0x20000580        0x4 ./Application/User/main.o
                0x20000580                sharedCounter
 .bss.hdma_usart2_tx
                0x20000584       0x60 ./Application/User/main.o
                0x20000584                hdma_usart2_tx
 .bss.hdma_usart2_rx
                0x200005e4       0x60 ./Application/User/main.o
                0x200005e4                hdma_usart2_rx
 .bss.huart2    0x20000644       0x90 ./Application/User/main.o
                0x20000644                huart2
 .bss.htim2     0x200006d4       0x4c ./Application/User/main.o
                0x200006d4                htim2
 .bss.htim1     0x20000720       0x4c ./Application/User/main.o
                0x20000720                htim1
 .bss.hcordic   0x2000076c       0x28 ./Application/User/main.o
                0x2000076c                hcordic
 .bss.hadc2     0x20000794       0x6c ./Application/User/main.o
                0x20000794                hadc2
 .bss.hadc1     0x20000800       0x6c ./Application/User/main.o
                0x20000800                hadc1
 .bss.Mci       0x2000086c       0x20 ./Application/User/mc_config.o
                0x2000086c                Mci
 .bss.RealBusVoltageSensorFilterBufferM1
                0x2000088c        0xc ./Application/User/mc_config.o
 .bss.bMCBootCompleted
                0x20000898        0x1 ./Application/User/mc_tasks.o
 *fill*         0x20000899        0x1 
 .bss.hStopPermanencyCounterM1
                0x2000089a        0x2 ./Application/User/mc_tasks.o
 .bss.hBootCapDelayCounterM1
                0x2000089c        0x2 ./Application/User/mc_tasks.o
 .bss.hMFTaskCounterM1
                0x2000089e        0x2 ./Application/User/mc_tasks.o
 .bss.pREMNG    0x200008a0        0x4 ./Application/User/mc_tasks.o
 .bss.pwmcHandle
                0x200008a4        0x4 ./Application/User/mc_tasks.o
 .bss.FOCVars   0x200008a8       0x26 ./Application/User/mc_tasks.o
 *fill*         0x200008ce        0x2 
 .bss.MCP_UserCallBack
                0x200008d0        0x8 ./Application/User/mcp_config.o
                0x200008d0                MCP_UserCallBack
 .bss.dataSizeTableBuffA
                0x200008d8        0xa ./Application/User/mcp_config.o
                0x200008d8                dataSizeTableBuffA
 *fill*         0x200008e2        0x2 
 .bss.dataSizeTableA
                0x200008e4        0xa ./Application/User/mcp_config.o
                0x200008e4                dataSizeTableA
 *fill*         0x200008ee        0x2 
 .bss.dataPtrTableBuffA
                0x200008f0       0x28 ./Application/User/mcp_config.o
                0x200008f0                dataPtrTableBuffA
 .bss.dataPtrTableA
                0x20000918       0x28 ./Application/User/mcp_config.o
                0x20000918                dataPtrTableA
 .bss.MCPAsyncBuffUARTA_B
                0x20000940      0x806 ./Application/User/mcp_config.o
 *fill*         0x20001146        0x2 
 .bss.MCPAsyncBuffUARTA_A
                0x20001148      0x806 ./Application/User/mcp_config.o
 *fill*         0x2000194e        0x2 
 .bss.MCPSyncRXBuff
                0x20001950       0x82 ./Application/User/mcp_config.o
 *fill*         0x200019d2        0x2 
 .bss.MCPSyncTxBuff
                0x200019d4       0x86 ./Application/User/mcp_config.o
 *fill*         0x20001a5a        0x2 
 .bss.pMCI      0x20001a5c        0x4 ./Application/User/motorcontrol.o
                0x20001a5c                pMCI
 .bss.nullData16.0
                0x20001a60        0x2 ./Application/User/register_interface.o
 .bss.RCM_UserConvHandle
                0x20001a62        0x1 ./Application/User/regular_conversion_manager.o
 .bss.RCM_UserConvState
                0x20001a63        0x1 ./Application/User/regular_conversion_manager.o
 .bss.RCM_UserConvValue
                0x20001a64        0x2 ./Application/User/regular_conversion_manager.o
 .bss.RCM_currentHandle
                0x20001a66        0x1 ./Application/User/regular_conversion_manager.o
 *fill*         0x20001a67        0x1 
 .bss.RCM_NoInj_array
                0x20001a68       0x18 ./Application/User/regular_conversion_manager.o
 .bss.RCM_CB_array
                0x20001a80       0x20 ./Application/User/regular_conversion_manager.o
 .bss.RCM_handle_array
                0x20001aa0       0x10 ./Application/User/regular_conversion_manager.o
 .bss.HAL_RCC_ADC12_CLK_ENABLED
                0x20001ab0        0x4 ./Application/User/stm32g4xx_hal_msp.o
 .bss.uwTick    0x20001ab4        0x4 ./Drivers/STM32G4xx_HAL_Driver/stm32g4xx_hal.o
                0x20001ab4                uwTick
 .bss.GLOBAL_TIMESTAMP
                0x20001ab8        0x4 ./Middlewares/MotorControl/mcpa.o
                0x20001ab8                GLOBAL_TIMESTAMP
 *(COMMON)
                0x20001abc                        . = ALIGN (0x4)
                0x20001abc                        _ebss = .
                0x20001abc                        __bss_end__ = _ebss

._user_heap_stack
                0x20001abc      0x604 load address 0x08009e08
                0x20001ac0                        . = ALIGN (0x8)
 *fill*         0x20001abc        0x4 
                [!provide]                        PROVIDE (end = .)
                0x20001ac0                        PROVIDE (_end = .)
                0x20001cc0                        . = (. + _Min_Heap_Size)
 *fill*         0x20001ac0      0x200 
                0x200020c0                        . = (. + _Min_Stack_Size)
 *fill*         0x20001cc0      0x400 
                0x200020c0                        . = ALIGN (0x8)

/DISCARD/
 libc.a(*)
 libm.a(*)
 libgcc.a(*)

.ARM.attributes
                0x00000000       0x30
 *(.ARM.attributes)
 .ARM.attributes
                0x00000000       0x22 C:/ST/STM32CubeIDE_1.15.0/STM32CubeIDE/plugins/com.st.stm32cube.ide.mcu.externaltools.gnu-tools-for-stm32.12.3.rel1.win32_1.0.100.202403111256/tools/bin/../lib/gcc/arm-none-eabi/12.3.1/thumb/v7e-m+fp/hard/crti.o
 .ARM.attributes
                0x00000022       0x34 C:/ST/STM32CubeIDE_1.15.0/STM32CubeIDE/plugins/com.st.stm32cube.ide.mcu.externaltools.gnu-tools-for-stm32.12.3.rel1.win32_1.0.100.202403111256/tools/bin/../lib/gcc/arm-none-eabi/12.3.1/thumb/v7e-m+fp/hard/crtbegin.o
 .ARM.attributes
                0x00000056       0x21 ./Application/Startup/startup_stm32g431rbtx.o
 .ARM.attributes
                0x00000077       0x30 ./Application/User/aspep.o
 .ARM.attributes
                0x000000a7       0x30 ./Application/User/main.o
 .ARM.attributes
                0x000000d7       0x30 ./Application/User/mc_api.o
 .ARM.attributes
                0x00000107       0x30 ./Application/User/mc_app_hooks.o
 .ARM.attributes
                0x00000137       0x30 ./Application/User/mc_config.o
 .ARM.attributes
                0x00000167       0x30 ./Application/User/mc_configuration_registers.o
 .ARM.attributes
                0x00000197       0x30 ./Application/User/mc_interface.o
 .ARM.attributes
                0x000001c7       0x30 ./Application/User/mc_math.o
 .ARM.attributes
                0x000001f7       0x30 ./Application/User/mc_parameters.o
 .ARM.attributes
                0x00000227       0x30 ./Application/User/mc_tasks.o
 .ARM.attributes
                0x00000257       0x30 ./Application/User/mcp_config.o
 .ARM.attributes
                0x00000287       0x30 ./Application/User/motorcontrol.o
 .ARM.attributes
                0x000002b7       0x30 ./Application/User/pwm_curr_fdbk.o
 .ARM.attributes
                0x000002e7       0x30 ./Application/User/register_interface.o
 .ARM.attributes
                0x00000317       0x30 ./Application/User/regular_conversion_manager.o
 .ARM.attributes
                0x00000347       0x30 ./Application/User/stm32g4xx_hal_msp.o
 .ARM.attributes
                0x00000377       0x30 ./Application/User/stm32g4xx_it.o
 .ARM.attributes
                0x000003a7       0x30 ./Application/User/stm32g4xx_mc_it.o
 .ARM.attributes
                0x000003d7       0x30 ./Application/User/usart_aspep_driver.o
 .ARM.attributes
                0x00000407       0x30 ./Drivers/CMSIS/system_stm32g4xx.o
 .ARM.attributes
                0x00000437       0x30 ./Drivers/STM32G4xx_HAL_Driver/stm32g4xx_hal.o
 .ARM.attributes
                0x00000467       0x30 ./Drivers/STM32G4xx_HAL_Driver/stm32g4xx_hal_adc.o
 .ARM.attributes
                0x00000497       0x30 ./Drivers/STM32G4xx_HAL_Driver/stm32g4xx_hal_adc_ex.o
 .ARM.attributes
                0x000004c7       0x30 ./Drivers/STM32G4xx_HAL_Driver/stm32g4xx_hal_cordic.o
 .ARM.attributes
                0x000004f7       0x30 ./Drivers/STM32G4xx_HAL_Driver/stm32g4xx_hal_cortex.o
 .ARM.attributes
                0x00000527       0x30 ./Drivers/STM32G4xx_HAL_Driver/stm32g4xx_hal_dma.o
 .ARM.attributes
                0x00000557       0x30 ./Drivers/STM32G4xx_HAL_Driver/stm32g4xx_hal_gpio.o
 .ARM.attributes
                0x00000587       0x30 ./Drivers/STM32G4xx_HAL_Driver/stm32g4xx_hal_pwr_ex.o
 .ARM.attributes
                0x000005b7       0x30 ./Drivers/STM32G4xx_HAL_Driver/stm32g4xx_hal_rcc.o
 .ARM.attributes
                0x000005e7       0x30 ./Drivers/STM32G4xx_HAL_Driver/stm32g4xx_hal_rcc_ex.o
 .ARM.attributes
                0x00000617       0x30 ./Drivers/STM32G4xx_HAL_Driver/stm32g4xx_hal_tim.o
 .ARM.attributes
                0x00000647       0x30 ./Drivers/STM32G4xx_HAL_Driver/stm32g4xx_hal_tim_ex.o
 .ARM.attributes
                0x00000677       0x30 ./Drivers/STM32G4xx_HAL_Driver/stm32g4xx_hal_uart.o
 .ARM.attributes
                0x000006a7       0x30 ./Drivers/STM32G4xx_HAL_Driver/stm32g4xx_hal_uart_ex.o
 .ARM.attributes
                0x000006d7       0x30 ./Middlewares/MotorControl/bus_voltage_sensor.o
 .ARM.attributes
                0x00000707       0x30 ./Middlewares/MotorControl/circle_limitation.o
 .ARM.attributes
                0x00000737       0x30 ./Middlewares/MotorControl/mcp.o
 .ARM.attributes
                0x00000767       0x30 ./Middlewares/MotorControl/mcpa.o
 .ARM.attributes
                0x00000797       0x30 ./Middlewares/MotorControl/ntc_temperature_sensor.o
 .ARM.attributes
                0x000007c7       0x30 ./Middlewares/MotorControl/pid_regulator.o
 .ARM.attributes
                0x000007f7       0x30 ./Middlewares/MotorControl/pqd_motor_power_measurement.o
 .ARM.attributes
                0x00000827       0x30 ./Middlewares/MotorControl/pwm_common.o
 .ARM.attributes
                0x00000857       0x30 ./Middlewares/MotorControl/r3_2_g4xx_pwm_curr_fdbk.o
 .ARM.attributes
                0x00000887       0x30 ./Middlewares/MotorControl/r_divider_bus_voltage_sensor.o
 .ARM.attributes
                0x000008b7       0x30 ./Middlewares/MotorControl/ramp_ext_mngr.o
 .ARM.attributes
                0x000008e7       0x30 ./Middlewares/MotorControl/revup_ctrl.o
 .ARM.attributes
                0x00000917       0x30 ./Middlewares/MotorControl/speed_pos_fdbk.o
 .ARM.attributes
                0x00000947       0x30 ./Middlewares/MotorControl/speed_torq_ctrl.o
 .ARM.attributes
                0x00000977       0x30 ./Middlewares/MotorControl/sto_pll_speed_pos_fdbk.o
 .ARM.attributes
                0x000009a7       0x30 ./Middlewares/MotorControl/virtual_speed_sensor.o
 .ARM.attributes
                0x000009d7       0x34 C:/ST/STM32CubeIDE_1.15.0/STM32CubeIDE/plugins/com.st.stm32cube.ide.mcu.externaltools.gnu-tools-for-stm32.12.3.rel1.win32_1.0.100.202403111256/tools/bin/../lib/gcc/arm-none-eabi/12.3.1/../../../../arm-none-eabi/lib/thumb/v7e-m+fp/hard\libc_nano.a(libc_a-memset.o)
 .ARM.attributes
                0x00000a0b       0x34 C:/ST/STM32CubeIDE_1.15.0/STM32CubeIDE/plugins/com.st.stm32cube.ide.mcu.externaltools.gnu-tools-for-stm32.12.3.rel1.win32_1.0.100.202403111256/tools/bin/../lib/gcc/arm-none-eabi/12.3.1/../../../../arm-none-eabi/lib/thumb/v7e-m+fp/hard\libc_nano.a(libc_a-init.o)
 .ARM.attributes
                0x00000a3f       0x34 C:/ST/STM32CubeIDE_1.15.0/STM32CubeIDE/plugins/com.st.stm32cube.ide.mcu.externaltools.gnu-tools-for-stm32.12.3.rel1.win32_1.0.100.202403111256/tools/bin/../lib/gcc/arm-none-eabi/12.3.1/../../../../arm-none-eabi/lib/thumb/v7e-m+fp/hard\libc_nano.a(libc_a-memcpy-stub.o)
 .ARM.attributes
                0x00000a73       0x22 C:/ST/STM32CubeIDE_1.15.0/STM32CubeIDE/plugins/com.st.stm32cube.ide.mcu.externaltools.gnu-tools-for-stm32.12.3.rel1.win32_1.0.100.202403111256/tools/bin/../lib/gcc/arm-none-eabi/12.3.1/thumb/v7e-m+fp/hard\libgcc.a(_aeabi_uldivmod.o)
 .ARM.attributes
                0x00000a95       0x34 C:/ST/STM32CubeIDE_1.15.0/STM32CubeIDE/plugins/com.st.stm32cube.ide.mcu.externaltools.gnu-tools-for-stm32.12.3.rel1.win32_1.0.100.202403111256/tools/bin/../lib/gcc/arm-none-eabi/12.3.1/thumb/v7e-m+fp/hard\libgcc.a(_udivmoddi4.o)
 .ARM.attributes
                0x00000ac9       0x22 C:/ST/STM32CubeIDE_1.15.0/STM32CubeIDE/plugins/com.st.stm32cube.ide.mcu.externaltools.gnu-tools-for-stm32.12.3.rel1.win32_1.0.100.202403111256/tools/bin/../lib/gcc/arm-none-eabi/12.3.1/thumb/v7e-m+fp/hard\libgcc.a(_dvmd_tls.o)
 .ARM.attributes
                0x00000aeb       0x22 C:/ST/STM32CubeIDE_1.15.0/STM32CubeIDE/plugins/com.st.stm32cube.ide.mcu.externaltools.gnu-tools-for-stm32.12.3.rel1.win32_1.0.100.202403111256/tools/bin/../lib/gcc/arm-none-eabi/12.3.1/thumb/v7e-m+fp/hard/crtn.o
OUTPUT(IHM03_Motor.elf elf32-littlearm)
LOAD linker stubs
LOAD C:/ST/STM32CubeIDE_1.15.0/STM32CubeIDE/plugins/com.st.stm32cube.ide.mcu.externaltools.gnu-tools-for-stm32.12.3.rel1.win32_1.0.100.202403111256/tools/bin/../lib/gcc/arm-none-eabi/12.3.1/../../../../arm-none-eabi/lib/thumb/v7e-m+fp/hard\libc.a
LOAD C:/ST/STM32CubeIDE_1.15.0/STM32CubeIDE/plugins/com.st.stm32cube.ide.mcu.externaltools.gnu-tools-for-stm32.12.3.rel1.win32_1.0.100.202403111256/tools/bin/../lib/gcc/arm-none-eabi/12.3.1/../../../../arm-none-eabi/lib/thumb/v7e-m+fp/hard\libm.a
LOAD C:/ST/STM32CubeIDE_1.15.0/STM32CubeIDE/plugins/com.st.stm32cube.ide.mcu.externaltools.gnu-tools-for-stm32.12.3.rel1.win32_1.0.100.202403111256/tools/bin/../lib/gcc/arm-none-eabi/12.3.1/thumb/v7e-m+fp/hard\libgcc.a

.debug_line     0x00000000    0x44aa9
 .debug_line    0x00000000       0x7b ./Application/Startup/startup_stm32g431rbtx.o
 .debug_line    0x0000007b     0x16d9 ./Application/User/aspep.o
 .debug_line    0x00001754     0x19d3 ./Application/User/main.o
 .debug_line    0x00003127     0x104c ./Application/User/mc_api.o
 .debug_line    0x00004173      0x994 ./Application/User/mc_app_hooks.o
 .debug_line    0x00004b07      0xc4f ./Application/User/mc_config.o
 .debug_line    0x00005756      0xa4b ./Application/User/mc_configuration_registers.o
 .debug_line    0x000061a1     0x1845 ./Application/User/mc_interface.o
 .debug_line    0x000079e6      0xbb6 ./Application/User/mc_math.o
 .debug_line    0x0000859c      0xc40 ./Application/User/mc_parameters.o
 .debug_line    0x000091dc     0x179e ./Application/User/mc_tasks.o
 .debug_line    0x0000a97a      0xa40 ./Application/User/mcp_config.o
 .debug_line    0x0000b3ba      0xc78 ./Application/User/motorcontrol.o
 .debug_line    0x0000c032     0x10b3 ./Application/User/pwm_curr_fdbk.o
 .debug_line    0x0000d0e5     0x2154 ./Application/User/register_interface.o
 .debug_line    0x0000f239     0x1588 ./Application/User/regular_conversion_manager.o
 .debug_line    0x000107c1     0x125e ./Application/User/stm32g4xx_hal_msp.o
 .debug_line    0x00011a1f      0xc66 ./Application/User/stm32g4xx_it.o
 .debug_line    0x00012685     0x123c ./Application/User/stm32g4xx_mc_it.o
 .debug_line    0x000138c1      0xfb2 ./Application/User/usart_aspep_driver.o
 .debug_line    0x00014873      0x8b4 ./Drivers/CMSIS/system_stm32g4xx.o
 .debug_line    0x00015127      0xcdc ./Drivers/STM32G4xx_HAL_Driver/stm32g4xx_hal.o
 .debug_line    0x00015e03     0x2ea0 ./Drivers/STM32G4xx_HAL_Driver/stm32g4xx_hal_adc.o
 .debug_line    0x00018ca3     0x288f ./Drivers/STM32G4xx_HAL_Driver/stm32g4xx_hal_adc_ex.o
 .debug_line    0x0001b532     0x127c ./Drivers/STM32G4xx_HAL_Driver/stm32g4xx_hal_cordic.o
 .debug_line    0x0001c7ae      0xe28 ./Drivers/STM32G4xx_HAL_Driver/stm32g4xx_hal_cortex.o
 .debug_line    0x0001d5d6     0x1433 ./Drivers/STM32G4xx_HAL_Driver/stm32g4xx_hal_dma.o
 .debug_line    0x0001ea09      0xddd ./Drivers/STM32G4xx_HAL_Driver/stm32g4xx_hal_gpio.o
 .debug_line    0x0001f7e6      0xf6d ./Drivers/STM32G4xx_HAL_Driver/stm32g4xx_hal_pwr_ex.o
 .debug_line    0x00020753     0x1498 ./Drivers/STM32G4xx_HAL_Driver/stm32g4xx_hal_rcc.o
 .debug_line    0x00021beb     0x158e ./Drivers/STM32G4xx_HAL_Driver/stm32g4xx_hal_rcc_ex.o
 .debug_line    0x00023179     0x664d ./Drivers/STM32G4xx_HAL_Driver/stm32g4xx_hal_tim.o
 .debug_line    0x000297c6     0x2882 ./Drivers/STM32G4xx_HAL_Driver/stm32g4xx_hal_tim_ex.o
 .debug_line    0x0002c048     0x6fdf ./Drivers/STM32G4xx_HAL_Driver/stm32g4xx_hal_uart.o
 .debug_line    0x00033027     0x1584 ./Drivers/STM32G4xx_HAL_Driver/stm32g4xx_hal_uart_ex.o
 .debug_line    0x000345ab      0xa31 ./Middlewares/MotorControl/bus_voltage_sensor.o
 .debug_line    0x00034fdc      0xa84 ./Middlewares/MotorControl/circle_limitation.o
 .debug_line    0x00035a60      0xf14 ./Middlewares/MotorControl/mcp.o
 .debug_line    0x00036974     0x10ea ./Middlewares/MotorControl/mcpa.o
 .debug_line    0x00037a5e      0xbb1 ./Middlewares/MotorControl/ntc_temperature_sensor.o
 .debug_line    0x0003860f      0xe64 ./Middlewares/MotorControl/pid_regulator.o
 .debug_line    0x00039473      0xa7b ./Middlewares/MotorControl/pqd_motor_power_measurement.o
 .debug_line    0x00039eee      0xba5 ./Middlewares/MotorControl/pwm_common.o