Archive member included to satisfy reference by file (symbol)

C:/ST/STM32CubeIDE_1.15.0/STM32CubeIDE/plugins/com.st.stm32cube.ide.mcu.externaltools.gnu-tools-for-stm32.12.3.rel1.win32_1.0.100.202403111256/tools/bin/../lib/gcc/arm-none-eabi/12.3.1/../../../../arm-none-eabi/lib/thumb/v7e-m+fp/hard\libc_nano.a(libc_a-exit.o)
                              C:/ST/STM32CubeIDE_1.15.0/STM32CubeIDE/plugins/com.st.stm32cube.ide.mcu.externaltools.gnu-tools-for-stm32.12.3.rel1.win32_1.0.100.202403111256/tools/bin/../lib/gcc/arm-none-eabi/12.3.1/../../../../arm-none-eabi/lib/thumb/v7e-m+fp/hard/crt0.o (exit)
C:/ST/STM32CubeIDE_1.15.0/STM32CubeIDE/plugins/com.st.stm32cube.ide.mcu.externaltools.gnu-tools-for-stm32.12.3.rel1.win32_1.0.100.202403111256/tools/bin/../lib/gcc/arm-none-eabi/12.3.1/../../../../arm-none-eabi/lib/thumb/v7e-m+fp/hard\libc_nano.a(libc_a-findfp.o)
                              C:/ST/STM32CubeIDE_1.15.0/STM32CubeIDE/plugins/com.st.stm32cube.ide.mcu.externaltools.gnu-tools-for-stm32.12.3.rel1.win32_1.0.100.202403111256/tools/bin/../lib/gcc/arm-none-eabi/12.3.1/../../../../arm-none-eabi/lib/thumb/v7e-m+fp/hard\libc_nano.a(libc_a-exit.o) (__stdio_exit_handler)
C:/ST/STM32CubeIDE_1.15.0/STM32CubeIDE/plugins/com.st.stm32cube.ide.mcu.externaltools.gnu-tools-for-stm32.12.3.rel1.win32_1.0.100.202403111256/tools/bin/../lib/gcc/arm-none-eabi/12.3.1/../../../../arm-none-eabi/lib/thumb/v7e-m+fp/hard\libc_nano.a(libc_a-fwalk.o)
                              C:/ST/STM32CubeIDE_1.15.0/STM32CubeIDE/plugins/com.st.stm32cube.ide.mcu.externaltools.gnu-tools-for-stm32.12.3.rel1.win32_1.0.100.202403111256/tools/bin/../lib/gcc/arm-none-eabi/12.3.1/../../../../arm-none-eabi/lib/thumb/v7e-m+fp/hard\libc_nano.a(libc_a-findfp.o) (_fwalk_sglue)
C:/ST/STM32CubeIDE_1.15.0/STM32CubeIDE/plugins/com.st.stm32cube.ide.mcu.externaltools.gnu-tools-for-stm32.12.3.rel1.win32_1.0.100.202403111256/tools/bin/../lib/gcc/arm-none-eabi/12.3.1/../../../../arm-none-eabi/lib/thumb/v7e-m+fp/hard\libc_nano.a(libc_a-stdio.o)
                              C:/ST/STM32CubeIDE_1.15.0/STM32CubeIDE/plugins/com.st.stm32cube.ide.mcu.externaltools.gnu-tools-for-stm32.12.3.rel1.win32_1.0.100.202403111256/tools/bin/../lib/gcc/arm-none-eabi/12.3.1/../../../../arm-none-eabi/lib/thumb/v7e-m+fp/hard\libc_nano.a(libc_a-findfp.o) (__sread)
C:/ST/STM32CubeIDE_1.15.0/STM32CubeIDE/plugins/com.st.stm32cube.ide.mcu.externaltools.gnu-tools-for-stm32.12.3.rel1.win32_1.0.100.202403111256/tools/bin/../lib/gcc/arm-none-eabi/12.3.1/../../../../arm-none-eabi/lib/thumb/v7e-m+fp/hard\libc_nano.a(libc_a-memset.o)
                              C:/ST/STM32CubeIDE_1.15.0/STM32CubeIDE/plugins/com.st.stm32cube.ide.mcu.externaltools.gnu-tools-for-stm32.12.3.rel1.win32_1.0.100.202403111256/tools/bin/../lib/gcc/arm-none-eabi/12.3.1/../../../../arm-none-eabi/lib/thumb/v7e-m+fp/hard/crt0.o (memset)
C:/ST/STM32CubeIDE_1.15.0/STM32CubeIDE/plugins/com.st.stm32cube.ide.mcu.externaltools.gnu-tools-for-stm32.12.3.rel1.win32_1.0.100.202403111256/tools/bin/../lib/gcc/arm-none-eabi/12.3.1/../../../../arm-none-eabi/lib/thumb/v7e-m+fp/hard\libc_nano.a(libc_a-closer.o)
                              C:/ST/STM32CubeIDE_1.15.0/STM32CubeIDE/plugins/com.st.stm32cube.ide.mcu.externaltools.gnu-tools-for-stm32.12.3.rel1.win32_1.0.100.202403111256/tools/bin/../lib/gcc/arm-none-eabi/12.3.1/../../../../arm-none-eabi/lib/thumb/v7e-m+fp/hard\libc_nano.a(libc_a-stdio.o) (_close_r)
C:/ST/STM32CubeIDE_1.15.0/STM32CubeIDE/plugins/com.st.stm32cube.ide.mcu.externaltools.gnu-tools-for-stm32.12.3.rel1.win32_1.0.100.202403111256/tools/bin/../lib/gcc/arm-none-eabi/12.3.1/../../../../arm-none-eabi/lib/thumb/v7e-m+fp/hard\libc_nano.a(libc_a-reent.o)
                              C:/ST/STM32CubeIDE_1.15.0/STM32CubeIDE/plugins/com.st.stm32cube.ide.mcu.externaltools.gnu-tools-for-stm32.12.3.rel1.win32_1.0.100.202403111256/tools/bin/../lib/gcc/arm-none-eabi/12.3.1/../../../../arm-none-eabi/lib/thumb/v7e-m+fp/hard\libc_nano.a(libc_a-closer.o) (errno)
C:/ST/STM32CubeIDE_1.15.0/STM32CubeIDE/plugins/com.st.stm32cube.ide.mcu.externaltools.gnu-tools-for-stm32.12.3.rel1.win32_1.0.100.202403111256/tools/bin/../lib/gcc/arm-none-eabi/12.3.1/../../../../arm-none-eabi/lib/thumb/v7e-m+fp/hard\libc_nano.a(libc_a-impure.o)
                              C:/ST/STM32CubeIDE_1.15.0/STM32CubeIDE/plugins/com.st.stm32cube.ide.mcu.externaltools.gnu-tools-for-stm32.12.3.rel1.win32_1.0.100.202403111256/tools/bin/../lib/gcc/arm-none-eabi/12.3.1/../../../../arm-none-eabi/lib/thumb/v7e-m+fp/hard\libc_nano.a(libc_a-reent.o) (_impure_ptr)
C:/ST/STM32CubeIDE_1.15.0/STM32CubeIDE/plugins/com.st.stm32cube.ide.mcu.externaltools.gnu-tools-for-stm32.12.3.rel1.win32_1.0.100.202403111256/tools/bin/../lib/gcc/arm-none-eabi/12.3.1/../../../../arm-none-eabi/lib/thumb/v7e-m+fp/hard\libc_nano.a(libc_a-lseekr.o)
[...]
Memory Configuration

Name             Origin             Length             Attributes
RAM              0x20000000         0x00008000         xrw
FLASH            0x08000000         0x00020000         xr
*default*        0x00000000         0xffffffff

Linker script and memory map

LOAD C:/ST/STM32CubeIDE_1.15.0/STM32CubeIDE/plugins/com.st.stm32cube.ide.mcu.externaltools.gnu-tools-for-stm32.12.3.rel1.win32_1.0.100.202403111256/tools/bin/../lib/gcc/arm-none-eabi/12.3.1/thumb/v7e-m+fp/hard/crti.o
LOAD C:/ST/STM32CubeIDE_1.15.0/STM32CubeIDE/plugins/com.st.stm32cube.ide.mcu.externaltools.gnu-tools-for-stm32.12.3.rel1.win32_1.0.100.202403111256/tools/bin/../lib/gcc/arm-none-eabi/12.3.1/thumb/v7e-m+fp/hard/crtbegin.o
LOAD C:/ST/STM32CubeIDE_1.15.0/STM32CubeIDE/plugins/com.st.stm32cube.ide.mcu.externaltools.gnu-tools-for-stm32.12.3.rel1.win32_1.0.100.202403111256/tools/bin/../lib/gcc/arm-none-eabi/12.3.1/../../../../arm-none-eabi/lib/thumb/v7e-m+fp/hard/crt0.o
LOAD ./Application/Startup/startup_stm32g431rbtx.o
LOAD ./Application/User/aspep.o
LOAD ./Application/User/main.o
LOAD ./Application/User/mc_api.o
LOAD ./Application/User/mc_app_hooks.o
LOAD ./Application/User/mc_config.o
LOAD ./Application/User/mc_configuration_registers.o
LOAD ./Application/User/mc_interface.o
LOAD ./Application/User/mc_math.o
LOAD ./Application/User/mc_parameters.o
LOAD ./Application/User/mc_perf.o
LOAD ./Application/User/mc_tasks.o
LOAD ./Application/User/mcp_config.o
LOAD ./Application/User/motorcontrol.o
LOAD ./Application/User/pwm_curr_fdbk.o
LOAD ./Application/User/register_interface.o
LOAD ./Application/User/regular_conversion_manager.o
LOAD ./Application/User/stm32g4xx_hal_msp.o
LOAD ./Application/User/stm32g4xx_it.o
LOAD ./Application/User/stm32g4xx_mc_it.o
LOAD ./Application/User/syscalls.o
LOAD ./Application/User/sysmem.o
LOAD ./Application/User/usart_aspep_driver.o
LOAD ./Drivers/CMSIS/system_stm32g4xx.o
LOAD ./Drivers/STM32G4xx_HAL_Driver/stm32g4xx_hal.o
LOAD ./Drivers/STM32G4xx_HAL_Driver/stm32g4xx_hal_adc.o
LOAD ./Drivers/STM32G4xx_HAL_Driver/stm32g4xx_hal_adc_ex.o
LOAD ./Drivers/STM32G4xx_HAL_Driver/stm32g4xx_hal_cordic.o
LOAD ./Drivers/STM32G4xx_HAL_Driver/stm32g4xx_hal_cortex.o
LOAD ./Drivers/STM32G4xx_HAL_Driver/stm32g4xx_hal_dma.o
LOAD ./Drivers/STM32G4xx_HAL_Driver/stm32g4xx_hal_dma_ex.o
LOAD ./Drivers/STM32G4xx_HAL_Driver/stm32g4xx_hal_exti.o
LOAD ./Drivers/STM32G4xx_HAL_Driver/stm32g4xx_hal_flash.o
LOAD ./Drivers/STM32G4xx_HAL_Driver/stm32g4xx_hal_flash_ex.o
LOAD ./Drivers/STM32G4xx_HAL_Driver/stm32g4xx_hal_flash_ramfunc.o
LOAD ./Drivers/STM32G4xx_HAL_Driver/stm32g4xx_hal_gpio.o
LOAD ./Drivers/STM32G4xx_HAL_Driver/stm32g4xx_hal_pwr.o
LOAD ./Drivers/STM32G4xx_HAL_Driver/stm32g4xx_hal_pwr_ex.o
LOAD ./Drivers/STM32G4xx_HAL_Driver/stm32g4xx_hal_rcc.o
LOAD ./Drivers/STM32G4xx_HAL_Driver/stm32g4xx_hal_rcc_ex.o
LOAD ./Drivers/STM32G4xx_HAL_Driver/stm32g4xx_hal_spi.o
LOAD ./Drivers/STM32G4xx_HAL_Driver/stm32g4xx_hal_spi_ex.o
LOAD ./Drivers/STM32G4xx_HAL_Driver/stm32g4xx_hal_tim.o
LOAD ./Drivers/STM32G4xx_HAL_Driver/stm32g4xx_hal_tim_ex.o
LOAD ./Drivers/STM32G4xx_HAL_Driver/stm32g4xx_hal_uart.o
LOAD ./Drivers/STM32G4xx_HAL_Driver/stm32g4xx_hal_uart_ex.o
LOAD ./Drivers/STM32G4xx_HAL_Driver/stm32g4xx_ll_adc.o
LOAD ./Middlewares/MotorControl/bus_voltage_sensor.o
LOAD ./Middlewares/MotorControl/circle_limitation.o
LOAD ./Middlewares/MotorControl/digital_output.o
LOAD ./Middlewares/MotorControl/mcp.o
LOAD ./Middlewares/MotorControl/mcpa.o
LOAD ./Middlewares/MotorControl/ntc_temperature_sensor.o
LOAD ./Middlewares/MotorControl/open_loop.o
LOAD ./Middlewares/MotorControl/pid_regulator.o
LOAD ./Middlewares/MotorControl/pqd_motor_power_measurement.o
LOAD ./Middlewares/MotorControl/pwm_common.o
LOAD ./Middlewares/MotorControl/r3_2_g4xx_pwm_curr_fdbk.o
LOAD ./Middlewares/MotorControl/r_divider_bus_voltage_sensor.o
LOAD ./Middlewares/MotorControl/ramp_ext_mngr.o
LOAD ./Middlewares/MotorControl/revup_ctrl.o
LOAD ./Middlewares/MotorControl/speed_pos_fdbk.o
LOAD ./Middlewares/MotorControl/speed_torq_ctrl.o
LOAD ./Middlewares/MotorControl/sto_pll_speed_pos_fdbk.o
LOAD ./Middlewares/MotorControl/virtual_speed_sensor.o
START GROUP
LOAD C:/ST/STM32CubeIDE_1.15.0/STM32CubeIDE/plugins/com.st.stm32cube.ide.mcu.externaltools.gnu-tools-for-stm32.12.3.rel1.win32_1.0.100.202403111256/tools/bin/../lib/gcc/arm-none-eabi/12.3.1/../../../../arm-none-eabi/lib/thumb/v7e-m+fp/hard\libc_nano.a
LOAD C:/ST/STM32CubeIDE_1.15.0/STM32CubeIDE/plugins/com.st.stm32cube.ide.mcu.externaltools.gnu-tools-for-stm32.12.3.rel1.win32_1.0.100.202403111256/tools/bin/../lib/gcc/arm-none-eabi/12.3.1/../../../../arm-none-eabi/lib/thumb/v7e-m+fp/hard\libm.a
END GROUP
START GROUP
LOAD C:/ST/STM32CubeIDE_1.15.0/STM32CubeIDE/plugins/com.st.stm32cube.ide.mcu.externaltools.gnu-tools-for-stm32.12.3.rel1.win32_1.0.100.202403111256/tools/bin/../lib/gcc/arm-none-eabi/12.3.1/thumb/v7e-m+fp/hard\libgcc.a
LOAD C:/ST/STM32CubeIDE_1.15.0/STM32CubeIDE/plugins/com.st.stm32cube.ide.mcu.externaltools.gnu-tools-for-stm32.12.3.rel1.win32_1.0.100.202403111256/tools/bin/../lib/gcc/arm-none-eabi/12.3.1/../../../../arm-none-eabi/lib/thumb/v7e-m+fp/hard\libc_nano.a
END GROUP
START GROUP
LOAD C:/ST/STM32CubeIDE_1.15.0/STM32CubeIDE/plugins/com.st.stm32cube.ide.mcu.externaltools.gnu-tools-for-stm32.12.3.rel1.win32_1.0.100.202403111256/tools/bin/../lib/gcc/arm-none-eabi/12.3.1/thumb/v7e-m+fp/hard\libgcc.a
LOAD C:/ST/STM32CubeIDE_1.15.0/STM32CubeIDE/plugins/com.st.stm32cube.ide.mcu.externaltools.gnu-tools-for-stm32.12.3.rel1.win32_1.0.100.202403111256/tools/bin/../lib/gcc/arm-none-eabi/12.3.1/../../../../arm-none-eabi/lib/thumb/v7e-m+fp/hard\libc_nano.a
LOAD C:/ST/STM32CubeIDE_1.15.0/STM32CubeIDE/plugins/com.st.stm32cube.ide.mcu.externaltools.gnu-tools-for-stm32.12.3.rel1.win32_1.0.100.202403111256/tools/bin/../lib/gcc/arm-none-eabi/12.3.1/../../../../arm-none-eabi/lib/thumb/v7e-m+fp/hard\libnosys.a
END GROUP
START GROUP
LOAD C:/ST/STM32CubeIDE_1.15.0/STM32CubeIDE/plugins/com.st.stm32cube.ide.mcu.externaltools.gnu-tools-for-stm32.12.3.rel1.win32_1.0.100.202403111256/tools/bin/../lib/gcc/arm-none-eabi/12.3.1/thumb/v7e-m+fp/hard\libgcc.a
LOAD C:/ST/STM32CubeIDE_1.15.0/STM32CubeIDE/plugins/com.st.stm32cube.ide.mcu.externaltools.gnu-tools-for-stm32.12.3.rel1.win32_1.0.100.202403111256/tools/bin/../lib/gcc/arm-none-eabi/12.3.1/../../../../arm-none-eabi/lib/thumb/v7e-m+fp/hard\libc_nano.a
LOAD C:/ST/STM32CubeIDE_1.15.0/STM32CubeIDE/plugins/com.st.stm32cube.ide.mcu.externaltools.gnu-tools-for-stm32.12.3.rel1.win32_1.0.100.202403111256/tools/bin/../lib/gcc/arm-none-eabi/12.3.1/../../../../arm-none-eabi/lib/thumb/v7e-m+fp/hard\libnosys.a
END GROUP
LOAD C:/ST/STM32CubeIDE_1.15.0/STM32CubeIDE/plugins/com.st.stm32cube.ide.mcu.externaltools.gnu-tools-for-stm32.12.3.rel1.win32_1.0.100.202403111256/tools/bin/../lib/gcc/arm-none-eabi/12.3.1/thumb/v7e-m+fp/hard/crtend.o
LOAD C:/ST/STM32CubeIDE_1.15.0/STM32CubeIDE/plugins/com.st.stm32cube.ide.mcu.externaltools.gnu-tools-for-stm32.12.3.rel1.win32_1.0.100.202403111256/tools/bin/../lib/gcc/arm-none-eabi/12.3.1/thumb/v7e-m+fp/hard/crtn.o
                0x20008000                        _estack = (ORIGIN (RAM) + LENGTH (RAM))
                0x00000200                        _Min_Heap_Size = 0x200
                0x00000400                        _Min_Stack_Size = 0x400

.isr_vector     0x08000000      0x1d8
                0x08000000                        . = ALIGN (0x4)
 *(.isr_vector)
 .isr_vector    0x08000000      0x1d8 ./Application/Startup/startup_stm32g431rbtx.o
                0x08000000                g_pfnVectors
                0x080001d8                        . = ALIGN (0x4)

.text           0x080001d8     0xa774
                0x080001d8                        . = ALIGN (0x4)
 *(.text)
 .text          0x080001d8       0x40 C:/ST/STM32CubeIDE_1.15.0/STM32CubeIDE/plugins/com.st.stm32cube.ide.mcu.externaltools.gnu-tools-for-stm32.12.3.rel1.win32_1.0.100.202403111256/tools/bin/../lib/gcc/arm-none-eabi/12.3.1/thumb/v7e-m+fp/hard/crtbegin.o
 .text          0x08000218      0x254 C:/ST/STM32CubeIDE_1.15.0/STM32CubeIDE/plugins/com.st.stm32cube.ide.mcu.externaltools.gnu-tools-for-stm32.12.3.rel1.win32_1.0.100.202403111256/tools/bin/../lib/gcc/arm-none-eabi/12.3.1/thumb/v7e-m+fp/hard\libgcc.a(_arm_muldf3.o)
                0x08000218                __muldf3
                0x08000218                __aeabi_dmul
 .text          0x0800046c      0x378 C:/ST/STM32CubeIDE_1.15.0/STM32CubeIDE/plugins/com.st.stm32cube.ide.mcu.externaltools.gnu-tools-for-stm32.12.3.rel1.win32_1.0.100.202403111256/tools/bin/../lib/gcc/arm-none-eabi/12.3.1/thumb/v7e-m+fp/hard\libgcc.a(_arm_addsubdf3.o)
                0x0800046c                __aeabi_drsub
                0x08000474                __aeabi_dsub
                0x08000474                __subdf3
                0x08000478                __aeabi_dadd
                0x08000478                __adddf3
                0x080006f0                __floatunsidf
                0x080006f0                __aeabi_ui2d
                0x08000710                __floatsidf
                0x08000710                __aeabi_i2d
                0x08000734                __aeabi_f2d
                0x08000734                __extendsfdf2
                0x08000778                __floatundidf
                0x08000778                __aeabi_ul2d
                0x08000788                __floatdidf
                0x08000788                __aeabi_l2d
 .text          0x080007e4       0x50 C:/ST/STM32CubeIDE_1.15.0/STM32CubeIDE/plugins/com.st.stm32cube.ide.mcu.externaltools.gnu-tools-for-stm32.12.3.rel1.win32_1.0.100.202403111256/tools/bin/../lib/gcc/arm-none-eabi/12.3.1/thumb/v7e-m+fp/hard\libgcc.a(_arm_fixdfsi.o)
                0x080007e4                __aeabi_d2iz
                0x080007e4                __fixdfsi
 .text          0x08000834       0xa0 C:/ST/STM32CubeIDE_1.15.0/STM32CubeIDE/plugins/com.st.stm32cube.ide.mcu.externaltools.gnu-tools-for-stm32.12.3.rel1.win32_1.0.100.202403111256/tools/bin/../lib/gcc/arm-none-eabi/12.3.1/thumb/v7e-m+fp/hard\libgcc.a(_arm_truncdfsf2.o)
                0x08000834                __truncdfsf2
                0x08000834                __aeabi_d2f
 .text          0x080008d4       0x30 C:/ST/STM32CubeIDE_1.15.0/STM32CubeIDE/plugins/com.st.stm32cube.ide.mcu.externaltools.gnu-tools-for-stm32.12.3.rel1.win32_1.0.100.202403111256/tools/bin/../lib/gcc/arm-none-eabi/12.3.1/thumb/v7e-m+fp/hard\libgcc.a(_aeabi_uldivmod.o)
                0x080008d4                __aeabi_uldivmod
 .text          0x08000904      0x2bc C:/ST/STM32CubeIDE_1.15.0/STM32CubeIDE/plugins/com.st.stm32cube.ide.mcu.externaltools.gnu-tools-for-stm32.12.3.rel1.win32_1.0.100.202403111256/tools/bin/../lib/gcc/arm-none-eabi/12.3.1/thumb/v7e-m+fp/hard\libgcc.a(_udivmoddi4.o)
                0x08000904                __udivmoddi4
 .text          0x08000bc0        0x4 C:/ST/STM32CubeIDE_1.15.0/STM32CubeIDE/plugins/com.st.stm32cube.ide.mcu.externaltools.gnu-tools-for-stm32.12.3.rel1.win32_1.0.100.202403111256/tools/bin/../lib/gcc/arm-none-eabi/12.3.1/thumb/v7e-m+fp/hard\libgcc.a(_dvmd_tls.o)
                0x08000bc0                __aeabi_idiv0
                0x08000bc0                __aeabi_ldiv0
 *(.text*)
 .text.Reset_Handler
                0x08000bc4       0x50 ./Application/Startup/startup_stm32g431rbtx.o
                0x08000bc4                Reset_Handler
 .text.Default_Handler
                0x08000c14        0x2 ./Application/Startup/startup_stm32g431rbtx.o
                0x08000c14                RTC_Alarm_IRQHandler
                0x08000c14                EXTI2_IRQHandler
                0x08000c14                TIM8_TRG_COM_IRQHandler
                0x08000c14                TIM8_CC_IRQHandler
                0x08000c14                DebugMon_Handler
                0x08000c14                TIM1_CC_IRQHandler
                0x08000c14                USB_HP_IRQHandler
                0x08000c14                CORDIC_IRQHandler
                0x08000c14                PendSV_Handler
                0x08000c14                NMI_Handler
                0x08000c14                EXTI3_IRQHandler
                0x08000c14                I2C3_ER_IRQHandler
                0x08000c14                EXTI0_IRQHandler
                0x08000c14                I2C2_EV_IRQHandler
                0x08000c14                FPU_IRQHandler
                0x08000c14                FDCAN1_IT1_IRQHandler
                0x08000c14                UsageFault_Handler
                0x08000c14                SPI1_IRQHandler
                0x08000c14                TIM6_DAC_IRQHandler
                0x08000c14                TIM8_UP_IRQHandler
                0x08000c14                DMA2_Channel2_IRQHandler
                0x08000c14                DMA1_Channel4_IRQHandler
                0x08000c14                USART3_IRQHandler
                0x08000c14                TIM4_IRQHandler
                0x08000c14                DMA2_Channel1_IRQHandler
                0x08000c14                I2C1_EV_IRQHandler
                0x08000c14                DMA1_Channel6_IRQHandler
                0x08000c14                UART4_IRQHandler
                0x08000c14                DMA2_Channel4_IRQHandler
                0x08000c14                RCC_IRQHandler
                0x08000c14                Default_Handler
                0x08000c14                RTC_TAMP_LSECSS_IRQHandler
                0x08000c14                FMAC_IRQHandler
                0x08000c14                TIM7_IRQHandler
                0x08000c14                UCPD1_IRQHandler
                0x08000c14                I2C3_EV_IRQHandler
                0x08000c14                EXTI9_5_IRQHandler
                0x08000c14                RTC_WKUP_IRQHandler
                0x08000c14                PVD_PVM_IRQHandler
                0x08000c14                SPI2_IRQHandler
                0x08000c14                MemManage_Handler
                0x08000c14                SVC_Handler
                0x08000c14                DMA2_Channel5_IRQHandler
                0x08000c14                CRS_IRQHandler
                0x08000c14                DMA1_Channel5_IRQHandler
                0x08000c14                USB_LP_IRQHandler
                0x08000c14                EXTI4_IRQHandler
                0x08000c14                RNG_IRQHandler
                0x08000c14                TIM1_TRG_COM_TIM17_IRQHandler
                0x08000c14                DMA1_Channel3_IRQHandler
                0x08000c14                WWDG_IRQHandler
                0x08000c14                LPUART1_IRQHandler
                0x08000c14                DMA2_Channel6_IRQHandler
                0x08000c14                FDCAN1_IT0_IRQHandler
                0x08000c14                COMP1_2_3_IRQHandler
                0x08000c14                EXTI1_IRQHandler
                0x08000c14                I2C2_ER_IRQHandler
                0x08000c14                DMA1_Channel2_IRQHandler
                0x08000c14                TIM8_BRK_IRQHandler
                0x08000c14                FLASH_IRQHandler
                0x08000c14                BusFault_Handler
                0x08000c14                USART1_IRQHandler
                0x08000c14                SPI3_IRQHandler
                0x08000c14                I2C1_ER_IRQHandler
                0x08000c14                LPTIM1_IRQHandler
                0x08000c14                DMAMUX_OVR_IRQHandler
                0x08000c14                USBWakeUp_IRQHandler
                0x08000c14                SAI1_IRQHandler
                0x08000c14                DMA2_Channel3_IRQHandler
                0x08000c14                COMP4_IRQHandler
 *fill*         0x08000c16        0x2 
 .text.ASPEP_start
                0x08000c18       0x28 ./Application/User/aspep.o
                0x08000c18                ASPEP_start
 .text.ASPEP_sendBeacon
                0x08000c40       0x8c ./Application/User/aspep.o
                0x08000c40                ASPEP_sendBeacon
 .text.ASPEP_sendPing
                0x08000ccc       0x8c ./Application/User/aspep.o
                0x08000ccc                ASPEP_sendPing
 .text.ASPEP_getBuffer
                0x08000d58       0x60 ./Application/User/aspep.o
                0x08000d58                ASPEP_getBuffer
 .text.ASPEP_sendPacket
                0x08000db8      0x118 ./Application/User/aspep.o
                0x08000db8                ASPEP_sendPacket
 .text.ASPEP_HWDataTransmittedIT
                0x08000ed0       0x98 ./Application/User/aspep.o
                0x08000ed0                ASPEP_HWDataTransmittedIT
 .text.ASPEP_RXframeProcess
                0x08000f68      0x2c0 ./Application/User/aspep.o
                0x08000f68                ASPEP_RXframeProcess
 .text.ASPEP_HWDataReceivedIT
                0x08001228       0x9c ./Application/User/aspep.o
                0x08001228                ASPEP_HWDataReceivedIT
 .text.ASPEP_HWDMAReset
                0x080012c4       0x14 ./Application/User/aspep.o
                0x080012c4                ASPEP_HWDMAReset
 .text.SystemClock_Config
                0x080012d8       0x74 ./Application/User/main.o
                0x080012d8                SystemClock_Config
 .text.startup.main
                0x0800134c      0x624 ./Application/User/main.o
                0x0800134c                main
 .text.HAL_TIM_PeriodElapsedCallback
                0x08001970       0x1c ./Application/User/main.o
                0x08001970                HAL_TIM_PeriodElapsedCallback
 .text.Error_Handler
                0x0800198c        0x4 ./Application/User/main.o
                0x0800198c                Error_Handler
 .text.MC_StartMotor1
                0x08001990        0xc ./Application/User/mc_api.o
                0x08001990                MC_StartMotor1
 .text.MC_StopMotor1
                0x0800199c        0xc ./Application/User/mc_api.o
                0x0800199c                MC_StopMotor1
 .text.MC_GetSTMStateMotor1
                0x080019a8        0xc ./Application/User/mc_api.o
                0x080019a8                MC_GetSTMStateMotor1
 .text.MC_ProfilerCommand
                0x080019b4        0x4 ./Application/User/mc_api.o
                0x080019b4                MC_ProfilerCommand
 .text.MC_APP_BootHook
                0x080019b8        0x4 ./Application/User/mc_app_hooks.o
                0x080019b8                MC_APP_BootHook
 .text.MC_APP_PostMediumFrequencyHook_M1
                0x080019bc        0x4 ./Application/User/mc_app_hooks.o
                0x080019bc                MC_APP_PostMediumFrequencyHook_M1
 .text.MCI_Init
                0x080019c0       0x24 ./Application/User/mc_interface.o
                0x080019c0                MCI_Init
 .text.MCI_ExecSpeedRamp
                0x080019e4       0x14 ./Application/User/mc_interface.o
                0x080019e4                MCI_ExecSpeedRamp
 .text.MCI_ExecTorqueRamp
                0x080019f8       0x14 ./Application/User/mc_interface.o
                0x080019f8                MCI_ExecTorqueRamp
 .text.MCI_SetCurrentReferences
                0x08001a0c       0x14 ./Application/User/mc_interface.o
                0x08001a0c                MCI_SetCurrentReferences
 .text.MCI_FaultProcessing
                0x08001a20       0x18 ./Application/User/mc_interface.o
                0x08001a20                MCI_FaultProcessing
 .text.MCI_ExecBufferedCommands
                0x08001a38       0x74 ./Application/User/mc_interface.o
                0x08001a38                MCI_ExecBufferedCommands
 .text.MCI_GetSTMState
                0x08001aac        0x4 ./Application/User/mc_interface.o
                0x08001aac                MCI_GetSTMState
 .text.MCI_GetOccurredFaults
                0x08001ab0        0x4 ./Application/User/mc_interface.o
                0x08001ab0                MCI_GetOccurredFaults
 .text.MCI_GetCurrentFaults
                0x08001ab4        0x4 ./Application/User/mc_interface.o
                0x08001ab4                MCI_GetCurrentFaults
 .text.MCI_StartMotor
                0x08001ab8       0x2c ./Application/User/mc_interface.o
                0x08001ab8                MCI_StartMotor
 .text.MCI_StopMotor
                0x08001ae4       0x38 ./Application/User/mc_interface.o
                0x08001ae4                MCI_StopMotor
 .text.MCI_FaultAcknowledged
                0x08001b1c       0x24 ./Application/User/mc_interface.o
                0x08001b1c                MCI_FaultAcknowledged
 .text.MCI_GetFaultState
                0x08001b40        0xc ./Application/User/mc_interface.o
                0x08001b40                MCI_GetFaultState
 .text.MCI_GetControlMode
                0x08001b4c        0x4 ./Application/User/mc_interface.o
                0x08001b4c                MCI_GetControlMode
 .text.MCI_GetImposedMotorDirection
                0x08001b50       0x44 ./Application/User/mc_interface.o
                0x08001b50                MCI_GetImposedMotorDirection
 .text.MCI_GetLastRampFinalSpeed
                0x08001b94        0x8 ./Application/User/mc_interface.o
                0x08001b94                MCI_GetLastRampFinalSpeed
 .text.MCI_GetLastRampFinalTorque
                0x08001b9c        0x8 ./Application/User/mc_interface.o
                0x08001b9c                MCI_GetLastRampFinalTorque
 .text.MCI_GetLastRampFinalDuration
                0x08001ba4        0x4 ./Application/User/mc_interface.o
                0x08001ba4                MCI_GetLastRampFinalDuration
 .text.MCI_StopRamp
                0x08001ba8        0x8 ./Application/User/mc_interface.o
                0x08001ba8                MCI_StopRamp
 .text.MCI_GetAvrgMecSpeedUnit
                0x08001bb0       0x10 ./Application/User/mc_interface.o
                0x08001bb0                MCI_GetAvrgMecSpeedUnit
 .text.MCI_GetMecSpeedRefUnit
                0x08001bc0        0x8 ./Application/User/mc_interface.o
                0x08001bc0                MCI_GetMecSpeedRefUnit
 .text.MCI_GetIab
                0x08001bc8       0x1c ./Application/User/mc_interface.o
                0x08001bc8                MCI_GetIab
 .text.MCI_GetIalphabeta
                0x08001be4       0x1c ./Application/User/mc_interface.o
                0x08001be4                MCI_GetIalphabeta
 .text.MCI_GetIqd
                0x08001c00       0x1c ./Application/User/mc_interface.o
                0x08001c00                MCI_GetIqd
 .text.MCI_GetIqdref
                0x08001c1c       0x1c ./Application/User/mc_interface.o
                0x08001c1c                MCI_GetIqdref
 .text.MCI_GetVqd
                0x08001c38       0x1c ./Application/User/mc_interface.o
                0x08001c38                MCI_GetVqd
 .text.MCI_GetValphabeta
                0x08001c54       0x1c ./Application/User/mc_interface.o
                0x08001c54                MCI_GetValphabeta
 .text.MCI_GetTeref
                0x08001c70        0x8 ./Application/User/mc_interface.o
                0x08001c70                MCI_GetTeref
 .text.MCI_Clear_Iqdref
                0x08001c78       0x14 ./Application/User/mc_interface.o
                0x08001c78                MCI_Clear_Iqdref
 .text.MCM_Clarke
                0x08001c8c       0x54 ./Application/User/mc_math.o
                0x08001c8c                MCM_Clarke
 .text.MCM_Trig_Functions
                0x08001ce0       0x2c ./Application/User/mc_math.o
                0x08001ce0                MCM_Trig_Functions
 .text.MCM_Park
                0x08001d0c       0x84 ./Application/User/mc_math.o
                0x08001d0c                MCM_Park
 .text.MCM_Rev_Park
                0x08001d90       0x3c ./Application/User/mc_math.o
                0x08001d90                MCM_Rev_Park
 .text.MCM_Sqrt
                0x08001dcc       0x20 ./Application/User/mc_math.o
                0x08001dcc                MCM_Sqrt
 *fill*         0x08001dec        0x4 
 .text.readAs5048a
                0x08001df0      0x200 ./Application/User/mc_tasks.o
                0x08001df0                readAs5048a
 .text.FOC_Clear
                0x08001ff0       0x74 ./Application/User/mc_tasks.o
                0x08001ff0                FOC_Clear
 .text.MCboot   0x08002064      0x130 ./Application/User/mc_tasks.o
                0x08002064                MCboot
 .text.FOC_InitAdditionalMethods
                0x08002194        0x4 ./Application/User/mc_tasks.o
                0x08002194                FOC_InitAdditionalMethods
 .text.FOC_CalcCurrRef
                0x08002198       0xac ./Application/User/mc_tasks.o
                0x08002198                FOC_CalcCurrRef
 .text.TSK_SetChargeBootCapDelayM1
                0x08002244        0xc ./Application/User/mc_tasks.o
                0x08002244                TSK_SetChargeBootCapDelayM1
 .text.TSK_ChargeBootCapDelayHasElapsedM1
                0x08002250       0x14 ./Application/User/mc_tasks.o
                0x08002250                TSK_ChargeBootCapDelayHasElapsedM1
 .text.TSK_SetStopPermanencyTimeM1
                0x08002264        0xc ./Application/User/mc_tasks.o
                0x08002264                TSK_SetStopPermanencyTimeM1
 .text.TSK_StopPermanencyTimeHasElapsedM1
                0x08002270       0x14 ./Application/User/mc_tasks.o
                0x08002270                TSK_StopPermanencyTimeHasElapsedM1
 .text.TSK_MediumFrequencyTaskM1
                0x08002284      0x4a8 ./Application/User/mc_tasks.o
                0x08002284                TSK_MediumFrequencyTaskM1
 .text.MC_Scheduler
                0x0800272c       0x8c ./Application/User/mc_tasks.o
                0x0800272c                MC_Scheduler
 .text.TSK_HighFrequencyTask
                0x080027b8      0x3b0 ./Application/User/mc_tasks.o
                0x080027b8                TSK_HighFrequencyTask
 .text.TSK_SafetyTask_PWMOFF
                0x08002b68       0x90 ./Application/User/mc_tasks.o
                0x08002b68                TSK_SafetyTask_PWMOFF
 .text.TSK_SafetyTask
                0x08002bf8       0x20 ./Application/User/mc_tasks.o
                0x08002bf8                TSK_SafetyTask
 .text.MC_RunMotorControlTasks
                0x08002c18       0x18 ./Application/User/mc_tasks.o
                0x08002c18                MC_RunMotorControlTasks
 .text.TSK_HardwareFaultTask
                0x08002c30       0x20 ./Application/User/mc_tasks.o
                0x08002c30                TSK_HardwareFaultTask
 .text.UI_HandleStartStopButton_cb
                0x08002c50       0x18 ./Application/User/mc_tasks.o
                0x08002c50                UI_HandleStartStopButton_cb
 .text.mc_lock_pins
                0x08002c68      0x100 ./Application/User/mc_tasks.o
                0x08002c68                mc_lock_pins
 .text.MX_MotorControl_Init
                0x08002d68       0x3c ./Application/User/motorcontrol.o
                0x08002d68                MX_MotorControl_Init
 .text.PWMC_GetPhaseCurrents
                0x08002da4        0x4 ./Application/User/pwm_curr_fdbk.o
                0x08002da4                PWMC_GetPhaseCurrents
 .text.PWMC_SetPhaseVoltage
                0x08002da8      0x244 ./Application/User/pwm_curr_fdbk.o
                0x08002da8                PWMC_SetPhaseVoltage
 .text.PWMC_SwitchOffPWM
                0x08002fec        0x4 ./Application/User/pwm_curr_fdbk.o
                0x08002fec                PWMC_SwitchOffPWM
 .text.PWMC_SwitchOnPWM
                0x08002ff0        0x4 ./Application/User/pwm_curr_fdbk.o
                0x08002ff0                PWMC_SwitchOnPWM
 .text.PWMC_CurrentReadingCalibr
                0x08002ff4       0x34 ./Application/User/pwm_curr_fdbk.o
                0x08002ff4                PWMC_CurrentReadingCalibr
 .text.PWMC_CheckOverCurrent
                0x08003028        0x4 ./Application/User/pwm_curr_fdbk.o
                0x08003028                PWMC_CheckOverCurrent
 .text.RI_SetRegCommandParser
                0x0800302c      0x660 ./Application/User/register_interface.o
                0x0800302c                RI_SetRegCommandParser
 .text.RI_GetRegCommandParser
                0x0800368c      0x8d4 ./Application/User/register_interface.o
                0x0800368c                RI_GetRegCommandParser
 .text.RI_GetIDSize
                0x08003f60       0x18 ./Application/User/register_interface.o
                0x08003f60                RI_GetIDSize
 .text.RI_GetPtrReg
                0x08003f78      0x130 ./Application/User/register_interface.o
                0x08003f78                RI_GetPtrReg
 .text.RCM_RegisterRegConv
                0x080040a8      0x1f4 ./Application/User/regular_conversion_manager.o
                0x080040a8                RCM_RegisterRegConv
 .text.RCM_ExecRegularConv
                0x0800429c      0x188 ./Application/User/regular_conversion_manager.o
                0x0800429c                RCM_ExecRegularConv
 .text.RCM_ExecUserConv
                0x08004424       0x60 ./Application/User/regular_conversion_manager.o
                0x08004424                RCM_ExecUserConv
 .text.RCM_ExecNextConv
                0x08004484       0x88 ./Application/User/regular_conversion_manager.o
                0x08004484                RCM_ExecNextConv
 .text.RCM_ReadOngoingConv
                0x0800450c       0x54 ./Application/User/regular_conversion_manager.o
                0x0800450c                RCM_ReadOngoingConv
 .text.HAL_MspInit
                0x08004560       0x40 ./Application/User/stm32g4xx_hal_msp.o
                0x08004560                HAL_MspInit
 .text.HAL_ADC_MspInit
                0x080045a0      0x16c ./Application/User/stm32g4xx_hal_msp.o
                0x080045a0                HAL_ADC_MspInit
 .text.HAL_CORDIC_MspInit
                0x0800470c       0x30 ./Application/User/stm32g4xx_hal_msp.o
                0x0800470c                HAL_CORDIC_MspInit
 *fill*         0x0800473c        0x4 
 .text.HAL_SPI_MspInit
                0x08004740       0x78 ./Application/User/stm32g4xx_hal_msp.o
                0x08004740                HAL_SPI_MspInit
 .text.HAL_TIM_Base_MspInit
                0x080047b8       0xbc ./Application/User/stm32g4xx_hal_msp.o
                0x080047b8                HAL_TIM_Base_MspInit
 *fill*         0x08004874        0x4 
 .text.HAL_TIM_MspPostInit
                0x08004878       0x74 ./Application/User/stm32g4xx_hal_msp.o
                0x08004878                HAL_TIM_MspPostInit
 .text.HAL_UART_MspInit
                0x080048ec       0xf8 ./Application/User/stm32g4xx_hal_msp.o
                0x080048ec                HAL_UART_MspInit
 .text.TIM2_IRQHandler
                0x080049e4        0xc ./Application/User/stm32g4xx_it.o
                0x080049e4                TIM2_IRQHandler
 .text.TIM3_IRQHandler
                0x080049f0        0xc ./Application/User/stm32g4xx_it.o
                0x080049f0                TIM3_IRQHandler
 .text.ADC1_2_IRQHandler
                0x080049fc        0xc ./Application/User/stm32g4xx_mc_it.o
                0x080049fc                ADC1_2_IRQHandler
 .text.TIM1_UP_TIM16_IRQHandler
                0x08004a08       0x18 ./Application/User/stm32g4xx_mc_it.o
                0x08004a08                TIM1_UP_TIM16_IRQHandler
 .text.TIM1_BRK_TIM15_IRQHandler
                0x08004a20       0x3c ./Application/User/stm32g4xx_mc_it.o
                0x08004a20                TIM1_BRK_TIM15_IRQHandler
 .text.DMA1_Channel1_IRQHandler
                0x08004a5c       0x1c ./Application/User/stm32g4xx_mc_it.o
                0x08004a5c                DMA1_Channel1_IRQHandler
 .text.USART2_IRQHandler
                0x08004a78      0x114 ./Application/User/stm32g4xx_mc_it.o
                0x08004a78                USART2_IRQHandler
 .text.HardFault_Handler
                0x08004b8c        0x8 ./Application/User/stm32g4xx_mc_it.o
                0x08004b8c                HardFault_Handler
 .text.SysTick_Handler
                0x08004b94       0x30 ./Application/User/stm32g4xx_mc_it.o
                0x08004b94                SysTick_Handler
 .text.EXTI15_10_IRQHandler
                0x08004bc4       0x18 ./Application/User/stm32g4xx_mc_it.o
                0x08004bc4                EXTI15_10_IRQHandler
 .text.UASPEP_INIT
                0x08004bdc       0x90 ./Application/User/usart_aspep_driver.o
                0x08004bdc                UASPEP_INIT
 .text.UASPEP_SEND_PACKET
                0x08004c6c       0x38 ./Application/User/usart_aspep_driver.o
                0x08004c6c                UASPEP_SEND_PACKET
 .text.UASPEP_RECEIVE_BUFFER
                0x08004ca4       0x38 ./Application/User/usart_aspep_driver.o
                0x08004ca4                UASPEP_RECEIVE_BUFFER
 .text.UASPEP_IDLE_ENABLE
                0x08004cdc       0x18 ./Application/User/usart_aspep_driver.o
                0x08004cdc                UASPEP_IDLE_ENABLE
 .text.SystemInit
                0x08004cf4       0x14 ./Drivers/CMSIS/system_stm32g4xx.o
                0x08004cf4                SystemInit
 .text.HAL_InitTick
                0x08004d08       0x4c ./Drivers/STM32G4xx_HAL_Driver/stm32g4xx_hal.o
                0x08004d08                HAL_InitTick
 .text.HAL_Init
                0x08004d54       0x20 ./Drivers/STM32G4xx_HAL_Driver/stm32g4xx_hal.o
                0x08004d54                HAL_Init
 .text.HAL_IncTick
                0x08004d74       0x18 ./Drivers/STM32G4xx_HAL_Driver/stm32g4xx_hal.o
                0x08004d74                HAL_IncTick
 .text.HAL_GetTick
                0x08004d8c        0xc ./Drivers/STM32G4xx_HAL_Driver/stm32g4xx_hal.o
                0x08004d8c                HAL_GetTick
 .text.HAL_ADC_Init
                0x08004d98      0x200 ./Drivers/STM32G4xx_HAL_Driver/stm32g4xx_hal_adc.o
                0x08004d98                HAL_ADC_Init
 .text.HAL_ADC_ConfigChannel
                0x08004f98      0x4a0 ./Drivers/STM32G4xx_HAL_Driver/stm32g4xx_hal_adc.o
                0x08004f98                HAL_ADC_ConfigChannel
 .text.HAL_ADCEx_InjectedConfigChannel
                0x08005438      0x5b4 ./Drivers/STM32G4xx_HAL_Driver/stm32g4xx_hal_adc_ex.o
                0x08005438                HAL_ADCEx_InjectedConfigChannel
 .text.HAL_ADCEx_MultiModeConfigChannel
                0x080059ec       0xcc ./Drivers/STM32G4xx_HAL_Driver/stm32g4xx_hal_adc_ex.o
                0x080059ec                HAL_ADCEx_MultiModeConfigChannel
 .text.HAL_CORDIC_Init
                0x08005ab8       0x34 ./Drivers/STM32G4xx_HAL_Driver/stm32g4xx_hal_cordic.o
                0x08005ab8                HAL_CORDIC_Init
 .text.HAL_NVIC_SetPriorityGrouping
                0x08005aec       0x24 ./Drivers/STM32G4xx_HAL_Driver/stm32g4xx_hal_cortex.o
                0x08005aec                HAL_NVIC_SetPriorityGrouping
 .text.HAL_NVIC_SetPriority
                0x08005b10       0x78 ./Drivers/STM32G4xx_HAL_Driver/stm32g4xx_hal_cortex.o
                0x08005b10                HAL_NVIC_SetPriority
 .text.HAL_NVIC_EnableIRQ
                0x08005b88       0x1c ./Drivers/STM32G4xx_HAL_Driver/stm32g4xx_hal_cortex.o
                0x08005b88                HAL_NVIC_EnableIRQ
 .text.HAL_SYSTICK_Config
                0x08005ba4       0x34 ./Drivers/STM32G4xx_HAL_Driver/stm32g4xx_hal_cortex.o
                0x08005ba4                HAL_SYSTICK_Config
 .text.HAL_SYSTICK_Callback
                0x08005bd8        0x4 ./Drivers/STM32G4xx_HAL_Driver/stm32g4xx_hal_cortex.o
                0x08005bd8                HAL_SYSTICK_Callback
 .text.HAL_SYSTICK_IRQHandler
                0x08005bdc        0x8 ./Drivers/STM32G4xx_HAL_Driver/stm32g4xx_hal_cortex.o
                0x08005bdc                HAL_SYSTICK_IRQHandler
 .text.HAL_DMA_Init
                0x08005be4      0x124 ./Drivers/STM32G4xx_HAL_Driver/stm32g4xx_hal_dma.o
                0x08005be4                HAL_DMA_Init
 .text.HAL_GPIO_Init
                0x08005d08      0x210 ./Drivers/STM32G4xx_HAL_Driver/stm32g4xx_hal_gpio.o
                0x08005d08                HAL_GPIO_Init
 .text.HAL_GPIO_WritePin
                0x08005f18        0xc ./Drivers/STM32G4xx_HAL_Driver/stm32g4xx_hal_gpio.o
                0x08005f18                HAL_GPIO_WritePin
 .text.HAL_PWREx_ControlVoltageScaling
                0x08005f24       0xe4 ./Drivers/STM32G4xx_HAL_Driver/stm32g4xx_hal_pwr_ex.o
                0x08005f24                HAL_PWREx_ControlVoltageScaling
 .text.HAL_PWREx_DisableUCPDDeadBattery
                0x08006008       0x10 ./Drivers/STM32G4xx_HAL_Driver/stm32g4xx_hal_pwr_ex.o
                0x08006008                HAL_PWREx_DisableUCPDDeadBattery
 .text.HAL_RCC_OscConfig
                0x08006018      0x484 ./Drivers/STM32G4xx_HAL_Driver/stm32g4xx_hal_rcc.o
                0x08006018                HAL_RCC_OscConfig
 .text.HAL_RCC_GetSysClockFreq
                0x0800649c       0x70 ./Drivers/STM32G4xx_HAL_Driver/stm32g4xx_hal_rcc.o
                0x0800649c                HAL_RCC_GetSysClockFreq
 .text.HAL_RCC_ClockConfig
                0x0800650c      0x208 ./Drivers/STM32G4xx_HAL_Driver/stm32g4xx_hal_rcc.o
                0x0800650c                HAL_RCC_ClockConfig
 .text.HAL_RCC_GetHCLKFreq
                0x08006714        0xc ./Drivers/STM32G4xx_HAL_Driver/stm32g4xx_hal_rcc.o
                0x08006714                HAL_RCC_GetHCLKFreq
 .text.HAL_RCC_GetPCLK1Freq
                0x08006720       0x24 ./Drivers/STM32G4xx_HAL_Driver/stm32g4xx_hal_rcc.o
                0x08006720                HAL_RCC_GetPCLK1Freq
 .text.HAL_RCC_GetPCLK2Freq
                0x08006744       0x24 ./Drivers/STM32G4xx_HAL_Driver/stm32g4xx_hal_rcc.o
                0x08006744                HAL_RCC_GetPCLK2Freq
 .text.HAL_RCC_EnableCSS
                0x08006768       0x10 ./Drivers/STM32G4xx_HAL_Driver/stm32g4xx_hal_rcc.o
                0x08006768                HAL_RCC_EnableCSS
 .text.HAL_RCCEx_PeriphCLKConfig
                0x08006778      0x2a0 ./Drivers/STM32G4xx_HAL_Driver/stm32g4xx_hal_rcc_ex.o
                0x08006778                HAL_RCCEx_PeriphCLKConfig
 .text.SPI_WaitFifoStateUntilTimeout.constprop.0
                0x08006a18       0xec ./Drivers/STM32G4xx_HAL_Driver/stm32g4xx_hal_spi.o
 .text.SPI_EndRxTxTransaction
                0x08006b04      0x144 ./Drivers/STM32G4xx_HAL_Driver/stm32g4xx_hal_spi.o
 .text.HAL_SPI_Init
                0x08006c48       0xfc ./Drivers/STM32G4xx_HAL_Driver/stm32g4xx_hal_spi.o
                0x08006c48                HAL_SPI_Init
 .text.HAL_SPI_TransmitReceive
                0x08006d44      0x304 ./Drivers/STM32G4xx_HAL_Driver/stm32g4xx_hal_spi.o
                0x08006d44                HAL_SPI_TransmitReceive
 .text.TIM_OC1_SetConfig
                0x08007048       0x78 ./Drivers/STM32G4xx_HAL_Driver/stm32g4xx_hal_tim.o
 .text.TIM_OC3_SetConfig
                0x080070c0       0x80 ./Drivers/STM32G4xx_HAL_Driver/stm32g4xx_hal_tim.o
 .text.TIM_OC4_SetConfig
                0x08007140       0x84 ./Drivers/STM32G4xx_HAL_Driver/stm32g4xx_hal_tim.o
 .text.HAL_TIM_Base_Init
                0x080071c4       0xec ./Drivers/STM32G4xx_HAL_Driver/stm32g4xx_hal_tim.o
                0x080071c4                HAL_TIM_Base_Init
 .text.HAL_TIM_Base_Start_IT
                0x080072b0       0x70 ./Drivers/STM32G4xx_HAL_Driver/stm32g4xx_hal_tim.o
                0x080072b0                HAL_TIM_Base_Start_IT
 .text.HAL_TIM_PWM_MspInit
                0x08007320        0x4 ./Drivers/STM32G4xx_HAL_Driver/stm32g4xx_hal_tim.o
                0x08007320                HAL_TIM_PWM_MspInit
 .text.HAL_TIM_PWM_Init
                0x08007324       0xec ./Drivers/STM32G4xx_HAL_Driver/stm32g4xx_hal_tim.o
                0x08007324                HAL_TIM_PWM_Init
 .text.HAL_TIM_ConfigClockSource
                0x08007410      0x19c ./Drivers/STM32G4xx_HAL_Driver/stm32g4xx_hal_tim.o
                0x08007410                HAL_TIM_ConfigClockSource
 .text.HAL_TIM_SlaveConfigSynchro
                0x080075ac      0x138 ./Drivers/STM32G4xx_HAL_Driver/stm32g4xx_hal_tim.o
                0x080075ac                HAL_TIM_SlaveConfigSynchro
 .text.HAL_TIM_OC_DelayElapsedCallback
                0x080076e4        0x4 ./Drivers/STM32G4xx_HAL_Driver/stm32g4xx_hal_tim.o
                0x080076e4                HAL_TIM_OC_DelayElapsedCallback
 .text.HAL_TIM_IC_CaptureCallback
                0x080076e8        0x4 ./Drivers/STM32G4xx_HAL_Driver/stm32g4xx_hal_tim.o
                0x080076e8                HAL_TIM_IC_CaptureCallback
 .text.HAL_TIM_PWM_PulseFinishedCallback
                0x080076ec        0x4 ./Drivers/STM32G4xx_HAL_Driver/stm32g4xx_hal_tim.o
                0x080076ec                HAL_TIM_PWM_PulseFinishedCallback
 .text.HAL_TIM_TriggerCallback
                0x080076f0        0x4 ./Drivers/STM32G4xx_HAL_Driver/stm32g4xx_hal_tim.o
                0x080076f0                HAL_TIM_TriggerCallback
 .text.HAL_TIM_IRQHandler
                0x080076f4      0x1f4 ./Drivers/STM32G4xx_HAL_Driver/stm32g4xx_hal_tim.o
                0x080076f4                HAL_TIM_IRQHandler
 .text.TIM_OC2_SetConfig
                0x080078e8       0x84 ./Drivers/STM32G4xx_HAL_Driver/stm32g4xx_hal_tim.o
                0x080078e8                TIM_OC2_SetConfig
 .text.HAL_TIM_PWM_ConfigChannel
                0x0800796c      0x1cc ./Drivers/STM32G4xx_HAL_Driver/stm32g4xx_hal_tim.o
                0x0800796c                HAL_TIM_PWM_ConfigChannel
 .text.HAL_TIMEx_MasterConfigSynchronization
                0x08007b38       0xa4 ./Drivers/STM32G4xx_HAL_Driver/stm32g4xx_hal_tim_ex.o
                0x08007b38                HAL_TIMEx_MasterConfigSynchronization
 .text.HAL_TIMEx_ConfigBreakDeadTime
                0x08007bdc       0x9c ./Drivers/STM32G4xx_HAL_Driver/stm32g4xx_hal_tim_ex.o
                0x08007bdc                HAL_TIMEx_ConfigBreakDeadTime
 .text.HAL_TIMEx_ConfigBreakInput
                0x08007c78       0xb0 ./Drivers/STM32G4xx_HAL_Driver/stm32g4xx_hal_tim_ex.o
                0x08007c78                HAL_TIMEx_ConfigBreakInput
 .text.HAL_TIMEx_CommutCallback
                0x08007d28        0x4 ./Drivers/STM32G4xx_HAL_Driver/stm32g4xx_hal_tim_ex.o
                0x08007d28                HAL_TIMEx_CommutCallback
 .text.HAL_TIMEx_BreakCallback
                0x08007d2c        0x4 ./Drivers/STM32G4xx_HAL_Driver/stm32g4xx_hal_tim_ex.o
                0x08007d2c                HAL_TIMEx_BreakCallback
 .text.HAL_TIMEx_Break2Callback
                0x08007d30        0x4 ./Drivers/STM32G4xx_HAL_Driver/stm32g4xx_hal_tim_ex.o
                0x08007d30                HAL_TIMEx_Break2Callback
 .text.HAL_TIMEx_EncoderIndexCallback
                0x08007d34        0x4 ./Drivers/STM32G4xx_HAL_Driver/stm32g4xx_hal_tim_ex.o
                0x08007d34                HAL_TIMEx_EncoderIndexCallback
 .text.HAL_TIMEx_DirectionChangeCallback
                0x08007d38        0x4 ./Drivers/STM32G4xx_HAL_Driver/stm32g4xx_hal_tim_ex.o
                0x08007d38                HAL_TIMEx_DirectionChangeCallback
 .text.HAL_TIMEx_IndexErrorCallback
                0x08007d3c        0x4 ./Drivers/STM32G4xx_HAL_Driver/stm32g4xx_hal_tim_ex.o
                0x08007d3c                HAL_TIMEx_IndexErrorCallback
 .text.HAL_TIMEx_TransitionErrorCallback
                0x08007d40        0x4 ./Drivers/STM32G4xx_HAL_Driver/stm32g4xx_hal_tim_ex.o
                0x08007d40                HAL_TIMEx_TransitionErrorCallback
 .text.UART_SetConfig
                0x08007d44      0x294 ./Drivers/STM32G4xx_HAL_Driver/stm32g4xx_hal_uart.o
                0x08007d44                UART_SetConfig
 .text.UART_AdvFeatureConfig
                0x08007fd8       0xb0 ./Drivers/STM32G4xx_HAL_Driver/stm32g4xx_hal_uart.o
                0x08007fd8                UART_AdvFeatureConfig
 .text.UART_WaitOnFlagUntilTimeout
                0x08008088       0xec ./Drivers/STM32G4xx_HAL_Driver/stm32g4xx_hal_uart.o
                0x08008088                UART_WaitOnFlagUntilTimeout
 .text.HAL_UART_Init
                0x08008174       0xd8 ./Drivers/STM32G4xx_HAL_Driver/stm32g4xx_hal_uart.o
                0x08008174                HAL_UART_Init
 .text.HAL_UARTEx_DisableFifoMode
                0x0800824c       0x3c ./Drivers/STM32G4xx_HAL_Driver/stm32g4xx_hal_uart_ex.o
                0x0800824c                HAL_UARTEx_DisableFifoMode
 .text.HAL_UARTEx_SetTxFifoThreshold
                0x08008288       0x84 ./Drivers/STM32G4xx_HAL_Driver/stm32g4xx_hal_uart_ex.o
                0x08008288                HAL_UARTEx_SetTxFifoThreshold
 .text.HAL_UARTEx_SetRxFifoThreshold
                0x0800830c       0x84 ./Drivers/STM32G4xx_HAL_Driver/stm32g4xx_hal_uart_ex.o
                0x0800830c                HAL_UARTEx_SetRxFifoThreshold
 .text.VBS_GetAvBusVoltage_d
                0x08008390        0x4 ./Middlewares/MotorControl/bus_voltage_sensor.o
                0x08008390                VBS_GetAvBusVoltage_d
 .text.VBS_GetAvBusVoltage_V
                0x08008394        0xc ./Middlewares/MotorControl/bus_voltage_sensor.o
                0x08008394                VBS_GetAvBusVoltage_V
 .text.Circle_Limitation
                0x080083a0       0x5c ./Middlewares/MotorControl/circle_limitation.o
                0x080083a0                Circle_Limitation
 .text.MCP_ReceivedPacket
                0x080083fc      0x170 ./Middlewares/MotorControl/mcp.o
                0x080083fc                MCP_ReceivedPacket
 .text.MCPA_dataLog
                0x0800856c      0x180 ./Middlewares/MotorControl/mcpa.o
                0x0800856c                MCPA_dataLog
 .text.MCPA_flushDataLog
                0x080086ec       0x5c ./Middlewares/MotorControl/mcpa.o
                0x080086ec                MCPA_flushDataLog
 .text.MCPA_cfgLog
                0x08008748       0xf0 ./Middlewares/MotorControl/mcpa.o
                0x08008748                MCPA_cfgLog
 .text.NTC_SetFaultState
                0x08008838       0x1c ./Middlewares/MotorControl/ntc_temperature_sensor.o
                0x08008838                NTC_SetFaultState
 .text.NTC_Clear
                0x08008854        0x8 ./Middlewares/MotorControl/ntc_temperature_sensor.o
                0x08008854                NTC_Clear
 .text.NTC_Init
                0x0800885c       0x24 ./Middlewares/MotorControl/ntc_temperature_sensor.o
                0x0800885c                NTC_Init
 .text.NTC_CalcAvTemp
                0x08008880       0x38 ./Middlewares/MotorControl/ntc_temperature_sensor.o
                0x08008880                NTC_CalcAvTemp
 .text.NTC_GetAvTemp_C
                0x080088b8       0x24 ./Middlewares/MotorControl/ntc_temperature_sensor.o
                0x080088b8                NTC_GetAvTemp_C
 .text.PID_HandleInit
                0x080088dc       0x10 ./Middlewares/MotorControl/pid_regulator.o
                0x080088dc                PID_HandleInit
 .text.PID_SetKP
                0x080088ec        0x4 ./Middlewares/MotorControl/pid_regulator.o
                0x080088ec                PID_SetKP
 .text.PID_SetKI
                0x080088f0        0x4 ./Middlewares/MotorControl/pid_regulator.o
                0x080088f0                PID_SetKI
 .text.PID_GetKP
                0x080088f4        0x8 ./Middlewares/MotorControl/pid_regulator.o
                0x080088f4                PID_GetKP
 .text.PID_GetKI
                0x080088fc        0x8 ./Middlewares/MotorControl/pid_regulator.o
                0x080088fc                PID_GetKI
 .text.PID_SetIntegralTerm
                0x08008904        0x4 ./Middlewares/MotorControl/pid_regulator.o
                0x08008904                PID_SetIntegralTerm
 .text.PID_GetKPDivisorPOW2
                0x08008908        0x4 ./Middlewares/MotorControl/pid_regulator.o
                0x08008908                PID_GetKPDivisorPOW2
 .text.PID_SetKPDivisorPOW2
                0x0800890c        0xc ./Middlewares/MotorControl/pid_regulator.o
                0x0800890c                PID_SetKPDivisorPOW2
 .text.PID_GetKIDivisor
                0x08008918        0x4 ./Middlewares/MotorControl/pid_regulator.o
                0x08008918                PID_GetKIDivisor
 .text.PID_GetKIDivisorPOW2
                0x0800891c        0x4 ./Middlewares/MotorControl/pid_regulator.o
                0x0800891c                PID_GetKIDivisorPOW2
 .text.PID_SetLowerIntegralTermLimit
                0x08008920        0x4 ./Middlewares/MotorControl/pid_regulator.o
                0x08008920                PID_SetLowerIntegralTermLimit
 .text.PID_SetUpperIntegralTermLimit
                0x08008924        0x4 ./Middlewares/MotorControl/pid_regulator.o
                0x08008924                PID_SetUpperIntegralTermLimit
 .text.PID_SetKIDivisorPOW2
                0x08008928       0x28 ./Middlewares/MotorControl/pid_regulator.o
                0x08008928                PID_SetKIDivisorPOW2
 .text.PID_SetKD
                0x08008950        0x4 ./Middlewares/MotorControl/pid_regulator.o
                0x08008950                PID_SetKD
 .text.PID_GetKD
                0x08008954        0x8 ./Middlewares/MotorControl/pid_regulator.o
                0x08008954                PID_GetKD
 .text.PID_GetKDDivisorPOW2
                0x0800895c        0x4 ./Middlewares/MotorControl/pid_regulator.o
                0x0800895c                PID_GetKDDivisorPOW2
 .text.PID_SetKDDivisorPOW2
                0x08008960        0xc ./Middlewares/MotorControl/pid_regulator.o
                0x08008960                PID_SetKDDivisorPOW2
 .text.PI_Controller
                0x0800896c       0x80 ./Middlewares/MotorControl/pid_regulator.o
                0x0800896c                PI_Controller
 .text.PQD_CalcElMotorPower
                0x080089ec       0x34 ./Middlewares/MotorControl/pqd_motor_power_measurement.o
                0x080089ec                PQD_CalcElMotorPower
 .text.PQD_Clear
                0x08008a20        0x8 ./Middlewares/MotorControl/pqd_motor_power_measurement.o
                0x08008a20                PQD_Clear
 .text.PQD_GetAvrgElMotorPowerW
                0x08008a28       0x24 ./Middlewares/MotorControl/pqd_motor_power_measurement.o
                0x08008a28                PQD_GetAvrgElMotorPowerW
 .text.startTimers
                0x08008a4c       0x74 ./Middlewares/MotorControl/pwm_common.o
                0x08008a4c                startTimers
 .text.waitForPolarizationEnd
                0x08008ac0       0x3c ./Middlewares/MotorControl/pwm_common.o
                0x08008ac0                waitForPolarizationEnd
 .text.R3_2_ADCxInit
                0x08008afc       0xb4 ./Middlewares/MotorControl/r3_2_g4xx_pwm_curr_fdbk.o
 .text.R3_2_GetPhaseCurrents
                0x08008bb0      0x174 ./Middlewares/MotorControl/r3_2_g4xx_pwm_curr_fdbk.o
                0x08008bb0                R3_2_GetPhaseCurrents
 .text.R3_2_SetADCSampPointPolarization
                0x08008d24       0x40 ./Middlewares/MotorControl/r3_2_g4xx_pwm_curr_fdbk.o
                0x08008d24                R3_2_SetADCSampPointPolarization
 .text.R3_2_HFCurrentsPolarizationAB
                0x08008d64       0x54 ./Middlewares/MotorControl/r3_2_g4xx_pwm_curr_fdbk.o
 .text.R3_2_HFCurrentsPolarizationC
                0x08008db8       0x4c ./Middlewares/MotorControl/r3_2_g4xx_pwm_curr_fdbk.o
 .text.R3_2_TurnOnLowSides
                0x08008e04       0x50 ./Middlewares/MotorControl/r3_2_g4xx_pwm_curr_fdbk.o
                0x08008e04                R3_2_TurnOnLowSides
 .text.R3_2_SwitchOnPWM
                0x08008e54       0x94 ./Middlewares/MotorControl/r3_2_g4xx_pwm_curr_fdbk.o
                0x08008e54                R3_2_SwitchOnPWM
 .text.R3_2_SwitchOffPWM
                0x08008ee8       0x80 ./Middlewares/MotorControl/r3_2_g4xx_pwm_curr_fdbk.o
                0x08008ee8                R3_2_SwitchOffPWM
 .text.R3_2_RLGetPhaseCurrents
                0x08008f68       0x54 ./Middlewares/MotorControl/r3_2_g4xx_pwm_curr_fdbk.o
 .text.R3_2_RLTurnOnLowSides
                0x08008fbc       0x4c ./Middlewares/MotorControl/r3_2_g4xx_pwm_curr_fdbk.o
 .text.R3_2_RLSwitchOnPWM
                0x08009008       0xb4 ./Middlewares/MotorControl/r3_2_g4xx_pwm_curr_fdbk.o
 .text.R3_2_SetAOReferenceVoltage
                0x080090bc       0x98 ./Middlewares/MotorControl/r3_2_g4xx_pwm_curr_fdbk.o
 .text.R3_2_Init
                0x08009154      0x288 ./Middlewares/MotorControl/r3_2_g4xx_pwm_curr_fdbk.o
                0x08009154                R3_2_Init
 .text.R3_2_SetOffsetCalib
                0x080093dc       0x1c ./Middlewares/MotorControl/r3_2_g4xx_pwm_curr_fdbk.o
                0x080093dc                R3_2_SetOffsetCalib
 .text.R3_2_GetOffsetCalib
                0x080093f8       0x10 ./Middlewares/MotorControl/r3_2_g4xx_pwm_curr_fdbk.o
                0x080093f8                R3_2_GetOffsetCalib
 .text.R3_2_CurrentReadingPolarization
                0x08009408      0x168 ./Middlewares/MotorControl/r3_2_g4xx_pwm_curr_fdbk.o
                0x08009408                R3_2_CurrentReadingPolarization
 .text.R3_2_SetADCSampPointSectX
                0x08009570       0x8c ./Middlewares/MotorControl/r3_2_g4xx_pwm_curr_fdbk.o
                0x08009570                R3_2_SetADCSampPointSectX
 .text.R3_2_TIMx_UP_IRQHandler
                0x080095fc       0x88 ./Middlewares/MotorControl/r3_2_g4xx_pwm_curr_fdbk.o
                0x080095fc                R3_2_TIMx_UP_IRQHandler
 .text.R3_2_BRK2_IRQHandler
                0x08009684       0x48 ./Middlewares/MotorControl/r3_2_g4xx_pwm_curr_fdbk.o
                0x08009684                R3_2_BRK2_IRQHandler
 .text.R3_2_BRK_IRQHandler
                0x080096cc       0x20 ./Middlewares/MotorControl/r3_2_g4xx_pwm_curr_fdbk.o
                0x080096cc                R3_2_BRK_IRQHandler
 .text.R3_2_IsOverCurrentOccurred
                0x080096ec       0x28 ./Middlewares/MotorControl/r3_2_g4xx_pwm_curr_fdbk.o
                0x080096ec                R3_2_IsOverCurrentOccurred
 .text.R3_2_RLDetectionModeEnable
                0x08009714       0xd4 ./Middlewares/MotorControl/r3_2_g4xx_pwm_curr_fdbk.o
                0x08009714                R3_2_RLDetectionModeEnable
 .text.R3_2_RLDetectionModeDisable
                0x080097e8      0x12c ./Middlewares/MotorControl/r3_2_g4xx_pwm_curr_fdbk.o
                0x080097e8                R3_2_RLDetectionModeDisable
 .text.R3_2_RLDetectionModeSetDuty
                0x08009914       0x84 ./Middlewares/MotorControl/r3_2_g4xx_pwm_curr_fdbk.o
                0x08009914                R3_2_RLDetectionModeSetDuty
 .text.RVBS_Clear
                0x08009998       0x3c ./Middlewares/MotorControl/r_divider_bus_voltage_sensor.o
                0x08009998                RVBS_Clear
 .text.RVBS_Init
                0x080099d4       0x18 ./Middlewares/MotorControl/r_divider_bus_voltage_sensor.o
                0x080099d4                RVBS_Init
 .text.RVBS_CheckFaultState
                0x080099ec       0x50 ./Middlewares/MotorControl/r_divider_bus_voltage_sensor.o
                0x080099ec                RVBS_CheckFaultState
 .text.RVBS_CalcAvVbus
                0x08009a3c       0x68 ./Middlewares/MotorControl/r_divider_bus_voltage_sensor.o
                0x08009a3c                RVBS_CalcAvVbus
 .text.REMNG_Init
                0x08009aa4       0x10 ./Middlewares/MotorControl/ramp_ext_mngr.o
                0x08009aa4                REMNG_Init
 .text.REMNG_Calc
                0x08009ab4       0x44 ./Middlewares/MotorControl/ramp_ext_mngr.o
                0x08009ab4                REMNG_Calc
 .text.REMNG_RampCompleted
                0x08009af8        0xc ./Middlewares/MotorControl/ramp_ext_mngr.o
                0x08009af8                REMNG_RampCompleted
 .text.getScalingFactor
                0x08009b04       0x38 ./Middlewares/MotorControl/ramp_ext_mngr.o
                0x08009b04                getScalingFactor
 .text.REMNG_ExecRamp
                0x08009b3c       0x8c ./Middlewares/MotorControl/ramp_ext_mngr.o
                0x08009b3c                REMNG_ExecRamp
 .text.RUC_Init
                0x08009bc8       0x7c ./Middlewares/MotorControl/revup_ctrl.o
                0x08009bc8                RUC_Init
 .text.RUC_Clear
                0x08009c44       0x88 ./Middlewares/MotorControl/revup_ctrl.o
                0x08009c44                RUC_Clear
 .text.RUC_Exec
                0x08009ccc       0x6c ./Middlewares/MotorControl/revup_ctrl.o
                0x08009ccc                RUC_Exec
 .text.RUC_FirstAccelerationStageReached
                0x08009d38       0x14 ./Middlewares/MotorControl/revup_ctrl.o
                0x08009d38                RUC_FirstAccelerationStageReached
 .text.RUC_SetPhase
                0x08009d4c       0x1c ./Middlewares/MotorControl/revup_ctrl.o
                0x08009d4c                RUC_SetPhase
 .text.RUC_GetNumberOfPhases
                0x08009d68        0x8 ./Middlewares/MotorControl/revup_ctrl.o
                0x08009d68                RUC_GetNumberOfPhases
 .text.RUC_GetPhase
                0x08009d70       0x20 ./Middlewares/MotorControl/revup_ctrl.o
                0x08009d70                RUC_GetPhase
 .text.SPD_GetElAngle
                0x08009d90        0x8 ./Middlewares/MotorControl/speed_pos_fdbk.o
                0x08009d90                SPD_GetElAngle
 .text.SPD_GetAvrgMecSpeedUnit
                0x08009d98        0x8 ./Middlewares/MotorControl/speed_pos_fdbk.o
                0x08009d98                SPD_GetAvrgMecSpeedUnit
 .text.SPD_GetInstElSpeedDpp
                0x08009da0        0x8 ./Middlewares/MotorControl/speed_pos_fdbk.o
                0x08009da0                SPD_GetInstElSpeedDpp
 .text.SPD_IsMecSpeedReliable
                0x08009da8       0x6c ./Middlewares/MotorControl/speed_pos_fdbk.o
                0x08009da8                SPD_IsMecSpeedReliable
 .text.SPD_GetS16Speed
                0x08009e14       0x14 ./Middlewares/MotorControl/speed_pos_fdbk.o
                0x08009e14                SPD_GetS16Speed
 .text.STC_Init
                0x08009e28       0x2c ./Middlewares/MotorControl/speed_torq_ctrl.o
                0x08009e28                STC_Init
 .text.STC_SetSpeedSensor
                0x08009e54        0x4 ./Middlewares/MotorControl/speed_torq_ctrl.o
                0x08009e54                STC_SetSpeedSensor
 .text.STC_GetSpeedSensor
                0x08009e58        0x4 ./Middlewares/MotorControl/speed_torq_ctrl.o
                0x08009e58                STC_GetSpeedSensor
 .text.STC_Clear
                0x08009e5c       0x10 ./Middlewares/MotorControl/speed_torq_ctrl.o
                0x08009e5c                STC_Clear
 .text.STC_GetMecSpeedRefUnit
                0x08009e6c        0x8 ./Middlewares/MotorControl/speed_torq_ctrl.o
                0x08009e6c                STC_GetMecSpeedRefUnit
 .text.STC_GetTorqueRef
                0x08009e74        0x8 ./Middlewares/MotorControl/speed_torq_ctrl.o
                0x08009e74                STC_GetTorqueRef
 .text.STC_SetControlMode
                0x08009e7c        0x8 ./Middlewares/MotorControl/speed_torq_ctrl.o
                0x08009e7c                STC_SetControlMode
 .text.STC_ExecRamp
                0x08009e84       0x80 ./Middlewares/MotorControl/speed_torq_ctrl.o
                0x08009e84                STC_ExecRamp
 .text.STC_StopRamp
                0x08009f04        0x8 ./Middlewares/MotorControl/speed_torq_ctrl.o
                0x08009f04                STC_StopRamp
 .text.STC_CalcTorqueReference
                0x08009f0c       0x6c ./Middlewares/MotorControl/speed_torq_ctrl.o
                0x08009f0c                STC_CalcTorqueReference
 .text.STC_GetMecSpeedRefUnitDefault
                0x08009f78        0x8 ./Middlewares/MotorControl/speed_torq_ctrl.o
                0x08009f78                STC_GetMecSpeedRefUnitDefault
 .text.STC_GetDefaultIqdref
                0x08009f80       0x1c ./Middlewares/MotorControl/speed_torq_ctrl.o
                0x08009f80                STC_GetDefaultIqdref
 .text.STC_ForceSpeedReferenceToCurrentSpeed
                0x08009f9c       0x10 ./Middlewares/MotorControl/speed_torq_ctrl.o
                0x08009f9c                STC_ForceSpeedReferenceToCurrentSpeed
 .text.STO_PLL_CalcElAngle
                0x08009fac      0x1e4 ./Middlewares/MotorControl/sto_pll_speed_pos_fdbk.o
                0x08009fac                STO_PLL_CalcElAngle
 .text.STO_PLL_CalcAvrgMecSpeedUnit
                0x0800a190      0x144 ./Middlewares/MotorControl/sto_pll_speed_pos_fdbk.o
                0x0800a190                STO_PLL_CalcAvrgMecSpeedUnit
 .text.STO_PLL_CalcAvrgElSpeedDpp
                0x0800a2d4       0x58 ./Middlewares/MotorControl/sto_pll_speed_pos_fdbk.o
                0x0800a2d4                STO_PLL_CalcAvrgElSpeedDpp
 .text.STO_PLL_Clear
                0x0800a32c       0x4c ./Middlewares/MotorControl/sto_pll_speed_pos_fdbk.o
                0x0800a32c                STO_PLL_Clear
 .text.STO_PLL_Init
                0x0800a378       0x74 ./Middlewares/MotorControl/sto_pll_speed_pos_fdbk.o
                0x0800a378                STO_PLL_Init
 .text.STO_PLL_IsObserverConverged
                0x0800a3ec       0xcc ./Middlewares/MotorControl/sto_pll_speed_pos_fdbk.o
                0x0800a3ec                STO_PLL_IsObserverConverged
 .text.STO_PLL_GetEstimatedBemf
                0x0800a4b8       0x18 ./Middlewares/MotorControl/sto_pll_speed_pos_fdbk.o
                0x0800a4b8                STO_PLL_GetEstimatedBemf
 .text.STO_PLL_GetEstimatedCurrent
                0x0800a4d0       0x24 ./Middlewares/MotorControl/sto_pll_speed_pos_fdbk.o
                0x0800a4d0                STO_PLL_GetEstimatedCurrent
 .text.STO_PLL_GetObserverGains
                0x0800a4f4       0x10 ./Middlewares/MotorControl/sto_pll_speed_pos_fdbk.o
                0x0800a4f4                STO_PLL_GetObserverGains
 .text.STO_PLL_SetObserverGains
                0x0800a504        0x8 ./Middlewares/MotorControl/sto_pll_speed_pos_fdbk.o
                0x0800a504                STO_PLL_SetObserverGains
 .text.STO_OTF_ResetPLL
                0x0800a50c        0xc ./Middlewares/MotorControl/sto_pll_speed_pos_fdbk.o
                0x0800a50c                STO_OTF_ResetPLL
 .text.STO_ResetPLL
                0x0800a518        0x8 ./Middlewares/MotorControl/sto_pll_speed_pos_fdbk.o
                0x0800a518                STO_ResetPLL
 .text.STO_PLL_GetEstimatedBemfLevel
                0x0800a520        0x8 ./Middlewares/MotorControl/sto_pll_speed_pos_fdbk.o
                0x0800a520                STO_PLL_GetEstimatedBemfLevel
 .text.STO_PLL_GetObservedBemfLevel
                0x0800a528        0x8 ./Middlewares/MotorControl/sto_pll_speed_pos_fdbk.o
                0x0800a528                STO_PLL_GetObservedBemfLevel
 .text.STO_PLL_IsVarianceTight
                0x0800a530        0x8 ./Middlewares/MotorControl/sto_pll_speed_pos_fdbk.o
                0x0800a530                STO_PLL_IsVarianceTight
 .text.STO_PLL_ForceConvergency1
                0x0800a538        0xc ./Middlewares/MotorControl/sto_pll_speed_pos_fdbk.o
                0x0800a538                STO_PLL_ForceConvergency1
 .text.STO_PLL_ForceConvergency2
                0x0800a544        0xc ./Middlewares/MotorControl/sto_pll_speed_pos_fdbk.o
                0x0800a544                STO_PLL_ForceConvergency2
 .text.STO_SetDirection
                0x0800a550        0x8 ./Middlewares/MotorControl/sto_pll_speed_pos_fdbk.o
                0x0800a550                STO_SetDirection
 .text.VSS_Clear
                0x0800a558       0x1c ./Middlewares/MotorControl/virtual_speed_sensor.o
                0x0800a558                VSS_Clear
 .text.VSS_Init
                0x0800a574        0x8 ./Middlewares/MotorControl/virtual_speed_sensor.o
                0x0800a574                VSS_Init
 .text.VSS_CalcElAngle
                0x0800a57c       0xa4 ./Middlewares/MotorControl/virtual_speed_sensor.o
                0x0800a57c                VSS_CalcElAngle
 .text.VSS_CalcAvrgMecSpeedUnit
                0x0800a620       0xa4 ./Middlewares/MotorControl/virtual_speed_sensor.o
                0x0800a620                VSS_CalcAvrgMecSpeedUnit
 .text.VSS_SetMecAngle
                0x0800a6c4       0x10 ./Middlewares/MotorControl/virtual_speed_sensor.o
                0x0800a6c4                VSS_SetMecAngle
 .text.VSS_SetMecAcceleration
                0x0800a6d4       0x78 ./Middlewares/MotorControl/virtual_speed_sensor.o
                0x0800a6d4                VSS_SetMecAcceleration
 .text.VSS_SetStartTransition
                0x0800a74c       0x1c ./Middlewares/MotorControl/virtual_speed_sensor.o
                0x0800a74c                VSS_SetStartTransition
 .text.VSS_TransitionEnded
                0x0800a768        0x8 ./Middlewares/MotorControl/virtual_speed_sensor.o
                0x0800a768                VSS_TransitionEnded
 .text.memset   0x0800a770       0x10 C:/ST/STM32CubeIDE_1.15.0/STM32CubeIDE/plugins/com.st.stm32cube.ide.mcu.externaltools.gnu-tools-for-stm32.12.3.rel1.win32_1.0.100.202403111256/tools/bin/../lib/gcc/arm-none-eabi/12.3.1/../../../../arm-none-eabi/lib/thumb/v7e-m+fp/hard\libc_nano.a(libc_a-memset.o)
                0x0800a770                memset
 .text.__errno  0x0800a780        0xc C:/ST/STM32CubeIDE_1.15.0/STM32CubeIDE/plugins/com.st.stm32cube.ide.mcu.externaltools.gnu-tools-for-stm32.12.3.rel1.win32_1.0.100.202403111256/tools/bin/../lib/gcc/arm-none-eabi/12.3.1/../../../../arm-none-eabi/lib/thumb/v7e-m+fp/hard\libc_nano.a(libc_a-errno.o)
                0x0800a780                __errno
 .text.__libc_init_array
                0x0800a78c       0x48 C:/ST/STM32CubeIDE_1.15.0/STM32CubeIDE/plugins/com.st.stm32cube.ide.mcu.externaltools.gnu-tools-for-stm32.12.3.rel1.win32_1.0.100.202403111256/tools/bin/../lib/gcc/arm-none-eabi/12.3.1/../../../../arm-none-eabi/lib/thumb/v7e-m+fp/hard\libc_nano.a(libc_a-init.o)
                0x0800a78c                __libc_init_array
 .text.memcpy   0x0800a7d4       0x1c C:/ST/STM32CubeIDE_1.15.0/STM32CubeIDE/plugins/com.st.stm32cube.ide.mcu.externaltools.gnu-tools-for-stm32.12.3.rel1.win32_1.0.100.202403111256/tools/bin/../lib/gcc/arm-none-eabi/12.3.1/../../../../arm-none-eabi/lib/thumb/v7e-m+fp/hard\libc_nano.a(libc_a-memcpy-stub.o)
                0x0800a7d4                memcpy
 .text.fmodf    0x0800a7f0       0x40 C:/ST/STM32CubeIDE_1.15.0/STM32CubeIDE/plugins/com.st.stm32cube.ide.mcu.externaltools.gnu-tools-for-stm32.12.3.rel1.win32_1.0.100.202403111256/tools/bin/../lib/gcc/arm-none-eabi/12.3.1/../../../../arm-none-eabi/lib/thumb/v7e-m+fp/hard\libm.a(libm_a-wf_fmod.o)
                0x0800a7f0                fmodf
 .text.__ieee754_fmodf
                0x0800a830      0x104 C:/ST/STM32CubeIDE_1.15.0/STM32CubeIDE/plugins/com.st.stm32cube.ide.mcu.externaltools.gnu-tools-for-stm32.12.3.rel1.win32_1.0.100.202403111256/tools/bin/../lib/gcc/arm-none-eabi/12.3.1/../../../../arm-none-eabi/lib/thumb/v7e-m+fp/hard\libm.a(libm_a-ef_fmod.o)
                0x0800a830                __ieee754_fmodf
 *(.glue_7)
 .glue_7        0x0800a934        0x0 linker stubs
 *(.glue_7t)
 .glue_7t       0x0800a934        0x0 linker stubs
 *(.eh_frame)
 .eh_frame      0x0800a934        0x0 C:/ST/STM32CubeIDE_1.15.0/STM32CubeIDE/plugins/com.st.stm32cube.ide.mcu.externaltools.gnu-tools-for-stm32.12.3.rel1.win32_1.0.100.202403111256/tools/bin/../lib/gcc/arm-none-eabi/12.3.1/thumb/v7e-m+fp/hard/crtbegin.o
 *(.init)
 .init          0x0800a934        0x4 C:/ST/STM32CubeIDE_1.15.0/STM32CubeIDE/plugins/com.st.stm32cube.ide.mcu.externaltools.gnu-tools-for-stm32.12.3.rel1.win32_1.0.100.202403111256/tools/bin/../lib/gcc/arm-none-eabi/12.3.1/thumb/v7e-m+fp/hard/crti.o
                0x0800a934                _init
 .init          0x0800a938        0x8 C:/ST/STM32CubeIDE_1.15.0/STM32CubeIDE/plugins/com.st.stm32cube.ide.mcu.externaltools.gnu-tools-for-stm32.12.3.rel1.win32_1.0.100.202403111256/tools/bin/../lib/gcc/arm-none-eabi/12.3.1/thumb/v7e-m+fp/hard/crtn.o
 *(.fini)
 .fini          0x0800a940        0x4 C:/ST/STM32CubeIDE_1.15.0/STM32CubeIDE/plugins/com.st.stm32cube.ide.mcu.externaltools.gnu-tools-for-stm32.12.3.rel1.win32_1.0.100.202403111256/tools/bin/../lib/gcc/arm-none-eabi/12.3.1/thumb/v7e-m+fp/hard/crti.o
                0x0800a940                _fini
 .fini          0x0800a944        0x8 C:/ST/STM32CubeIDE_1.15.0/STM32CubeIDE/plugins/com.st.stm32cube.ide.mcu.externaltools.gnu-tools-for-stm32.12.3.rel1.win32_1.0.100.202403111256/tools/bin/../lib/gcc/arm-none-eabi/12.3.1/thumb/v7e-m+fp/hard/crtn.o
                0x0800a94c                        . = ALIGN (0x4)
                0x0800a94c                        _etext = .

.vfp11_veneer   0x0800a94c        0x0
 .vfp11_veneer  0x0800a94c        0x0 linker stubs

.v4_bx          0x0800a94c        0x0
 .v4_bx         0x0800a94c        0x0 linker stubs

.iplt           0x0800a94c        0x0
 .iplt          0x0800a94c        0x0 C:/ST/STM32CubeIDE_1.15.0/STM32CubeIDE/plugins/com.st.stm32cube.ide.mcu.externaltools.gnu-tools-for-stm32.12.3.rel1.win32_1.0.100.202403111256/tools/bin/../lib/gcc/arm-none-eabi/12.3.1/thumb/v7e-m+fp/hard/crtbegin.o

.rodata         0x0800a94c      0x3e0
                0x0800a94c                        . = ALIGN (0x4)
 *(.rodata)
 *(.rodata*)
 .rodata.CRC4_Lookup4
                0x0800a94c       0x10 ./Application/User/aspep.o
 .rodata.CRC4_Lookup8
                0x0800a95c      0x100 ./Application/User/aspep.o
 .rodata.M1_FOCConfig_reg
                0x0800aa5c        0xe ./Application/User/mc_configuration_registers.o
 *fill*         0x0800aa6a        0x2 
 .rodata.M1_MotorConfig_reg
                0x0800aa6c       0x3c ./Application/User/mc_configuration_registers.o
                0x0800aa6c                M1_MotorConfig_reg
 .rodata.M1_ApplicationConfig_reg
                0x0800aaa8        0xe ./Application/User/mc_configuration_registers.o
 *fill*         0x0800aab6        0x2 
 .rodata.globalConfig_reg
                0x0800aab8        0xa ./Application/User/mc_configuration_registers.o
                0x0800aab8                globalConfig_reg
 *fill*         0x0800aac2        0x2 
 .rodata.FIRMWARE_NAME
                0x0800aac4       0x14 ./Application/User/mc_configuration_registers.o
                0x0800aac4                FIRMWARE_NAME
 .rodata.M1_PWR_BOARD
                0x0800aad8       0x11 ./Application/User/mc_configuration_registers.o
 *fill*         0x0800aae9        0x3 
 .rodata.CTL_BOARD
                0x0800aaec        0xe ./Application/User/mc_configuration_registers.o
                0x0800aaec                CTL_BOARD
 *fill*         0x0800aafa        0x2 
 .rodata.R3_2_ParamsM1
                0x0800aafc       0xcc ./Application/User/mc_parameters.o
                0x0800aafc                R3_2_ParamsM1
 .rodata.CSWTCH.43
                0x0800abc8       0x11 ./Application/User/register_interface.o
 *fill*         0x0800abd9        0x3 
 .rodata.CHANNEL_OFFSET_TAB
                0x0800abdc        0x6 ./Application/User/usart_aspep_driver.o
 *fill*         0x0800abe2        0x2 
 .rodata.APBPrescTable
                0x0800abe4        0x8 ./Drivers/CMSIS/system_stm32g4xx.o
                0x0800abe4                APBPrescTable
 .rodata.AHBPrescTable
                0x0800abec       0x10 ./Drivers/CMSIS/system_stm32g4xx.o
                0x0800abec                AHBPrescTable
 .rodata.CSWTCH.115
                0x0800abfc       0x40 ./Drivers/STM32G4xx_HAL_Driver/stm32g4xx_hal_tim_ex.o
 .rodata.CSWTCH.114
                0x0800ac3c       0x40 ./Drivers/STM32G4xx_HAL_Driver/stm32g4xx_hal_tim_ex.o
 .rodata.CSWTCH.113
                0x0800ac7c       0x40 ./Drivers/STM32G4xx_HAL_Driver/stm32g4xx_hal_tim_ex.o
 .rodata.CSWTCH.112
                0x0800acbc       0x40 ./Drivers/STM32G4xx_HAL_Driver/stm32g4xx_hal_tim_ex.o
 .rodata.UARTPrescTable
                0x0800acfc       0x18 ./Drivers/STM32G4xx_HAL_Driver/stm32g4xx_hal_uart.o
                0x0800acfc                UARTPrescTable
 .rodata.denominator.0
                0x0800ad14        0x8 ./Drivers/STM32G4xx_HAL_Driver/stm32g4xx_hal_uart_ex.o
 .rodata.numerator.1
                0x0800ad1c        0x8 ./Drivers/STM32G4xx_HAL_Driver/stm32g4xx_hal_uart_ex.o
 .rodata.Zero   0x0800ad24        0x8 C:/ST/STM32CubeIDE_1.15.0/STM32CubeIDE/plugins/com.st.stm32cube.ide.mcu.externaltools.gnu-tools-for-stm32.12.3.rel1.win32_1.0.100.202403111256/tools/bin/../lib/gcc/arm-none-eabi/12.3.1/../../../../arm-none-eabi/lib/thumb/v7e-m+fp/hard\libm.a(libm_a-ef_fmod.o)
                0x0800ad2c                        . = ALIGN (0x4)

.ARM.extab      0x0800ad2c        0x0
                0x0800ad2c                        . = ALIGN (0x4)
 *(.ARM.extab* .gnu.linkonce.armextab.*)
                0x0800ad2c                        . = ALIGN (0x4)

.ARM            0x0800ad2c        0x8
                0x0800ad2c                        . = ALIGN (0x4)
                0x0800ad2c                        __exidx_start = .
 *(.ARM.exidx*)
 .ARM.exidx     0x0800ad2c        0x8 C:/ST/STM32CubeIDE_1.15.0/STM32CubeIDE/plugins/com.st.stm32cube.ide.mcu.externaltools.gnu-tools-for-stm32.12.3.rel1.win32_1.0.100.202403111256/tools/bin/../lib/gcc/arm-none-eabi/12.3.1/thumb/v7e-m+fp/hard\libgcc.a(_udivmoddi4.o)
                0x0800ad34                        __exidx_end = .
                0x0800ad34                        . = ALIGN (0x4)

.rel.dyn        0x0800ad34        0x0
 .rel.iplt      0x0800ad34        0x0 C:/ST/STM32CubeIDE_1.15.0/STM32CubeIDE/plugins/com.st.stm32cube.ide.mcu.externaltools.gnu-tools-for-stm32.12.3.rel1.win32_1.0.100.202403111256/tools/bin/../lib/gcc/arm-none-eabi/12.3.1/thumb/v7e-m+fp/hard/crtbegin.o

.preinit_array  0x0800ad34        0x0
                0x0800ad34                        . = ALIGN (0x4)
                0x0800ad34                        PROVIDE (__preinit_array_start = .)
 *(.preinit_array*)
                0x0800ad34                        PROVIDE (__preinit_array_end = .)
                0x0800ad34                        . = ALIGN (0x4)

.init_array     0x0800ad34        0x4
                0x0800ad34                        . = ALIGN (0x4)
                0x0800ad34                        PROVIDE (__init_array_start = .)
 *(SORT_BY_NAME(.init_array.*))
 *(.init_array*)
 .init_array    0x0800ad34        0x4 C:/ST/STM32CubeIDE_1.15.0/STM32CubeIDE/plugins/com.st.stm32cube.ide.mcu.externaltools.gnu-tools-for-stm32.12.3.rel1.win32_1.0.100.202403111256/tools/bin/../lib/gcc/arm-none-eabi/12.3.1/thumb/v7e-m+fp/hard/crtbegin.o
                0x0800ad38                        PROVIDE (__init_array_end = .)
                0x0800ad38                        . = ALIGN (0x4)

.fini_array     0x0800ad38        0x4
                0x0800ad38                        . = ALIGN (0x4)
                [!provide]                        PROVIDE (__fini_array_start = .)
 *(SORT_BY_NAME(.fini_array.*))
 *(.fini_array*)
 .fini_array    0x0800ad38        0x4 C:/ST/STM32CubeIDE_1.15.0/STM32CubeIDE/plugins/com.st.stm32cube.ide.mcu.externaltools.gnu-tools-for-stm32.12.3.rel1.win32_1.0.100.202403111256/tools/bin/../lib/gcc/arm-none-eabi/12.3.1/thumb/v7e-m+fp/hard/crtbegin.o
                [!provide]                        PROVIDE (__fini_array_end = .)
                0x0800ad3c                        . = ALIGN (0x4)
                0x0800ad3c                        _sidata = LOADADDR (.data)

.data           0x20000000      0x5b0 load address 0x0800ad3c
                0x20000000                        . = ALIGN (0x4)
                0x20000000                        _sdata = .
 *(.data)
 *(.data*)
 .data.pMPM     0x20000000        0x4 ./Application/User/mc_config.o
                0x20000000                pMPM
 .data.pPIDId   0x20000004        0x4 ./Application/User/mc_config.o
                0x20000004                pPIDId
 .data.pPIDIq   0x20000008        0x4 ./Application/User/mc_config.o
                0x20000008                pPIDIq
 .data.pTemperatureSensor
                0x2000000c        0x4 ./Application/User/mc_config.o
                0x2000000c                pTemperatureSensor
 .data.pSTC     0x20000010        0x4 ./Application/User/mc_config.o
                0x20000010                pSTC
 .data.CircleLimitationM1
                0x20000014       0xb4 ./Application/User/mc_config.o
                0x20000014                CircleLimitationM1
 .data.RampExtMngrHFParamsM1
                0x200000c8       0x18 ./Application/User/mc_config.o
                0x200000c8                RampExtMngrHFParamsM1
 .data.BusVoltageSensor_M1
                0x200000e0       0x2c ./Application/User/mc_config.o
                0x200000e0                BusVoltageSensor_M1
 .data.TempSensor_M1
                0x2000010c       0x28 ./Application/User/mc_config.o
                0x2000010c                TempSensor_M1
 .data.STO_M1   0x20000134       0x14 ./Application/User/mc_config.o
                0x20000134                STO_M1
 .data.STO_PLL_M1
                0x20000148      0x128 ./Application/User/mc_config.o
                0x20000148                STO_PLL_M1
 .data.VirtualSpeedSensorM1
                0x20000270       0x38 ./Application/User/mc_config.o
                0x20000270                VirtualSpeedSensorM1
 .data.PWM_Handle_M1
                0x200002a8       0x90 ./Application/User/mc_config.o
                0x200002a8                PWM_Handle_M1
 .data.RevUpControlM1
                0x20000338       0x78 ./Application/User/mc_config.o
                0x20000338                RevUpControlM1
 .data.SpeednTorqCtrlM1
                0x200003b0       0x34 ./Application/User/mc_config.o
                0x200003b0                SpeednTorqCtrlM1
 .data.PIDIdHandle_M1
                0x200003e4       0x2c ./Application/User/mc_config.o
                0x200003e4                PIDIdHandle_M1
 .data.PIDIqHandle_M1
                0x20000410       0x2c ./Application/User/mc_config.o
                0x20000410                PIDIqHandle_M1
 .data.PIDSpeedHandle_M1
                0x2000043c       0x2c ./Application/User/mc_config.o
                0x2000043c                PIDSpeedHandle_M1
 .data.PQD_MotorPowMeasM1
                0x20000468       0x10 ./Application/User/mc_config.o
                0x20000468                PQD_MotorPowMeasM1
 .data.ApplicationConfig_reg
                0x20000478        0x4 ./Application/User/mc_configuration_registers.o
                0x20000478                ApplicationConfig_reg
 .data.MotorConfig_reg
                0x2000047c        0x4 ./Application/User/mc_configuration_registers.o
                0x2000047c                MotorConfig_reg
 .data.FOCConfig_reg
                0x20000480        0x4 ./Application/User/mc_configuration_registers.o
                0x20000480                FOCConfig_reg
 .data.PWR_BOARD_NAME
                0x20000484        0x4 ./Application/User/mc_configuration_registers.o
                0x20000484                PWR_BOARD_NAME
 .data.adress   0x20000488        0x2 ./Application/User/mc_tasks.o
                0x20000488                adress
 .data.RW       0x2000048a        0x2 ./Application/User/mc_tasks.o
                0x2000048a                RW
 .data.MCPA_UART_A
                0x2000048c       0x2c ./Application/User/mcp_config.o
                0x2000048c                MCPA_UART_A
 .data.MCP_Over_UartA
                0x200004b8       0x10 ./Application/User/mcp_config.o
                0x200004b8                MCP_Over_UartA
 .data.aspepOverUartA
                0x200004c8       0x74 ./Application/User/mcp_config.o
                0x200004c8                aspepOverUartA
 .data.UASPEP_A
                0x2000053c       0x14 ./Application/User/mcp_config.o
 .data.SystickDividerCounter.0
                0x20000550        0x1 ./Application/User/stm32g4xx_mc_it.o
 *fill*         0x20000551        0x3 
 .data.SystemCoreClock
                0x20000554        0x4 ./Drivers/CMSIS/system_stm32g4xx.o
                0x20000554                SystemCoreClock
 .data.uwTickFreq
                0x20000558        0x4 ./Drivers/STM32G4xx_HAL_Driver/stm32g4xx_hal.o
                0x20000558                uwTickFreq
 .data.uwTickPrio
                0x2000055c        0x4 ./Drivers/STM32G4xx_HAL_Driver/stm32g4xx_hal.o
                0x2000055c                uwTickPrio
 .data._impure_ptr
                0x20000560        0x4 C:/ST/STM32CubeIDE_1.15.0/STM32CubeIDE/plugins/com.st.stm32cube.ide.mcu.externaltools.gnu-tools-for-stm32.12.3.rel1.win32_1.0.100.202403111256/tools/bin/../lib/gcc/arm-none-eabi/12.3.1/../../../../arm-none-eabi/lib/thumb/v7e-m+fp/hard\libc_nano.a(libc_a-impure.o)
                0x20000560                _impure_ptr
 .data._impure_data
                0x20000564       0x4c C:/ST/STM32CubeIDE_1.15.0/STM32CubeIDE/plugins/com.st.stm32cube.ide.mcu.externaltools.gnu-tools-for-stm32.12.3.rel1.win32_1.0.100.202403111256/tools/bin/../lib/gcc/arm-none-eabi/12.3.1/../../../../arm-none-eabi/lib/thumb/v7e-m+fp/hard\libc_nano.a(libc_a-impure.o)
                0x20000564                _impure_data
 *(.RamFunc)
 *(.RamFunc*)
                0x200005b0                        . = ALIGN (0x4)
                0x200005b0                        _edata = .

.igot.plt       0x200005b0        0x0 load address 0x0800b2ec
 .igot.plt      0x200005b0        0x0 C:/ST/STM32CubeIDE_1.15.0/STM32CubeIDE/plugins/com.st.stm32cube.ide.mcu.externaltools.gnu-tools-for-stm32.12.3.rel1.win32_1.0.100.202403111256/tools/bin/../lib/gcc/arm-none-eabi/12.3.1/thumb/v7e-m+fp/hard/crtbegin.o
                0x200005b0                        . = ALIGN (0x4)

.bss            0x200005b0     0x18c8 load address 0x0800b2ec
                0x200005b0                        _sbss = .
                0x200005b0                        __bss_start__ = _sbss
 *(.bss)
 .bss           0x200005b0       0x1c C:/ST/STM32CubeIDE_1.15.0/STM32CubeIDE/plugins/com.st.stm32cube.ide.mcu.externaltools.gnu-tools-for-stm32.12.3.rel1.win32_1.0.100.202403111256/tools/bin/../lib/gcc/arm-none-eabi/12.3.1/thumb/v7e-m+fp/hard/crtbegin.o
 *(.bss*)
 .bss.CounterSPI
                0x200005cc        0x4 ./Application/User/main.o
                0x200005cc                CounterSPI
 .bss.hdma_usart2_tx
                0x200005d0       0x60 ./Application/User/main.o
                0x200005d0                hdma_usart2_tx
 .bss.hdma_usart2_rx
                0x20000630       0x60 ./Application/User/main.o
                0x20000630                hdma_usart2_rx
 .bss.huart2    0x20000690       0x90 ./Application/User/main.o
                0x20000690                huart2
 .bss.htim3     0x20000720       0x4c ./Application/User/main.o
                0x20000720                htim3
 .bss.htim2     0x2000076c       0x4c ./Application/User/main.o
                0x2000076c                htim2
 .bss.htim1     0x200007b8       0x4c ./Application/User/main.o
                0x200007b8                htim1
 .bss.hspi3     0x20000804       0x64 ./Application/User/main.o
                0x20000804                hspi3
 .bss.hcordic   0x20000868       0x28 ./Application/User/main.o
                0x20000868                hcordic
 .bss.hadc2     0x20000890       0x6c ./Application/User/main.o
                0x20000890                hadc2
 .bss.hadc1     0x200008fc       0x6c ./Application/User/main.o
                0x200008fc                hadc1
 .bss.Mci       0x20000968       0x20 ./Application/User/mc_config.o
                0x20000968                Mci
 .bss.RealBusVoltageSensorFilterBufferM1
                0x20000988        0xc ./Application/User/mc_config.o
 .bss.StateMotor
                0x20000994        0x1 ./Application/User/mc_tasks.o
                0x20000994                StateMotor
 *fill*         0x20000995        0x3 
 .bss.DesiredSpeed
                0x20000998        0x4 ./Application/User/mc_tasks.o
                0x20000998                DesiredSpeed
 .bss.sharedCounter
                0x2000099c        0x4 ./Application/User/mc_tasks.o
                0x2000099c                sharedCounter
 .bss.estimatedVelocitydHz
                0x200009a0        0x2 ./Application/User/mc_tasks.o
                0x200009a0                estimatedVelocitydHz
 .bss.int16ElAngle2
                0x200009a2        0x2 ./Application/User/mc_tasks.o
                0x200009a2                int16ElAngle2
 .bss.Eltemp    0x200009a4        0x4 ./Application/User/mc_tasks.o
                0x200009a4                Eltemp
 .bss.ReliabilitySpeed
                0x200009a8        0x1 ./Application/User/mc_tasks.o
                0x200009a8                ReliabilitySpeed
 *fill*         0x200009a9        0x3 
 .bss.Motor1    0x200009ac        0x4 ./Application/User/mc_tasks.o
                0x200009ac                Motor1
 .bss.STOPLL    0x200009b0      0x128 ./Application/User/mc_tasks.o
                0x200009b0                STOPLL
 .bss.velocityRef
                0x20000ad8        0x4 ./Application/User/mc_tasks.o
                0x20000ad8                velocityRef
 .bss.currentVelocitydHz
                0x20000adc        0x4 ./Application/User/mc_tasks.o
                0x20000adc                currentVelocitydHz
 .bss.velocityIDE
                0x20000ae0        0x4 ./Application/User/mc_tasks.o
                0x20000ae0                velocityIDE
 .bss.currentVelocityRPM
                0x20000ae4        0x4 ./Application/User/mc_tasks.o
                0x20000ae4                currentVelocityRPM
 .bss.ElAngleRef
                0x20000ae8        0x2 ./Application/User/mc_tasks.o
                0x20000ae8                ElAngleRef
 .bss.ElAngleSTC
                0x20000aea        0x2 ./Application/User/mc_tasks.o
                0x20000aea                ElAngleSTC
 .bss.ElAnglePLL
                0x20000aec        0x2 ./Application/User/mc_tasks.o
                0x20000aec                ElAnglePLL
 .bss.int16ElAngle
                0x20000aee        0x2 ./Application/User/mc_tasks.o
                0x20000aee                int16ElAngle
 .bss.electricalAngleEstimatedCorrected
                0x20000af0        0x4 ./Application/User/mc_tasks.o
                0x20000af0                electricalAngleEstimatedCorrected
 .bss.mechanicalAngle
                0x20000af4        0x4 ./Application/User/mc_tasks.o
                0x20000af4                mechanicalAngle
 .bss.previousVelocity
                0x20000af8        0x4 ./Application/User/mc_tasks.o
                0x20000af8                previousVelocity
 .bss.currentVelocity
                0x20000afc        0x4 ./Application/User/mc_tasks.o
                0x20000afc                currentVelocity
 .bss.previousAngle
                0x20000b00        0x4 ./Application/User/mc_tasks.o
                0x20000b00                previousAngle
 .bss.error_response
                0x20000b04        0x2 ./Application/User/mc_tasks.o
                0x20000b04                error_response
 .bss.error_command1
                0x20000b06        0x2 ./Application/User/mc_tasks.o
                0x20000b06                error_command1
 .bss.data      0x20000b08        0x2 ./Application/User/mc_tasks.o
                0x20000b08                data
 *fill*         0x20000b0a        0x2 
 .bss.angleDeg  0x20000b0c        0x4 ./Application/User/mc_tasks.o
                0x20000b0c                angleDeg
 .bss.angleRad  0x20000b10        0x4 ./Application/User/mc_tasks.o
                0x20000b10                angleRad
 .bss.response1
                0x20000b14        0x2 ./Application/User/mc_tasks.o
                0x20000b14                response1
 .bss.NOP       0x20000b16        0x2 ./Application/User/mc_tasks.o
                0x20000b16                NOP
 .bss.command1  0x20000b18        0x2 ./Application/User/mc_tasks.o
                0x20000b18                command1
 .bss.bMCBootCompleted
                0x20000b1a        0x1 ./Application/User/mc_tasks.o
 *fill*         0x20000b1b        0x1 
 .bss.hStopPermanencyCounterM1
                0x20000b1c        0x2 ./Application/User/mc_tasks.o
 .bss.hBootCapDelayCounterM1
                0x20000b1e        0x2 ./Application/User/mc_tasks.o
 .bss.hMFTaskCounterM1
                0x20000b20        0x2 ./Application/User/mc_tasks.o
 *fill*         0x20000b22        0x2 
 .bss.pREMNG    0x20000b24        0x4 ./Application/User/mc_tasks.o
 .bss.pwmcHandle
                0x20000b28        0x4 ./Application/User/mc_tasks.o
 .bss.FOCVars   0x20000b2c       0x26 ./Application/User/mc_tasks.o
 *fill*         0x20000b52        0x2 
 .bss.MCP_UserCallBack
                0x20000b54        0x8 ./Application/User/mcp_config.o
                0x20000b54                MCP_UserCallBack
 .bss.dataSizeTableBuffA
                0x20000b5c        0xa ./Application/User/mcp_config.o
                0x20000b5c                dataSizeTableBuffA
 *fill*         0x20000b66        0x2 
 .bss.dataSizeTableA
                0x20000b68        0xa ./Application/User/mcp_config.o
                0x20000b68                dataSizeTableA
 *fill*         0x20000b72        0x2 
 .bss.dataPtrTableBuffA
                0x20000b74       0x28 ./Application/User/mcp_config.o
                0x20000b74                dataPtrTableBuffA
 .bss.dataPtrTableA
                0x20000b9c       0x28 ./Application/User/mcp_config.o
                0x20000b9c                dataPtrTableA
 .bss.MCPAsyncBuffUARTA_B
                0x20000bc4      0x806 ./Application/User/mcp_config.o
 *fill*         0x200013ca        0x2 
 .bss.MCPAsyncBuffUARTA_A
                0x200013cc      0x806 ./Application/User/mcp_config.o
 *fill*         0x20001bd2        0x2 
 .bss.MCPSyncRXBuff
                0x20001bd4       0x82 ./Application/User/mcp_config.o
 *fill*         0x20001c56        0x2 
 .bss.MCPSyncTxBuff
                0x20001c58       0x86 ./Application/User/mcp_config.o
 *fill*         0x20001cde        0x2 
 .bss.pMCI      0x20001ce0        0x4 ./Application/User/motorcontrol.o
                0x20001ce0                pMCI
 .bss.nullData16.0
                0x20001ce4        0x2 ./Application/User/register_interface.o
 .bss.RCM_UserConvHandle
                0x20001ce6        0x1 ./Application/User/regular_conversion_manager.o
 .bss.RCM_UserConvState
                0x20001ce7        0x1 ./Application/User/regular_conversion_manager.o
 .bss.RCM_UserConvValue
                0x20001ce8        0x2 ./Application/User/regular_conversion_manager.o
 .bss.RCM_currentHandle
                0x20001cea        0x1 ./Application/User/regular_conversion_manager.o
 *fill*         0x20001ceb        0x1 
 .bss.RCM_NoInj_array
                0x20001cec       0x18 ./Application/User/regular_conversion_manager.o
 .bss.RCM_CB_array
                0x20001d04       0x20 ./Application/User/regular_conversion_manager.o
 .bss.RCM_handle_array
                0x20001d24       0x10 ./Application/User/regular_conversion_manager.o
 .bss.HAL_RCC_ADC12_CLK_ENABLED
                0x20001d34        0x4 ./Application/User/stm32g4xx_hal_msp.o
 .bss.uwTick    0x20001d38        0x4 ./Drivers/STM32G4xx_HAL_Driver/stm32g4xx_hal.o
                0x20001d38                uwTick
 .bss.GLOBAL_TIMESTAMP
                0x20001d3c        0x4 ./Middlewares/MotorControl/mcpa.o
                0x20001d3c                GLOBAL_TIMESTAMP
 .bss.__sf      0x20001d40      0x138 C:/ST/STM32CubeIDE_1.15.0/STM32CubeIDE/plugins/com.st.stm32cube.ide.mcu.externaltools.gnu-tools-for-stm32.12.3.rel1.win32_1.0.100.202403111256/tools/bin/../lib/gcc/arm-none-eabi/12.3.1/../../../../arm-none-eabi/lib/thumb/v7e-m+fp/hard\libc_nano.a(libc_a-findfp.o)
                0x20001d40                __sf
 *(COMMON)
                0x20001e78                        . = ALIGN (0x4)
                0x20001e78                        _ebss = .
                0x20001e78                        __bss_end__ = _ebss

._user_heap_stack
                0x20001e78      0x600 load address 0x0800b2ec
                0x20001e78                        . = ALIGN (0x8)
                [!provide]                        PROVIDE (end = .)
                0x20001e78                        PROVIDE (_end = .)
                0x20002078                        . = (. + _Min_Heap_Size)
 *fill*         0x20001e78      0x200 
                0x20002478                        . = (. + _Min_Stack_Size)
 *fill*         0x20002078      0x400 
                0x20002478                        . = ALIGN (0x8)

/DISCARD/
 libc.a(*)
 libm.a(*)
 libgcc.a(*)

.ARM.attributes
                0x00000000       0x30
 *(.ARM.attributes)
 .ARM.attributes
                0x00000000       0x22 C:/ST/STM32CubeIDE_1.15.0/STM32CubeIDE/plugins/com.st.stm32cube.ide.mcu.externaltools.gnu-tools-for-stm32.12.3.rel1.win32_1.0.100.202403111256/tools/bin/../lib/gcc/arm-none-eabi/12.3.1/thumb/v7e-m+fp/hard/crti.o
 .ARM.attributes
                0x00000022       0x34 C:/ST/STM32CubeIDE_1.15.0/STM32CubeIDE/plugins/com.st.stm32cube.ide.mcu.externaltools.gnu-tools-for-stm32.12.3.rel1.win32_1.0.100.202403111256/tools/bin/../lib/gcc/arm-none-eabi/12.3.1/thumb/v7e-m+fp/hard/crtbegin.o
 .ARM.attributes
                0x00000056       0x21 ./Application/Startup/startup_stm32g431rbtx.o
 .ARM.attributes
                0x00000077       0x30 ./Application/User/aspep.o
 .ARM.attributes
                0x000000a7       0x30 ./Application/User/main.o
 .ARM.attributes
                0x000000d7       0x30 ./Application/User/mc_api.o
 .ARM.attributes
                0x00000107       0x30 ./Application/User/mc_app_hooks.o
 .ARM.attributes
                0x00000137       0x30 ./Application/User/mc_config.o
 .ARM.attributes
                0x00000167       0x30 ./Application/User/mc_configuration_registers.o
 .ARM.attributes
                0x00000197       0x30 ./Application/User/mc_interface.o
 .ARM.attributes
                0x000001c7       0x30 ./Application/User/mc_math.o
 .ARM.attributes
                0x000001f7       0x30 ./Application/User/mc_parameters.o
 .ARM.attributes
                0x00000227       0x30 ./Application/User/mc_tasks.o
 .ARM.attributes
                0x00000257       0x30 ./Application/User/mcp_config.o
 .ARM.attributes
                0x00000287       0x30 ./Application/User/motorcontrol.o
 .ARM.attributes
                0x000002b7       0x30 ./Application/User/pwm_curr_fdbk.o
 .ARM.attributes
                0x000002e7       0x30 ./Application/User/register_interface.o
 .ARM.attributes
                0x00000317       0x30 ./Application/User/regular_conversion_manager.o