Archive member included to satisfy reference by file (symbol)

C:/ST/STM32CubeIDE_1.15.0/STM32CubeIDE/plugins/com.st.stm32cube.ide.mcu.externaltools.gnu-tools-for-stm32.12.3.rel1.win32_1.0.100.202403111256/tools/bin/../lib/gcc/arm-none-eabi/12.3.1/../../../../arm-none-eabi/lib/thumb/v7e-m+fp/hard\libc_nano.a(libc_a-exit.o)
                              C:/ST/STM32CubeIDE_1.15.0/STM32CubeIDE/plugins/com.st.stm32cube.ide.mcu.externaltools.gnu-tools-for-stm32.12.3.rel1.win32_1.0.100.202403111256/tools/bin/../lib/gcc/arm-none-eabi/12.3.1/../../../../arm-none-eabi/lib/thumb/v7e-m+fp/hard/crt0.o (exit)
C:/ST/STM32CubeIDE_1.15.0/STM32CubeIDE/plugins/com.st.stm32cube.ide.mcu.externaltools.gnu-tools-for-stm32.12.3.rel1.win32_1.0.100.202403111256/tools/bin/../lib/gcc/arm-none-eabi/12.3.1/../../../../arm-none-eabi/lib/thumb/v7e-m+fp/hard\libc_nano.a(libc_a-findfp.o)
                              C:/ST/STM32CubeIDE_1.15.0/STM32CubeIDE/plugins/com.st.stm32cube.ide.mcu.externaltools.gnu-tools-for-stm32.12.3.rel1.win32_1.0.100.202403111256/tools/bin/../lib/gcc/arm-none-eabi/12.3.1/../../../../arm-none-eabi/lib/thumb/v7e-m+fp/hard\libc_nano.a(libc_a-exit.o) (__stdio_exit_handler)
C:/ST/STM32CubeIDE_1.15.0/STM32CubeIDE/plugins/com.st.stm32cube.ide.mcu.externaltools.gnu-tools-for-stm32.12.3.rel1.win32_1.0.100.202403111256/tools/bin/../lib/gcc/arm-none-eabi/12.3.1/../../../../arm-none-eabi/lib/thumb/v7e-m+fp/hard\libc_nano.a(libc_a-fwalk.o)
                              C:/ST/STM32CubeIDE_1.15.0/STM32CubeIDE/plugins/com.st.stm32cube.ide.mcu.externaltools.gnu-tools-for-stm32.12.3.rel1.win32_1.0.100.202403111256/tools/bin/../lib/gcc/arm-none-eabi/12.3.1/../../../../arm-none-eabi/lib/thumb/v7e-m+fp/hard\libc_nano.a(libc_a-findfp.o) (_fwalk_sglue)
C:/ST/STM32CubeIDE_1.15.0/STM32CubeIDE/plugins/com.st.stm32cube.ide.mcu.externaltools.gnu-tools-for-stm32.12.3.rel1.win32_1.0.100.202403111256/tools/bin/../lib/gcc/arm-none-eabi/12.3.1/../../../../arm-none-eabi/lib/thumb/v7e-m+fp/hard\libc_nano.a(libc_a-stdio.o)
                              C:/ST/STM32CubeIDE_1.15.0/STM32CubeIDE/plugins/com.st.stm32cube.ide.mcu.externaltools.gnu-tools-for-stm32.12.3.rel1.win32_1.0.100.202403111256/tools/bin/../lib/gcc/arm-none-eabi/12.3.1/../../../../arm-none-eabi/lib/thumb/v7e-m+fp/hard\libc_nano.a(libc_a-findfp.o) (__sread)
C:/ST/STM32CubeIDE_1.15.0/STM32CubeIDE/plugins/com.st.stm32cube.ide.mcu.externaltools.gnu-tools-for-stm32.12.3.rel1.win32_1.0.100.202403111256/tools/bin/../lib/gcc/arm-none-eabi/12.3.1/../../../../arm-none-eabi/lib/thumb/v7e-m+fp/hard\libc_nano.a(libc_a-memset.o)
                              C:/ST/STM32CubeIDE_1.15.0/STM32CubeIDE/plugins/com.st.stm32cube.ide.mcu.externaltools.gnu-tools-for-stm32.12.3.rel1.win32_1.0.100.202403111256/tools/bin/../lib/gcc/arm-none-eabi/12.3.1/../../../../arm-none-eabi/lib/thumb/v7e-m+fp/hard/crt0.o (memset)
C:/ST/STM32CubeIDE_1.15.0/STM32CubeIDE/plugins/com.st.stm32cube.ide.mcu.externaltools.gnu-tools-for-stm32.12.3.rel1.win32_1.0.100.202403111256/tools/bin/../lib/gcc/arm-none-eabi/12.3.1/../../../../arm-none-eabi/lib/thumb/v7e-m+fp/hard\libc_nano.a(libc_a-closer.o)
                              C:/ST/STM32CubeIDE_1.15.0/STM32CubeIDE/plugins/com.st.stm32cube.ide.mcu.externaltools.gnu-tools-for-stm32.12.3.rel1.win32_1.0.100.202403111256/tools/bin/../lib/gcc/arm-none-eabi/12.3.1/../../../../arm-none-eabi/lib/thumb/v7e-m+fp/hard\libc_nano.a(libc_a-stdio.o) (_close_r)
C:/ST/STM32CubeIDE_1.15.0/STM32CubeIDE/plugins/com.st.stm32cube.ide.mcu.externaltools.gnu-tools-for-stm32.12.3.rel1.win32_1.0.100.202403111256/tools/bin/../lib/gcc/arm-none-eabi/12.3.1/../../../../arm-none-eabi/lib/thumb/v7e-m+fp/hard\libc_nano.a(libc_a-reent.o)
                              C:/ST/STM32CubeIDE_1.15.0/STM32CubeIDE/plugins/com.st.stm32cube.ide.mcu.externaltools.gnu-tools-for-stm32.12.3.rel1.win32_1.0.100.202403111256/tools/bin/../lib/gcc/arm-none-eabi/12.3.1/../../../../arm-none-eabi/lib/thumb/v7e-m+fp/hard\libc_nano.a(libc_a-closer.o) (errno)
C:/ST/STM32CubeIDE_1.15.0/STM32CubeIDE/plugins/com.st.stm32cube.ide.mcu.externaltools.gnu-tools-for-stm32.12.3.rel1.win32_1.0.100.202403111256/tools/bin/../lib/gcc/arm-none-eabi/12.3.1/../../../../arm-none-eabi/lib/thumb/v7e-m+fp/hard\libc_nano.a(libc_a-impure.o)
                              C:/ST/STM32CubeIDE_1.15.0/STM32CubeIDE/plugins/com.st.stm32cube.ide.mcu.externaltools.gnu-tools-for-stm32.12.3.rel1.win32_1.0.100.202403111256/tools/bin/../lib/gcc/arm-none-eabi/12.3.1/../../../../arm-none-eabi/lib/thumb/v7e-m+fp/hard\libc_nano.a(libc_a-reent.o) (_impure_ptr)
C:/ST/STM32CubeIDE_1.15.0/STM32CubeIDE/plugins/com.st.stm32cube.ide.mcu.externaltools.gnu-tools-for-stm32.12.3.rel1.win32_1.0.100.202403111256/tools/bin/../lib/gcc/arm-none-eabi/12.3.1/../../../../arm-none-eabi/lib/thumb/v7e-m+fp/hard\libc_nano.a(libc_a-lseekr.o)
[...]
Memory Configuration

Name             Origin             Length             Attributes
RAM              0x20000000         0x00008000         xrw
FLASH            0x08000000         0x00020000         xr
*default*        0x00000000         0xffffffff

Linker script and memory map

LOAD C:/ST/STM32CubeIDE_1.15.0/STM32CubeIDE/plugins/com.st.stm32cube.ide.mcu.externaltools.gnu-tools-for-stm32.12.3.rel1.win32_1.0.100.202403111256/tools/bin/../lib/gcc/arm-none-eabi/12.3.1/thumb/v7e-m+fp/hard/crti.o
LOAD C:/ST/STM32CubeIDE_1.15.0/STM32CubeIDE/plugins/com.st.stm32cube.ide.mcu.externaltools.gnu-tools-for-stm32.12.3.rel1.win32_1.0.100.202403111256/tools/bin/../lib/gcc/arm-none-eabi/12.3.1/thumb/v7e-m+fp/hard/crtbegin.o
LOAD C:/ST/STM32CubeIDE_1.15.0/STM32CubeIDE/plugins/com.st.stm32cube.ide.mcu.externaltools.gnu-tools-for-stm32.12.3.rel1.win32_1.0.100.202403111256/tools/bin/../lib/gcc/arm-none-eabi/12.3.1/../../../../arm-none-eabi/lib/thumb/v7e-m+fp/hard/crt0.o
LOAD ./Application/Startup/startup_stm32g431rbtx.o
LOAD ./Application/User/aspep.o
LOAD ./Application/User/main.o
LOAD ./Application/User/mc_api.o
LOAD ./Application/User/mc_app_hooks.o
LOAD ./Application/User/mc_config.o
LOAD ./Application/User/mc_configuration_registers.o
LOAD ./Application/User/mc_interface.o
LOAD ./Application/User/mc_math.o
LOAD ./Application/User/mc_parameters.o
LOAD ./Application/User/mc_perf.o
LOAD ./Application/User/mc_tasks.o
LOAD ./Application/User/mcp_config.o
LOAD ./Application/User/motorcontrol.o
LOAD ./Application/User/pwm_curr_fdbk.o
LOAD ./Application/User/register_interface.o
LOAD ./Application/User/regular_conversion_manager.o
LOAD ./Application/User/stm32g4xx_hal_msp.o
LOAD ./Application/User/stm32g4xx_it.o
LOAD ./Application/User/stm32g4xx_mc_it.o
LOAD ./Application/User/syscalls.o
LOAD ./Application/User/sysmem.o
LOAD ./Application/User/usart_aspep_driver.o
LOAD ./Drivers/CMSIS/system_stm32g4xx.o
LOAD ./Drivers/STM32G4xx_HAL_Driver/stm32g4xx_hal.o
LOAD ./Drivers/STM32G4xx_HAL_Driver/stm32g4xx_hal_adc.o
LOAD ./Drivers/STM32G4xx_HAL_Driver/stm32g4xx_hal_adc_ex.o
LOAD ./Drivers/STM32G4xx_HAL_Driver/stm32g4xx_hal_cordic.o
LOAD ./Drivers/STM32G4xx_HAL_Driver/stm32g4xx_hal_cortex.o
LOAD ./Drivers/STM32G4xx_HAL_Driver/stm32g4xx_hal_dma.o
LOAD ./Drivers/STM32G4xx_HAL_Driver/stm32g4xx_hal_dma_ex.o
LOAD ./Drivers/STM32G4xx_HAL_Driver/stm32g4xx_hal_exti.o
LOAD ./Drivers/STM32G4xx_HAL_Driver/stm32g4xx_hal_flash.o
LOAD ./Drivers/STM32G4xx_HAL_Driver/stm32g4xx_hal_flash_ex.o
LOAD ./Drivers/STM32G4xx_HAL_Driver/stm32g4xx_hal_flash_ramfunc.o
LOAD ./Drivers/STM32G4xx_HAL_Driver/stm32g4xx_hal_gpio.o
LOAD ./Drivers/STM32G4xx_HAL_Driver/stm32g4xx_hal_pwr.o
LOAD ./Drivers/STM32G4xx_HAL_Driver/stm32g4xx_hal_pwr_ex.o
LOAD ./Drivers/STM32G4xx_HAL_Driver/stm32g4xx_hal_rcc.o
LOAD ./Drivers/STM32G4xx_HAL_Driver/stm32g4xx_hal_rcc_ex.o
LOAD ./Drivers/STM32G4xx_HAL_Driver/stm32g4xx_hal_spi.o
LOAD ./Drivers/STM32G4xx_HAL_Driver/stm32g4xx_hal_spi_ex.o
LOAD ./Drivers/STM32G4xx_HAL_Driver/stm32g4xx_hal_tim.o
LOAD ./Drivers/STM32G4xx_HAL_Driver/stm32g4xx_hal_tim_ex.o
LOAD ./Drivers/STM32G4xx_HAL_Driver/stm32g4xx_hal_uart.o
LOAD ./Drivers/STM32G4xx_HAL_Driver/stm32g4xx_hal_uart_ex.o
LOAD ./Drivers/STM32G4xx_HAL_Driver/stm32g4xx_ll_adc.o
LOAD ./Middlewares/MotorControl/bus_voltage_sensor.o
LOAD ./Middlewares/MotorControl/circle_limitation.o
LOAD ./Middlewares/MotorControl/digital_output.o
LOAD ./Middlewares/MotorControl/mcp.o
LOAD ./Middlewares/MotorControl/mcpa.o
LOAD ./Middlewares/MotorControl/ntc_temperature_sensor.o
LOAD ./Middlewares/MotorControl/open_loop.o
LOAD ./Middlewares/MotorControl/pid_regulator.o
LOAD ./Middlewares/MotorControl/pqd_motor_power_measurement.o
LOAD ./Middlewares/MotorControl/pwm_common.o
LOAD ./Middlewares/MotorControl/r3_2_g4xx_pwm_curr_fdbk.o
LOAD ./Middlewares/MotorControl/r_divider_bus_voltage_sensor.o
LOAD ./Middlewares/MotorControl/ramp_ext_mngr.o
LOAD ./Middlewares/MotorControl/revup_ctrl.o
LOAD ./Middlewares/MotorControl/speed_pos_fdbk.o
LOAD ./Middlewares/MotorControl/speed_torq_ctrl.o
LOAD ./Middlewares/MotorControl/sto_pll_speed_pos_fdbk.o
LOAD ./Middlewares/MotorControl/virtual_speed_sensor.o
START GROUP
LOAD C:/ST/STM32CubeIDE_1.15.0/STM32CubeIDE/plugins/com.st.stm32cube.ide.mcu.externaltools.gnu-tools-for-stm32.12.3.rel1.win32_1.0.100.202403111256/tools/bin/../lib/gcc/arm-none-eabi/12.3.1/../../../../arm-none-eabi/lib/thumb/v7e-m+fp/hard\libc_nano.a
LOAD C:/ST/STM32CubeIDE_1.15.0/STM32CubeIDE/plugins/com.st.stm32cube.ide.mcu.externaltools.gnu-tools-for-stm32.12.3.rel1.win32_1.0.100.202403111256/tools/bin/../lib/gcc/arm-none-eabi/12.3.1/../../../../arm-none-eabi/lib/thumb/v7e-m+fp/hard\libm.a
END GROUP
START GROUP
LOAD C:/ST/STM32CubeIDE_1.15.0/STM32CubeIDE/plugins/com.st.stm32cube.ide.mcu.externaltools.gnu-tools-for-stm32.12.3.rel1.win32_1.0.100.202403111256/tools/bin/../lib/gcc/arm-none-eabi/12.3.1/thumb/v7e-m+fp/hard\libgcc.a
LOAD C:/ST/STM32CubeIDE_1.15.0/STM32CubeIDE/plugins/com.st.stm32cube.ide.mcu.externaltools.gnu-tools-for-stm32.12.3.rel1.win32_1.0.100.202403111256/tools/bin/../lib/gcc/arm-none-eabi/12.3.1/../../../../arm-none-eabi/lib/thumb/v7e-m+fp/hard\libc_nano.a
END GROUP
START GROUP
LOAD C:/ST/STM32CubeIDE_1.15.0/STM32CubeIDE/plugins/com.st.stm32cube.ide.mcu.externaltools.gnu-tools-for-stm32.12.3.rel1.win32_1.0.100.202403111256/tools/bin/../lib/gcc/arm-none-eabi/12.3.1/thumb/v7e-m+fp/hard\libgcc.a
LOAD C:/ST/STM32CubeIDE_1.15.0/STM32CubeIDE/plugins/com.st.stm32cube.ide.mcu.externaltools.gnu-tools-for-stm32.12.3.rel1.win32_1.0.100.202403111256/tools/bin/../lib/gcc/arm-none-eabi/12.3.1/../../../../arm-none-eabi/lib/thumb/v7e-m+fp/hard\libc_nano.a
LOAD C:/ST/STM32CubeIDE_1.15.0/STM32CubeIDE/plugins/com.st.stm32cube.ide.mcu.externaltools.gnu-tools-for-stm32.12.3.rel1.win32_1.0.100.202403111256/tools/bin/../lib/gcc/arm-none-eabi/12.3.1/../../../../arm-none-eabi/lib/thumb/v7e-m+fp/hard\libnosys.a
END GROUP
START GROUP
LOAD C:/ST/STM32CubeIDE_1.15.0/STM32CubeIDE/plugins/com.st.stm32cube.ide.mcu.externaltools.gnu-tools-for-stm32.12.3.rel1.win32_1.0.100.202403111256/tools/bin/../lib/gcc/arm-none-eabi/12.3.1/thumb/v7e-m+fp/hard\libgcc.a
LOAD C:/ST/STM32CubeIDE_1.15.0/STM32CubeIDE/plugins/com.st.stm32cube.ide.mcu.externaltools.gnu-tools-for-stm32.12.3.rel1.win32_1.0.100.202403111256/tools/bin/../lib/gcc/arm-none-eabi/12.3.1/../../../../arm-none-eabi/lib/thumb/v7e-m+fp/hard\libc_nano.a
LOAD C:/ST/STM32CubeIDE_1.15.0/STM32CubeIDE/plugins/com.st.stm32cube.ide.mcu.externaltools.gnu-tools-for-stm32.12.3.rel1.win32_1.0.100.202403111256/tools/bin/../lib/gcc/arm-none-eabi/12.3.1/../../../../arm-none-eabi/lib/thumb/v7e-m+fp/hard\libnosys.a
END GROUP
LOAD C:/ST/STM32CubeIDE_1.15.0/STM32CubeIDE/plugins/com.st.stm32cube.ide.mcu.externaltools.gnu-tools-for-stm32.12.3.rel1.win32_1.0.100.202403111256/tools/bin/../lib/gcc/arm-none-eabi/12.3.1/thumb/v7e-m+fp/hard/crtend.o
LOAD C:/ST/STM32CubeIDE_1.15.0/STM32CubeIDE/plugins/com.st.stm32cube.ide.mcu.externaltools.gnu-tools-for-stm32.12.3.rel1.win32_1.0.100.202403111256/tools/bin/../lib/gcc/arm-none-eabi/12.3.1/thumb/v7e-m+fp/hard/crtn.o
                0x20008000                        _estack = (ORIGIN (RAM) + LENGTH (RAM))
                0x00000200                        _Min_Heap_Size = 0x200
                0x00000400                        _Min_Stack_Size = 0x400

.isr_vector     0x08000000      0x1d8
                0x08000000                        . = ALIGN (0x4)
 *(.isr_vector)
 .isr_vector    0x08000000      0x1d8 ./Application/Startup/startup_stm32g431rbtx.o
                0x08000000                g_pfnVectors
                0x080001d8                        . = ALIGN (0x4)

.text           0x080001d8     0xa18c
                0x080001d8                        . = ALIGN (0x4)
 *(.text)
 .text          0x080001d8       0x40 C:/ST/STM32CubeIDE_1.15.0/STM32CubeIDE/plugins/com.st.stm32cube.ide.mcu.externaltools.gnu-tools-for-stm32.12.3.rel1.win32_1.0.100.202403111256/tools/bin/../lib/gcc/arm-none-eabi/12.3.1/thumb/v7e-m+fp/hard/crtbegin.o
 .text          0x08000218      0x254 C:/ST/STM32CubeIDE_1.15.0/STM32CubeIDE/plugins/com.st.stm32cube.ide.mcu.externaltools.gnu-tools-for-stm32.12.3.rel1.win32_1.0.100.202403111256/tools/bin/../lib/gcc/arm-none-eabi/12.3.1/thumb/v7e-m+fp/hard\libgcc.a(_arm_muldf3.o)
                0x08000218                __muldf3
                0x08000218                __aeabi_dmul
 .text          0x0800046c      0x378 C:/ST/STM32CubeIDE_1.15.0/STM32CubeIDE/plugins/com.st.stm32cube.ide.mcu.externaltools.gnu-tools-for-stm32.12.3.rel1.win32_1.0.100.202403111256/tools/bin/../lib/gcc/arm-none-eabi/12.3.1/thumb/v7e-m+fp/hard\libgcc.a(_arm_addsubdf3.o)
                0x0800046c                __aeabi_drsub
                0x08000474                __aeabi_dsub
                0x08000474                __subdf3
                0x08000478                __aeabi_dadd
                0x08000478                __adddf3
                0x080006f0                __floatunsidf
                0x080006f0                __aeabi_ui2d
                0x08000710                __floatsidf
                0x08000710                __aeabi_i2d
                0x08000734                __aeabi_f2d
                0x08000734                __extendsfdf2
                0x08000778                __floatundidf
                0x08000778                __aeabi_ul2d
                0x08000788                __floatdidf
                0x08000788                __aeabi_l2d
 .text          0x080007e4       0x50 C:/ST/STM32CubeIDE_1.15.0/STM32CubeIDE/plugins/com.st.stm32cube.ide.mcu.externaltools.gnu-tools-for-stm32.12.3.rel1.win32_1.0.100.202403111256/tools/bin/../lib/gcc/arm-none-eabi/12.3.1/thumb/v7e-m+fp/hard\libgcc.a(_arm_fixdfsi.o)
                0x080007e4                __aeabi_d2iz
                0x080007e4                __fixdfsi
 .text          0x08000834       0xa0 C:/ST/STM32CubeIDE_1.15.0/STM32CubeIDE/plugins/com.st.stm32cube.ide.mcu.externaltools.gnu-tools-for-stm32.12.3.rel1.win32_1.0.100.202403111256/tools/bin/../lib/gcc/arm-none-eabi/12.3.1/thumb/v7e-m+fp/hard\libgcc.a(_arm_truncdfsf2.o)
                0x08000834                __truncdfsf2
                0x08000834                __aeabi_d2f
 .text          0x080008d4       0x30 C:/ST/STM32CubeIDE_1.15.0/STM32CubeIDE/plugins/com.st.stm32cube.ide.mcu.externaltools.gnu-tools-for-stm32.12.3.rel1.win32_1.0.100.202403111256/tools/bin/../lib/gcc/arm-none-eabi/12.3.1/thumb/v7e-m+fp/hard\libgcc.a(_aeabi_uldivmod.o)
                0x080008d4                __aeabi_uldivmod
 .text          0x08000904      0x2bc C:/ST/STM32CubeIDE_1.15.0/STM32CubeIDE/plugins/com.st.stm32cube.ide.mcu.externaltools.gnu-tools-for-stm32.12.3.rel1.win32_1.0.100.202403111256/tools/bin/../lib/gcc/arm-none-eabi/12.3.1/thumb/v7e-m+fp/hard\libgcc.a(_udivmoddi4.o)
                0x08000904                __udivmoddi4
 .text          0x08000bc0        0x4 C:/ST/STM32CubeIDE_1.15.0/STM32CubeIDE/plugins/com.st.stm32cube.ide.mcu.externaltools.gnu-tools-for-stm32.12.3.rel1.win32_1.0.100.202403111256/tools/bin/../lib/gcc/arm-none-eabi/12.3.1/thumb/v7e-m+fp/hard\libgcc.a(_dvmd_tls.o)
                0x08000bc0                __aeabi_idiv0
                0x08000bc0                __aeabi_ldiv0
 *(.text*)
 .text.Reset_Handler
                0x08000bc4       0x50 ./Application/Startup/startup_stm32g431rbtx.o
                0x08000bc4                Reset_Handler
 .text.Default_Handler
                0x08000c14        0x2 ./Application/Startup/startup_stm32g431rbtx.o
                0x08000c14                RTC_Alarm_IRQHandler
                0x08000c14                EXTI2_IRQHandler
                0x08000c14                TIM8_TRG_COM_IRQHandler
                0x08000c14                TIM8_CC_IRQHandler
                0x08000c14                DebugMon_Handler
                0x08000c14                TIM1_CC_IRQHandler
                0x08000c14                USB_HP_IRQHandler
                0x08000c14                CORDIC_IRQHandler
                0x08000c14                PendSV_Handler
                0x08000c14                NMI_Handler
                0x08000c14                EXTI3_IRQHandler
                0x08000c14                I2C3_ER_IRQHandler
                0x08000c14                EXTI0_IRQHandler
                0x08000c14                I2C2_EV_IRQHandler
                0x08000c14                FPU_IRQHandler
                0x08000c14                FDCAN1_IT1_IRQHandler
                0x08000c14                UsageFault_Handler
                0x08000c14                SPI1_IRQHandler
                0x08000c14                TIM6_DAC_IRQHandler
                0x08000c14                TIM8_UP_IRQHandler
                0x08000c14                DMA2_Channel2_IRQHandler
                0x08000c14                DMA1_Channel4_IRQHandler
                0x08000c14                USART3_IRQHandler
                0x08000c14                TIM4_IRQHandler
                0x08000c14                DMA2_Channel1_IRQHandler
                0x08000c14                I2C1_EV_IRQHandler
                0x08000c14                DMA1_Channel6_IRQHandler
                0x08000c14                UART4_IRQHandler
                0x08000c14                DMA2_Channel4_IRQHandler
                0x08000c14                TIM3_IRQHandler
                0x08000c14                RCC_IRQHandler
                0x08000c14                Default_Handler
                0x08000c14                RTC_TAMP_LSECSS_IRQHandler
                0x08000c14                FMAC_IRQHandler
                0x08000c14                TIM7_IRQHandler
                0x08000c14                UCPD1_IRQHandler
                0x08000c14                I2C3_EV_IRQHandler
                0x08000c14                EXTI9_5_IRQHandler
                0x08000c14                RTC_WKUP_IRQHandler
                0x08000c14                PVD_PVM_IRQHandler
                0x08000c14                SPI2_IRQHandler
                0x08000c14                MemManage_Handler
                0x08000c14                SVC_Handler
                0x08000c14                DMA2_Channel5_IRQHandler
                0x08000c14                CRS_IRQHandler
                0x08000c14                DMA1_Channel5_IRQHandler
                0x08000c14                USB_LP_IRQHandler
                0x08000c14                EXTI4_IRQHandler
                0x08000c14                RNG_IRQHandler
                0x08000c14                TIM1_TRG_COM_TIM17_IRQHandler
                0x08000c14                DMA1_Channel3_IRQHandler
                0x08000c14                WWDG_IRQHandler
                0x08000c14                LPUART1_IRQHandler
                0x08000c14                DMA2_Channel6_IRQHandler
                0x08000c14                FDCAN1_IT0_IRQHandler
                0x08000c14                TIM2_IRQHandler
                0x08000c14                COMP1_2_3_IRQHandler
                0x08000c14                EXTI1_IRQHandler
                0x08000c14                I2C2_ER_IRQHandler
                0x08000c14                DMA1_Channel2_IRQHandler
                0x08000c14                TIM8_BRK_IRQHandler
                0x08000c14                FLASH_IRQHandler
                0x08000c14                BusFault_Handler
                0x08000c14                USART1_IRQHandler
                0x08000c14                SPI3_IRQHandler
                0x08000c14                I2C1_ER_IRQHandler
                0x08000c14                LPTIM1_IRQHandler
                0x08000c14                DMAMUX_OVR_IRQHandler
                0x08000c14                USBWakeUp_IRQHandler
                0x08000c14                SAI1_IRQHandler
                0x08000c14                DMA2_Channel3_IRQHandler
                0x08000c14                COMP4_IRQHandler
 *fill*         0x08000c16        0x2 
 .text.ASPEP_start
                0x08000c18       0x28 ./Application/User/aspep.o
                0x08000c18                ASPEP_start
 .text.ASPEP_sendBeacon
                0x08000c40       0x8c ./Application/User/aspep.o
                0x08000c40                ASPEP_sendBeacon
 .text.ASPEP_sendPing
                0x08000ccc       0x8c ./Application/User/aspep.o
                0x08000ccc                ASPEP_sendPing
 .text.ASPEP_getBuffer
                0x08000d58       0x60 ./Application/User/aspep.o
                0x08000d58                ASPEP_getBuffer
 .text.ASPEP_sendPacket
                0x08000db8      0x118 ./Application/User/aspep.o
                0x08000db8                ASPEP_sendPacket
 .text.ASPEP_HWDataTransmittedIT
                0x08000ed0       0x98 ./Application/User/aspep.o
                0x08000ed0                ASPEP_HWDataTransmittedIT
 .text.ASPEP_RXframeProcess
                0x08000f68      0x2c0 ./Application/User/aspep.o
                0x08000f68                ASPEP_RXframeProcess
 .text.ASPEP_HWDataReceivedIT
                0x08001228       0x9c ./Application/User/aspep.o
                0x08001228                ASPEP_HWDataReceivedIT
 .text.ASPEP_HWDMAReset
                0x080012c4       0x14 ./Application/User/aspep.o
                0x080012c4                ASPEP_HWDMAReset
 .text.SystemClock_Config
                0x080012d8       0x74 ./Application/User/main.o
                0x080012d8                SystemClock_Config
 .text.startup.main
                0x0800134c      0x52c ./Application/User/main.o
                0x0800134c                main
 .text.Error_Handler
                0x08001878        0x4 ./Application/User/main.o
                0x08001878                Error_Handler
 .text.MC_StartMotor1
                0x0800187c        0xc ./Application/User/mc_api.o
                0x0800187c                MC_StartMotor1
 .text.MC_StopMotor1
                0x08001888        0xc ./Application/User/mc_api.o
                0x08001888                MC_StopMotor1
 .text.MC_GetSTMStateMotor1
                0x08001894        0xc ./Application/User/mc_api.o
                0x08001894                MC_GetSTMStateMotor1
 .text.MC_ProfilerCommand
                0x080018a0        0x4 ./Application/User/mc_api.o
                0x080018a0                MC_ProfilerCommand
 .text.MC_APP_BootHook
                0x080018a4        0x4 ./Application/User/mc_app_hooks.o
                0x080018a4                MC_APP_BootHook
 .text.MC_APP_PostMediumFrequencyHook_M1
                0x080018a8        0x4 ./Application/User/mc_app_hooks.o
                0x080018a8                MC_APP_PostMediumFrequencyHook_M1
 .text.MCI_Init
                0x080018ac       0x24 ./Application/User/mc_interface.o
                0x080018ac                MCI_Init
 .text.MCI_ExecSpeedRamp
                0x080018d0       0x14 ./Application/User/mc_interface.o
                0x080018d0                MCI_ExecSpeedRamp
 .text.MCI_ExecTorqueRamp
                0x080018e4       0x14 ./Application/User/mc_interface.o
                0x080018e4                MCI_ExecTorqueRamp
 .text.MCI_SetCurrentReferences
                0x080018f8       0x14 ./Application/User/mc_interface.o
                0x080018f8                MCI_SetCurrentReferences
 .text.MCI_FaultProcessing
                0x0800190c       0x18 ./Application/User/mc_interface.o
                0x0800190c                MCI_FaultProcessing
 .text.MCI_ExecBufferedCommands
                0x08001924       0x74 ./Application/User/mc_interface.o
                0x08001924                MCI_ExecBufferedCommands
 .text.MCI_GetSTMState
                0x08001998        0x4 ./Application/User/mc_interface.o
                0x08001998                MCI_GetSTMState
 .text.MCI_GetOccurredFaults
                0x0800199c        0x4 ./Application/User/mc_interface.o
                0x0800199c                MCI_GetOccurredFaults
 .text.MCI_GetCurrentFaults
                0x080019a0        0x4 ./Application/User/mc_interface.o
                0x080019a0                MCI_GetCurrentFaults
 .text.MCI_StartMotor
                0x080019a4       0x2c ./Application/User/mc_interface.o
                0x080019a4                MCI_StartMotor
 .text.MCI_StopMotor
                0x080019d0       0x38 ./Application/User/mc_interface.o
                0x080019d0                MCI_StopMotor
 .text.MCI_FaultAcknowledged
                0x08001a08       0x24 ./Application/User/mc_interface.o
                0x08001a08                MCI_FaultAcknowledged
 .text.MCI_GetFaultState
                0x08001a2c        0xc ./Application/User/mc_interface.o
                0x08001a2c                MCI_GetFaultState
 .text.MCI_GetControlMode
                0x08001a38        0x4 ./Application/User/mc_interface.o
                0x08001a38                MCI_GetControlMode
 .text.MCI_GetImposedMotorDirection
                0x08001a3c       0x44 ./Application/User/mc_interface.o
                0x08001a3c                MCI_GetImposedMotorDirection
 .text.MCI_GetLastRampFinalSpeed
                0x08001a80        0x8 ./Application/User/mc_interface.o
                0x08001a80                MCI_GetLastRampFinalSpeed
 .text.MCI_GetLastRampFinalTorque
                0x08001a88        0x8 ./Application/User/mc_interface.o
                0x08001a88                MCI_GetLastRampFinalTorque
 .text.MCI_GetLastRampFinalDuration
                0x08001a90        0x4 ./Application/User/mc_interface.o
                0x08001a90                MCI_GetLastRampFinalDuration
 .text.MCI_StopRamp
                0x08001a94        0x8 ./Application/User/mc_interface.o
                0x08001a94                MCI_StopRamp
 .text.MCI_GetAvrgMecSpeedUnit
                0x08001a9c       0x10 ./Application/User/mc_interface.o
                0x08001a9c                MCI_GetAvrgMecSpeedUnit
 .text.MCI_GetMecSpeedRefUnit
                0x08001aac        0x8 ./Application/User/mc_interface.o
                0x08001aac                MCI_GetMecSpeedRefUnit
 .text.MCI_GetIab
                0x08001ab4       0x1c ./Application/User/mc_interface.o
                0x08001ab4                MCI_GetIab
 .text.MCI_GetIalphabeta
                0x08001ad0       0x1c ./Application/User/mc_interface.o
                0x08001ad0                MCI_GetIalphabeta
 .text.MCI_GetIqd
                0x08001aec       0x1c ./Application/User/mc_interface.o
                0x08001aec                MCI_GetIqd
 .text.MCI_GetIqdref
                0x08001b08       0x1c ./Application/User/mc_interface.o
                0x08001b08                MCI_GetIqdref
 .text.MCI_GetVqd
                0x08001b24       0x1c ./Application/User/mc_interface.o
                0x08001b24                MCI_GetVqd
 .text.MCI_GetValphabeta
                0x08001b40       0x1c ./Application/User/mc_interface.o
                0x08001b40                MCI_GetValphabeta
 .text.MCI_GetTeref
                0x08001b5c        0x8 ./Application/User/mc_interface.o
                0x08001b5c                MCI_GetTeref
 .text.MCI_Clear_Iqdref
                0x08001b64       0x14 ./Application/User/mc_interface.o
                0x08001b64                MCI_Clear_Iqdref
 .text.MCM_Clarke
                0x08001b78       0x54 ./Application/User/mc_math.o
                0x08001b78                MCM_Clarke
 .text.MCM_Trig_Functions
                0x08001bcc       0x2c ./Application/User/mc_math.o
                0x08001bcc                MCM_Trig_Functions
 .text.MCM_Park
                0x08001bf8       0x84 ./Application/User/mc_math.o
                0x08001bf8                MCM_Park
 .text.MCM_Rev_Park
                0x08001c7c       0x3c ./Application/User/mc_math.o
                0x08001c7c                MCM_Rev_Park
 .text.MCM_Sqrt
                0x08001cb8       0x20 ./Application/User/mc_math.o
                0x08001cb8                MCM_Sqrt
 .text.readAs5048a
                0x08001cd8      0x200 ./Application/User/mc_tasks.o
                0x08001cd8                readAs5048a
 .text.FOC_Clear
                0x08001ed8       0x74 ./Application/User/mc_tasks.o
                0x08001ed8                FOC_Clear
 .text.MCboot   0x08001f4c      0x130 ./Application/User/mc_tasks.o
                0x08001f4c                MCboot
 .text.FOC_InitAdditionalMethods
                0x0800207c        0x4 ./Application/User/mc_tasks.o
                0x0800207c                FOC_InitAdditionalMethods
 .text.FOC_CalcCurrRef
                0x08002080       0xa0 ./Application/User/mc_tasks.o
                0x08002080                FOC_CalcCurrRef
 .text.TSK_SetChargeBootCapDelayM1
                0x08002120        0xc ./Application/User/mc_tasks.o
                0x08002120                TSK_SetChargeBootCapDelayM1
 .text.TSK_ChargeBootCapDelayHasElapsedM1
                0x0800212c       0x14 ./Application/User/mc_tasks.o
                0x0800212c                TSK_ChargeBootCapDelayHasElapsedM1
 .text.TSK_SetStopPermanencyTimeM1
                0x08002140        0xc ./Application/User/mc_tasks.o
                0x08002140                TSK_SetStopPermanencyTimeM1
 .text.TSK_StopPermanencyTimeHasElapsedM1
                0x0800214c       0x14 ./Application/User/mc_tasks.o
                0x0800214c                TSK_StopPermanencyTimeHasElapsedM1
 .text.TSK_MediumFrequencyTaskM1
                0x08002160      0x494 ./Application/User/mc_tasks.o
                0x08002160                TSK_MediumFrequencyTaskM1
 .text.MC_Scheduler
                0x080025f4       0x90 ./Application/User/mc_tasks.o
                0x080025f4                MC_Scheduler
 *fill*         0x08002684        0x4 
 .text.TSK_HighFrequencyTask
                0x08002688      0x360 ./Application/User/mc_tasks.o
                0x08002688                TSK_HighFrequencyTask
 .text.TSK_SafetyTask_PWMOFF
                0x080029e8       0x90 ./Application/User/mc_tasks.o
                0x080029e8                TSK_SafetyTask_PWMOFF
 .text.TSK_SafetyTask
                0x08002a78       0x20 ./Application/User/mc_tasks.o
                0x08002a78                TSK_SafetyTask
 .text.MC_RunMotorControlTasks
                0x08002a98       0x18 ./Application/User/mc_tasks.o
                0x08002a98                MC_RunMotorControlTasks
 .text.TSK_HardwareFaultTask
                0x08002ab0       0x20 ./Application/User/mc_tasks.o
                0x08002ab0                TSK_HardwareFaultTask
 .text.UI_HandleStartStopButton_cb
                0x08002ad0       0x18 ./Application/User/mc_tasks.o
                0x08002ad0                UI_HandleStartStopButton_cb
 .text.mc_lock_pins
                0x08002ae8      0x100 ./Application/User/mc_tasks.o
                0x08002ae8                mc_lock_pins
 .text.MX_MotorControl_Init
                0x08002be8       0x3c ./Application/User/motorcontrol.o
                0x08002be8                MX_MotorControl_Init
 .text.PWMC_GetPhaseCurrents
                0x08002c24        0x4 ./Application/User/pwm_curr_fdbk.o
                0x08002c24                PWMC_GetPhaseCurrents
 .text.PWMC_SetPhaseVoltage
                0x08002c28      0x244 ./Application/User/pwm_curr_fdbk.o
                0x08002c28                PWMC_SetPhaseVoltage
 .text.PWMC_SwitchOffPWM
                0x08002e6c        0x4 ./Application/User/pwm_curr_fdbk.o
                0x08002e6c                PWMC_SwitchOffPWM
 .text.PWMC_SwitchOnPWM
                0x08002e70        0x4 ./Application/User/pwm_curr_fdbk.o
                0x08002e70                PWMC_SwitchOnPWM
 .text.PWMC_CurrentReadingCalibr
                0x08002e74       0x34 ./Application/User/pwm_curr_fdbk.o
                0x08002e74                PWMC_CurrentReadingCalibr
 .text.PWMC_CheckOverCurrent
                0x08002ea8        0x4 ./Application/User/pwm_curr_fdbk.o
                0x08002ea8                PWMC_CheckOverCurrent
 .text.RI_SetRegCommandParser
                0x08002eac      0x660 ./Application/User/register_interface.o
                0x08002eac                RI_SetRegCommandParser
 .text.RI_GetRegCommandParser
                0x0800350c      0x8d4 ./Application/User/register_interface.o
                0x0800350c                RI_GetRegCommandParser
 .text.RI_GetIDSize
                0x08003de0       0x18 ./Application/User/register_interface.o
                0x08003de0                RI_GetIDSize
 .text.RI_GetPtrReg
                0x08003df8      0x130 ./Application/User/register_interface.o
                0x08003df8                RI_GetPtrReg
 .text.RCM_RegisterRegConv
                0x08003f28      0x1f4 ./Application/User/regular_conversion_manager.o
                0x08003f28                RCM_RegisterRegConv
 .text.RCM_ExecRegularConv
                0x0800411c      0x188 ./Application/User/regular_conversion_manager.o
                0x0800411c                RCM_ExecRegularConv
 .text.RCM_ExecUserConv
                0x080042a4       0x60 ./Application/User/regular_conversion_manager.o
                0x080042a4                RCM_ExecUserConv
 .text.RCM_ExecNextConv
                0x08004304       0x88 ./Application/User/regular_conversion_manager.o
                0x08004304                RCM_ExecNextConv
 .text.RCM_ReadOngoingConv
                0x0800438c       0x54 ./Application/User/regular_conversion_manager.o
                0x0800438c                RCM_ReadOngoingConv
 .text.HAL_MspInit
                0x080043e0       0x40 ./Application/User/stm32g4xx_hal_msp.o
                0x080043e0                HAL_MspInit
 .text.HAL_ADC_MspInit
                0x08004420      0x16c ./Application/User/stm32g4xx_hal_msp.o
                0x08004420                HAL_ADC_MspInit
 .text.HAL_CORDIC_MspInit
                0x0800458c       0x30 ./Application/User/stm32g4xx_hal_msp.o
                0x0800458c                HAL_CORDIC_MspInit
 *fill*         0x080045bc        0x4 
 .text.HAL_SPI_MspInit
                0x080045c0       0x78 ./Application/User/stm32g4xx_hal_msp.o
                0x080045c0                HAL_SPI_MspInit
 .text.HAL_TIM_Base_MspInit
                0x08004638       0x74 ./Application/User/stm32g4xx_hal_msp.o
                0x08004638                HAL_TIM_Base_MspInit
 *fill*         0x080046ac        0x4 
 .text.HAL_TIM_MspPostInit
                0x080046b0       0x74 ./Application/User/stm32g4xx_hal_msp.o
                0x080046b0                HAL_TIM_MspPostInit
 .text.HAL_UART_MspInit
                0x08004724       0xf8 ./Application/User/stm32g4xx_hal_msp.o
                0x08004724                HAL_UART_MspInit
 .text.ADC1_2_IRQHandler
                0x0800481c        0xc ./Application/User/stm32g4xx_mc_it.o
                0x0800481c                ADC1_2_IRQHandler
 .text.TIM1_UP_TIM16_IRQHandler
                0x08004828       0x18 ./Application/User/stm32g4xx_mc_it.o
                0x08004828                TIM1_UP_TIM16_IRQHandler
 .text.TIM1_BRK_TIM15_IRQHandler
                0x08004840       0x3c ./Application/User/stm32g4xx_mc_it.o
                0x08004840                TIM1_BRK_TIM15_IRQHandler
 .text.DMA1_Channel1_IRQHandler
                0x0800487c       0x1c ./Application/User/stm32g4xx_mc_it.o
                0x0800487c                DMA1_Channel1_IRQHandler
 .text.USART2_IRQHandler
                0x08004898      0x114 ./Application/User/stm32g4xx_mc_it.o
                0x08004898                USART2_IRQHandler
 .text.HardFault_Handler
                0x080049ac        0x8 ./Application/User/stm32g4xx_mc_it.o
                0x080049ac                HardFault_Handler
 .text.SysTick_Handler
                0x080049b4       0x30 ./Application/User/stm32g4xx_mc_it.o
                0x080049b4                SysTick_Handler
 .text.EXTI15_10_IRQHandler
                0x080049e4       0x18 ./Application/User/stm32g4xx_mc_it.o
                0x080049e4                EXTI15_10_IRQHandler
 .text.UASPEP_INIT
                0x080049fc       0x90 ./Application/User/usart_aspep_driver.o
                0x080049fc                UASPEP_INIT
 .text.UASPEP_SEND_PACKET
                0x08004a8c       0x38 ./Application/User/usart_aspep_driver.o
                0x08004a8c                UASPEP_SEND_PACKET
 .text.UASPEP_RECEIVE_BUFFER
                0x08004ac4       0x38 ./Application/User/usart_aspep_driver.o
                0x08004ac4                UASPEP_RECEIVE_BUFFER
 .text.UASPEP_IDLE_ENABLE
                0x08004afc       0x18 ./Application/User/usart_aspep_driver.o
                0x08004afc                UASPEP_IDLE_ENABLE
 .text.SystemInit
                0x08004b14       0x14 ./Drivers/CMSIS/system_stm32g4xx.o
                0x08004b14                SystemInit
 .text.HAL_InitTick
                0x08004b28       0x4c ./Drivers/STM32G4xx_HAL_Driver/stm32g4xx_hal.o
                0x08004b28                HAL_InitTick
 .text.HAL_Init
                0x08004b74       0x20 ./Drivers/STM32G4xx_HAL_Driver/stm32g4xx_hal.o
                0x08004b74                HAL_Init
 .text.HAL_IncTick
                0x08004b94       0x18 ./Drivers/STM32G4xx_HAL_Driver/stm32g4xx_hal.o
                0x08004b94                HAL_IncTick
 .text.HAL_GetTick
                0x08004bac        0xc ./Drivers/STM32G4xx_HAL_Driver/stm32g4xx_hal.o
                0x08004bac                HAL_GetTick
 .text.HAL_Delay
                0x08004bb8       0x24 ./Drivers/STM32G4xx_HAL_Driver/stm32g4xx_hal.o
                0x08004bb8                HAL_Delay
 .text.HAL_ADC_Init
                0x08004bdc      0x200 ./Drivers/STM32G4xx_HAL_Driver/stm32g4xx_hal_adc.o
                0x08004bdc                HAL_ADC_Init
 .text.HAL_ADC_ConfigChannel
                0x08004ddc      0x4a0 ./Drivers/STM32G4xx_HAL_Driver/stm32g4xx_hal_adc.o
                0x08004ddc                HAL_ADC_ConfigChannel
 .text.HAL_ADCEx_InjectedConfigChannel
                0x0800527c      0x5b4 ./Drivers/STM32G4xx_HAL_Driver/stm32g4xx_hal_adc_ex.o
                0x0800527c                HAL_ADCEx_InjectedConfigChannel
 .text.HAL_ADCEx_MultiModeConfigChannel
                0x08005830       0xcc ./Drivers/STM32G4xx_HAL_Driver/stm32g4xx_hal_adc_ex.o
                0x08005830                HAL_ADCEx_MultiModeConfigChannel
 .text.HAL_CORDIC_Init
                0x080058fc       0x34 ./Drivers/STM32G4xx_HAL_Driver/stm32g4xx_hal_cordic.o
                0x080058fc                HAL_CORDIC_Init
 .text.HAL_NVIC_SetPriorityGrouping
                0x08005930       0x24 ./Drivers/STM32G4xx_HAL_Driver/stm32g4xx_hal_cortex.o
                0x08005930                HAL_NVIC_SetPriorityGrouping
 .text.HAL_NVIC_SetPriority
                0x08005954       0x78 ./Drivers/STM32G4xx_HAL_Driver/stm32g4xx_hal_cortex.o
                0x08005954                HAL_NVIC_SetPriority
 .text.HAL_NVIC_EnableIRQ
                0x080059cc       0x1c ./Drivers/STM32G4xx_HAL_Driver/stm32g4xx_hal_cortex.o
                0x080059cc                HAL_NVIC_EnableIRQ
 .text.HAL_SYSTICK_Config
                0x080059e8       0x34 ./Drivers/STM32G4xx_HAL_Driver/stm32g4xx_hal_cortex.o
                0x080059e8                HAL_SYSTICK_Config
 .text.HAL_SYSTICK_Callback
                0x08005a1c        0x4 ./Drivers/STM32G4xx_HAL_Driver/stm32g4xx_hal_cortex.o
                0x08005a1c                HAL_SYSTICK_Callback
 .text.HAL_SYSTICK_IRQHandler
                0x08005a20        0x8 ./Drivers/STM32G4xx_HAL_Driver/stm32g4xx_hal_cortex.o
                0x08005a20                HAL_SYSTICK_IRQHandler
 .text.HAL_DMA_Init
                0x08005a28      0x124 ./Drivers/STM32G4xx_HAL_Driver/stm32g4xx_hal_dma.o
                0x08005a28                HAL_DMA_Init
 .text.HAL_GPIO_Init
                0x08005b4c      0x210 ./Drivers/STM32G4xx_HAL_Driver/stm32g4xx_hal_gpio.o
                0x08005b4c                HAL_GPIO_Init
 .text.HAL_GPIO_WritePin
                0x08005d5c        0xc ./Drivers/STM32G4xx_HAL_Driver/stm32g4xx_hal_gpio.o
                0x08005d5c                HAL_GPIO_WritePin
 .text.HAL_PWREx_ControlVoltageScaling
                0x08005d68       0xe4 ./Drivers/STM32G4xx_HAL_Driver/stm32g4xx_hal_pwr_ex.o
                0x08005d68                HAL_PWREx_ControlVoltageScaling
 .text.HAL_PWREx_DisableUCPDDeadBattery
                0x08005e4c       0x10 ./Drivers/STM32G4xx_HAL_Driver/stm32g4xx_hal_pwr_ex.o
                0x08005e4c                HAL_PWREx_DisableUCPDDeadBattery
 .text.HAL_RCC_OscConfig
                0x08005e5c      0x484 ./Drivers/STM32G4xx_HAL_Driver/stm32g4xx_hal_rcc.o
                0x08005e5c                HAL_RCC_OscConfig
 .text.HAL_RCC_GetSysClockFreq
                0x080062e0       0x70 ./Drivers/STM32G4xx_HAL_Driver/stm32g4xx_hal_rcc.o
                0x080062e0                HAL_RCC_GetSysClockFreq
 .text.HAL_RCC_ClockConfig
                0x08006350      0x208 ./Drivers/STM32G4xx_HAL_Driver/stm32g4xx_hal_rcc.o
                0x08006350                HAL_RCC_ClockConfig
 .text.HAL_RCC_GetHCLKFreq
                0x08006558        0xc ./Drivers/STM32G4xx_HAL_Driver/stm32g4xx_hal_rcc.o
                0x08006558                HAL_RCC_GetHCLKFreq
 .text.HAL_RCC_GetPCLK1Freq
                0x08006564       0x24 ./Drivers/STM32G4xx_HAL_Driver/stm32g4xx_hal_rcc.o
                0x08006564                HAL_RCC_GetPCLK1Freq
 .text.HAL_RCC_GetPCLK2Freq
                0x08006588       0x24 ./Drivers/STM32G4xx_HAL_Driver/stm32g4xx_hal_rcc.o
                0x08006588                HAL_RCC_GetPCLK2Freq
 .text.HAL_RCC_EnableCSS
                0x080065ac       0x10 ./Drivers/STM32G4xx_HAL_Driver/stm32g4xx_hal_rcc.o
                0x080065ac                HAL_RCC_EnableCSS
 .text.HAL_RCCEx_PeriphCLKConfig
                0x080065bc      0x2a0 ./Drivers/STM32G4xx_HAL_Driver/stm32g4xx_hal_rcc_ex.o
                0x080065bc                HAL_RCCEx_PeriphCLKConfig
 .text.SPI_WaitFifoStateUntilTimeout.constprop.0
                0x0800685c       0xec ./Drivers/STM32G4xx_HAL_Driver/stm32g4xx_hal_spi.o
 .text.SPI_EndRxTxTransaction
                0x08006948      0x144 ./Drivers/STM32G4xx_HAL_Driver/stm32g4xx_hal_spi.o
 .text.HAL_SPI_Init
                0x08006a8c       0xfc ./Drivers/STM32G4xx_HAL_Driver/stm32g4xx_hal_spi.o
                0x08006a8c                HAL_SPI_Init
 .text.HAL_SPI_TransmitReceive
                0x08006b88      0x304 ./Drivers/STM32G4xx_HAL_Driver/stm32g4xx_hal_spi.o
                0x08006b88                HAL_SPI_TransmitReceive
 .text.TIM_OC1_SetConfig
                0x08006e8c       0x78 ./Drivers/STM32G4xx_HAL_Driver/stm32g4xx_hal_tim.o
 .text.TIM_OC3_SetConfig
                0x08006f04       0x80 ./Drivers/STM32G4xx_HAL_Driver/stm32g4xx_hal_tim.o
 .text.TIM_OC4_SetConfig
                0x08006f84       0x84 ./Drivers/STM32G4xx_HAL_Driver/stm32g4xx_hal_tim.o
 .text.HAL_TIM_Base_Init
                0x08007008       0xec ./Drivers/STM32G4xx_HAL_Driver/stm32g4xx_hal_tim.o
                0x08007008                HAL_TIM_Base_Init
 .text.HAL_TIM_PWM_MspInit
                0x080070f4        0x4 ./Drivers/STM32G4xx_HAL_Driver/stm32g4xx_hal_tim.o
                0x080070f4                HAL_TIM_PWM_MspInit
 .text.HAL_TIM_PWM_Init
                0x080070f8       0xec ./Drivers/STM32G4xx_HAL_Driver/stm32g4xx_hal_tim.o
                0x080070f8                HAL_TIM_PWM_Init
 .text.HAL_TIM_SlaveConfigSynchro
                0x080071e4      0x138 ./Drivers/STM32G4xx_HAL_Driver/stm32g4xx_hal_tim.o
                0x080071e4                HAL_TIM_SlaveConfigSynchro
 .text.TIM_OC2_SetConfig
                0x0800731c       0x84 ./Drivers/STM32G4xx_HAL_Driver/stm32g4xx_hal_tim.o
                0x0800731c                TIM_OC2_SetConfig
 .text.HAL_TIM_PWM_ConfigChannel
                0x080073a0      0x1cc ./Drivers/STM32G4xx_HAL_Driver/stm32g4xx_hal_tim.o
                0x080073a0                HAL_TIM_PWM_ConfigChannel
 .text.HAL_TIMEx_MasterConfigSynchronization
                0x0800756c       0xa4 ./Drivers/STM32G4xx_HAL_Driver/stm32g4xx_hal_tim_ex.o
                0x0800756c                HAL_TIMEx_MasterConfigSynchronization
 .text.HAL_TIMEx_ConfigBreakDeadTime
                0x08007610       0x9c ./Drivers/STM32G4xx_HAL_Driver/stm32g4xx_hal_tim_ex.o
                0x08007610                HAL_TIMEx_ConfigBreakDeadTime
 .text.HAL_TIMEx_ConfigBreakInput
                0x080076ac       0xb0 ./Drivers/STM32G4xx_HAL_Driver/stm32g4xx_hal_tim_ex.o
                0x080076ac                HAL_TIMEx_ConfigBreakInput
 .text.UART_SetConfig
                0x0800775c      0x294 ./Drivers/STM32G4xx_HAL_Driver/stm32g4xx_hal_uart.o
                0x0800775c                UART_SetConfig
 .text.UART_AdvFeatureConfig
                0x080079f0       0xb0 ./Drivers/STM32G4xx_HAL_Driver/stm32g4xx_hal_uart.o
                0x080079f0                UART_AdvFeatureConfig
 .text.UART_WaitOnFlagUntilTimeout
                0x08007aa0       0xec ./Drivers/STM32G4xx_HAL_Driver/stm32g4xx_hal_uart.o
                0x08007aa0                UART_WaitOnFlagUntilTimeout
 .text.HAL_UART_Init
                0x08007b8c       0xd8 ./Drivers/STM32G4xx_HAL_Driver/stm32g4xx_hal_uart.o
                0x08007b8c                HAL_UART_Init
 .text.HAL_UARTEx_DisableFifoMode
                0x08007c64       0x3c ./Drivers/STM32G4xx_HAL_Driver/stm32g4xx_hal_uart_ex.o
                0x08007c64                HAL_UARTEx_DisableFifoMode
 .text.HAL_UARTEx_SetTxFifoThreshold
                0x08007ca0       0x84 ./Drivers/STM32G4xx_HAL_Driver/stm32g4xx_hal_uart_ex.o
                0x08007ca0                HAL_UARTEx_SetTxFifoThreshold
 .text.HAL_UARTEx_SetRxFifoThreshold
                0x08007d24       0x84 ./Drivers/STM32G4xx_HAL_Driver/stm32g4xx_hal_uart_ex.o
                0x08007d24                HAL_UARTEx_SetRxFifoThreshold
 .text.VBS_GetAvBusVoltage_d
                0x08007da8        0x4 ./Middlewares/MotorControl/bus_voltage_sensor.o
                0x08007da8                VBS_GetAvBusVoltage_d
 .text.VBS_GetAvBusVoltage_V
                0x08007dac        0xc ./Middlewares/MotorControl/bus_voltage_sensor.o
                0x08007dac                VBS_GetAvBusVoltage_V
 .text.Circle_Limitation
                0x08007db8       0x5c ./Middlewares/MotorControl/circle_limitation.o
                0x08007db8                Circle_Limitation
 .text.MCP_ReceivedPacket
                0x08007e14      0x170 ./Middlewares/MotorControl/mcp.o
                0x08007e14                MCP_ReceivedPacket
 .text.MCPA_dataLog
                0x08007f84      0x180 ./Middlewares/MotorControl/mcpa.o
                0x08007f84                MCPA_dataLog
 .text.MCPA_flushDataLog
                0x08008104       0x5c ./Middlewares/MotorControl/mcpa.o
                0x08008104                MCPA_flushDataLog
 .text.MCPA_cfgLog
                0x08008160       0xf0 ./Middlewares/MotorControl/mcpa.o
                0x08008160                MCPA_cfgLog
 .text.NTC_SetFaultState
                0x08008250       0x1c ./Middlewares/MotorControl/ntc_temperature_sensor.o
                0x08008250                NTC_SetFaultState
 .text.NTC_Clear
                0x0800826c        0x8 ./Middlewares/MotorControl/ntc_temperature_sensor.o
                0x0800826c                NTC_Clear
 .text.NTC_Init
                0x08008274       0x24 ./Middlewares/MotorControl/ntc_temperature_sensor.o
                0x08008274                NTC_Init
 .text.NTC_CalcAvTemp
                0x08008298       0x38 ./Middlewares/MotorControl/ntc_temperature_sensor.o
                0x08008298                NTC_CalcAvTemp
 .text.NTC_GetAvTemp_C
                0x080082d0       0x24 ./Middlewares/MotorControl/ntc_temperature_sensor.o
                0x080082d0                NTC_GetAvTemp_C
 .text.PID_HandleInit
                0x080082f4       0x10 ./Middlewares/MotorControl/pid_regulator.o
                0x080082f4                PID_HandleInit
 .text.PID_SetKP
                0x08008304        0x4 ./Middlewares/MotorControl/pid_regulator.o
                0x08008304                PID_SetKP
 .text.PID_SetKI
                0x08008308        0x4 ./Middlewares/MotorControl/pid_regulator.o
                0x08008308                PID_SetKI
 .text.PID_GetKP
                0x0800830c        0x8 ./Middlewares/MotorControl/pid_regulator.o
                0x0800830c                PID_GetKP
 .text.PID_GetKI
                0x08008314        0x8 ./Middlewares/MotorControl/pid_regulator.o
                0x08008314                PID_GetKI
 .text.PID_SetIntegralTerm
                0x0800831c        0x4 ./Middlewares/MotorControl/pid_regulator.o
                0x0800831c                PID_SetIntegralTerm
 .text.PID_GetKPDivisorPOW2
                0x08008320        0x4 ./Middlewares/MotorControl/pid_regulator.o
                0x08008320                PID_GetKPDivisorPOW2
 .text.PID_SetKPDivisorPOW2
                0x08008324        0xc ./Middlewares/MotorControl/pid_regulator.o
                0x08008324                PID_SetKPDivisorPOW2
 .text.PID_GetKIDivisor
                0x08008330        0x4 ./Middlewares/MotorControl/pid_regulator.o
                0x08008330                PID_GetKIDivisor
 .text.PID_GetKIDivisorPOW2
                0x08008334        0x4 ./Middlewares/MotorControl/pid_regulator.o
                0x08008334                PID_GetKIDivisorPOW2
 .text.PID_SetLowerIntegralTermLimit
                0x08008338        0x4 ./Middlewares/MotorControl/pid_regulator.o
                0x08008338                PID_SetLowerIntegralTermLimit
 .text.PID_SetUpperIntegralTermLimit
                0x0800833c        0x4 ./Middlewares/MotorControl/pid_regulator.o
                0x0800833c                PID_SetUpperIntegralTermLimit
 .text.PID_SetKIDivisorPOW2
                0x08008340       0x28 ./Middlewares/MotorControl/pid_regulator.o
                0x08008340                PID_SetKIDivisorPOW2
 .text.PID_SetKD
                0x08008368        0x4 ./Middlewares/MotorControl/pid_regulator.o
                0x08008368                PID_SetKD
 .text.PID_GetKD
                0x0800836c        0x8 ./Middlewares/MotorControl/pid_regulator.o
                0x0800836c                PID_GetKD
 .text.PID_GetKDDivisorPOW2
                0x08008374        0x4 ./Middlewares/MotorControl/pid_regulator.o
                0x08008374                PID_GetKDDivisorPOW2
 .text.PID_SetKDDivisorPOW2
                0x08008378        0xc ./Middlewares/MotorControl/pid_regulator.o
                0x08008378                PID_SetKDDivisorPOW2
 .text.PI_Controller
                0x08008384       0x80 ./Middlewares/MotorControl/pid_regulator.o
                0x08008384                PI_Controller
 .text.PQD_CalcElMotorPower
                0x08008404       0x34 ./Middlewares/MotorControl/pqd_motor_power_measurement.o
                0x08008404                PQD_CalcElMotorPower
 .text.PQD_Clear
                0x08008438        0x8 ./Middlewares/MotorControl/pqd_motor_power_measurement.o
                0x08008438                PQD_Clear
 .text.PQD_GetAvrgElMotorPowerW
                0x08008440       0x24 ./Middlewares/MotorControl/pqd_motor_power_measurement.o
                0x08008440                PQD_GetAvrgElMotorPowerW
 .text.startTimers
                0x08008464       0x74 ./Middlewares/MotorControl/pwm_common.o
                0x08008464                startTimers
 .text.waitForPolarizationEnd
                0x080084d8       0x3c ./Middlewares/MotorControl/pwm_common.o
                0x080084d8                waitForPolarizationEnd
 .text.R3_2_ADCxInit
                0x08008514       0xb4 ./Middlewares/MotorControl/r3_2_g4xx_pwm_curr_fdbk.o
 .text.R3_2_GetPhaseCurrents
                0x080085c8      0x174 ./Middlewares/MotorControl/r3_2_g4xx_pwm_curr_fdbk.o
                0x080085c8                R3_2_GetPhaseCurrents
 .text.R3_2_SetADCSampPointPolarization
                0x0800873c       0x40 ./Middlewares/MotorControl/r3_2_g4xx_pwm_curr_fdbk.o
                0x0800873c                R3_2_SetADCSampPointPolarization
 .text.R3_2_HFCurrentsPolarizationAB
                0x0800877c       0x54 ./Middlewares/MotorControl/r3_2_g4xx_pwm_curr_fdbk.o
 .text.R3_2_HFCurrentsPolarizationC
                0x080087d0       0x4c ./Middlewares/MotorControl/r3_2_g4xx_pwm_curr_fdbk.o
 .text.R3_2_TurnOnLowSides
                0x0800881c       0x50 ./Middlewares/MotorControl/r3_2_g4xx_pwm_curr_fdbk.o
                0x0800881c                R3_2_TurnOnLowSides
 .text.R3_2_SwitchOnPWM
                0x0800886c       0x94 ./Middlewares/MotorControl/r3_2_g4xx_pwm_curr_fdbk.o
                0x0800886c                R3_2_SwitchOnPWM
 .text.R3_2_SwitchOffPWM
                0x08008900       0x80 ./Middlewares/MotorControl/r3_2_g4xx_pwm_curr_fdbk.o
                0x08008900                R3_2_SwitchOffPWM
 .text.R3_2_RLGetPhaseCurrents
                0x08008980       0x54 ./Middlewares/MotorControl/r3_2_g4xx_pwm_curr_fdbk.o
 .text.R3_2_RLTurnOnLowSides
                0x080089d4       0x4c ./Middlewares/MotorControl/r3_2_g4xx_pwm_curr_fdbk.o
 .text.R3_2_RLSwitchOnPWM
                0x08008a20       0xb4 ./Middlewares/MotorControl/r3_2_g4xx_pwm_curr_fdbk.o
 .text.R3_2_SetAOReferenceVoltage
                0x08008ad4       0x98 ./Middlewares/MotorControl/r3_2_g4xx_pwm_curr_fdbk.o
 .text.R3_2_Init
                0x08008b6c      0x288 ./Middlewares/MotorControl/r3_2_g4xx_pwm_curr_fdbk.o
                0x08008b6c                R3_2_Init
 .text.R3_2_SetOffsetCalib
                0x08008df4       0x1c ./Middlewares/MotorControl/r3_2_g4xx_pwm_curr_fdbk.o
                0x08008df4                R3_2_SetOffsetCalib
 .text.R3_2_GetOffsetCalib
                0x08008e10       0x10 ./Middlewares/MotorControl/r3_2_g4xx_pwm_curr_fdbk.o
                0x08008e10                R3_2_GetOffsetCalib
 .text.R3_2_CurrentReadingPolarization
                0x08008e20      0x168 ./Middlewares/MotorControl/r3_2_g4xx_pwm_curr_fdbk.o
                0x08008e20                R3_2_CurrentReadingPolarization
 .text.R3_2_SetADCSampPointSectX
                0x08008f88       0x8c ./Middlewares/MotorControl/r3_2_g4xx_pwm_curr_fdbk.o
                0x08008f88                R3_2_SetADCSampPointSectX
 .text.R3_2_TIMx_UP_IRQHandler
                0x08009014       0x88 ./Middlewares/MotorControl/r3_2_g4xx_pwm_curr_fdbk.o
                0x08009014                R3_2_TIMx_UP_IRQHandler
 .text.R3_2_BRK2_IRQHandler
                0x0800909c       0x48 ./Middlewares/MotorControl/r3_2_g4xx_pwm_curr_fdbk.o
                0x0800909c                R3_2_BRK2_IRQHandler
 .text.R3_2_BRK_IRQHandler
                0x080090e4       0x20 ./Middlewares/MotorControl/r3_2_g4xx_pwm_curr_fdbk.o
                0x080090e4                R3_2_BRK_IRQHandler
 .text.R3_2_IsOverCurrentOccurred
                0x08009104       0x28 ./Middlewares/MotorControl/r3_2_g4xx_pwm_curr_fdbk.o
                0x08009104                R3_2_IsOverCurrentOccurred
 .text.R3_2_RLDetectionModeEnable
                0x0800912c       0xd4 ./Middlewares/MotorControl/r3_2_g4xx_pwm_curr_fdbk.o
                0x0800912c                R3_2_RLDetectionModeEnable
 .text.R3_2_RLDetectionModeDisable
                0x08009200      0x12c ./Middlewares/MotorControl/r3_2_g4xx_pwm_curr_fdbk.o
                0x08009200                R3_2_RLDetectionModeDisable
 .text.R3_2_RLDetectionModeSetDuty
                0x0800932c       0x84 ./Middlewares/MotorControl/r3_2_g4xx_pwm_curr_fdbk.o
                0x0800932c                R3_2_RLDetectionModeSetDuty
 .text.RVBS_Clear
                0x080093b0       0x3c ./Middlewares/MotorControl/r_divider_bus_voltage_sensor.o
                0x080093b0                RVBS_Clear
 .text.RVBS_Init
                0x080093ec       0x18 ./Middlewares/MotorControl/r_divider_bus_voltage_sensor.o
                0x080093ec                RVBS_Init
 .text.RVBS_CheckFaultState
                0x08009404       0x50 ./Middlewares/MotorControl/r_divider_bus_voltage_sensor.o
                0x08009404                RVBS_CheckFaultState
 .text.RVBS_CalcAvVbus
                0x08009454       0x68 ./Middlewares/MotorControl/r_divider_bus_voltage_sensor.o
                0x08009454                RVBS_CalcAvVbus
 .text.REMNG_Init
                0x080094bc       0x10 ./Middlewares/MotorControl/ramp_ext_mngr.o
                0x080094bc                REMNG_Init
 .text.REMNG_Calc
                0x080094cc       0x44 ./Middlewares/MotorControl/ramp_ext_mngr.o
                0x080094cc                REMNG_Calc
 .text.REMNG_RampCompleted
                0x08009510        0xc ./Middlewares/MotorControl/ramp_ext_mngr.o
                0x08009510                REMNG_RampCompleted
 .text.getScalingFactor
                0x0800951c       0x38 ./Middlewares/MotorControl/ramp_ext_mngr.o
                0x0800951c                getScalingFactor
 .text.REMNG_ExecRamp
                0x08009554       0x8c ./Middlewares/MotorControl/ramp_ext_mngr.o
                0x08009554                REMNG_ExecRamp
 .text.RUC_Init
                0x080095e0       0x7c ./Middlewares/MotorControl/revup_ctrl.o
                0x080095e0                RUC_Init
 .text.RUC_Clear
                0x0800965c       0x88 ./Middlewares/MotorControl/revup_ctrl.o
                0x0800965c                RUC_Clear
 .text.RUC_Exec
                0x080096e4       0x6c ./Middlewares/MotorControl/revup_ctrl.o
                0x080096e4                RUC_Exec
 .text.RUC_FirstAccelerationStageReached
                0x08009750       0x14 ./Middlewares/MotorControl/revup_ctrl.o
                0x08009750                RUC_FirstAccelerationStageReached
 .text.RUC_SetPhase
                0x08009764       0x1c ./Middlewares/MotorControl/revup_ctrl.o
                0x08009764                RUC_SetPhase
 .text.RUC_GetNumberOfPhases
                0x08009780        0x8 ./Middlewares/MotorControl/revup_ctrl.o
                0x08009780                RUC_GetNumberOfPhases
 .text.RUC_GetPhase
                0x08009788       0x20 ./Middlewares/MotorControl/revup_ctrl.o
                0x08009788                RUC_GetPhase
 .text.SPD_GetElAngle
                0x080097a8        0x8 ./Middlewares/MotorControl/speed_pos_fdbk.o
                0x080097a8                SPD_GetElAngle
 .text.SPD_GetAvrgMecSpeedUnit
                0x080097b0        0x8 ./Middlewares/MotorControl/speed_pos_fdbk.o
                0x080097b0                SPD_GetAvrgMecSpeedUnit
 .text.SPD_GetInstElSpeedDpp
                0x080097b8        0x8 ./Middlewares/MotorControl/speed_pos_fdbk.o
                0x080097b8                SPD_GetInstElSpeedDpp
 .text.SPD_IsMecSpeedReliable
                0x080097c0       0x6c ./Middlewares/MotorControl/speed_pos_fdbk.o
                0x080097c0                SPD_IsMecSpeedReliable
 .text.SPD_GetS16Speed
                0x0800982c       0x14 ./Middlewares/MotorControl/speed_pos_fdbk.o
                0x0800982c                SPD_GetS16Speed
 .text.STC_Init
                0x08009840       0x2c ./Middlewares/MotorControl/speed_torq_ctrl.o
                0x08009840                STC_Init
 .text.STC_SetSpeedSensor
                0x0800986c        0x4 ./Middlewares/MotorControl/speed_torq_ctrl.o
                0x0800986c                STC_SetSpeedSensor
 .text.STC_GetSpeedSensor
                0x08009870        0x4 ./Middlewares/MotorControl/speed_torq_ctrl.o
                0x08009870                STC_GetSpeedSensor
 .text.STC_Clear
                0x08009874       0x10 ./Middlewares/MotorControl/speed_torq_ctrl.o
                0x08009874                STC_Clear
 .text.STC_GetMecSpeedRefUnit
                0x08009884        0x8 ./Middlewares/MotorControl/speed_torq_ctrl.o
                0x08009884                STC_GetMecSpeedRefUnit
 .text.STC_GetTorqueRef
                0x0800988c        0x8 ./Middlewares/MotorControl/speed_torq_ctrl.o
                0x0800988c                STC_GetTorqueRef
 .text.STC_SetControlMode
                0x08009894        0x8 ./Middlewares/MotorControl/speed_torq_ctrl.o
                0x08009894                STC_SetControlMode
 .text.STC_ExecRamp
                0x0800989c       0x80 ./Middlewares/MotorControl/speed_torq_ctrl.o
                0x0800989c                STC_ExecRamp
 .text.STC_StopRamp
                0x0800991c        0x8 ./Middlewares/MotorControl/speed_torq_ctrl.o
                0x0800991c                STC_StopRamp
 .text.STC_CalcTorqueReference
                0x08009924       0x6c ./Middlewares/MotorControl/speed_torq_ctrl.o
                0x08009924                STC_CalcTorqueReference
 .text.STC_GetMecSpeedRefUnitDefault
                0x08009990        0x8 ./Middlewares/MotorControl/speed_torq_ctrl.o
                0x08009990                STC_GetMecSpeedRefUnitDefault
 .text.STC_GetDefaultIqdref
                0x08009998       0x1c ./Middlewares/MotorControl/speed_torq_ctrl.o
                0x08009998                STC_GetDefaultIqdref
 .text.STC_ForceSpeedReferenceToCurrentSpeed
                0x080099b4       0x10 ./Middlewares/MotorControl/speed_torq_ctrl.o
                0x080099b4                STC_ForceSpeedReferenceToCurrentSpeed
 .text.STO_PLL_CalcElAngle
                0x080099c4      0x1e4 ./Middlewares/MotorControl/sto_pll_speed_pos_fdbk.o
                0x080099c4                STO_PLL_CalcElAngle
 .text.STO_PLL_CalcAvrgMecSpeedUnit
                0x08009ba8      0x144 ./Middlewares/MotorControl/sto_pll_speed_pos_fdbk.o
                0x08009ba8                STO_PLL_CalcAvrgMecSpeedUnit
 .text.STO_PLL_CalcAvrgElSpeedDpp
                0x08009cec       0x58 ./Middlewares/MotorControl/sto_pll_speed_pos_fdbk.o
                0x08009cec                STO_PLL_CalcAvrgElSpeedDpp
 .text.STO_PLL_Clear
                0x08009d44       0x4c ./Middlewares/MotorControl/sto_pll_speed_pos_fdbk.o
                0x08009d44                STO_PLL_Clear
 .text.STO_PLL_Init
                0x08009d90       0x74 ./Middlewares/MotorControl/sto_pll_speed_pos_fdbk.o
                0x08009d90                STO_PLL_Init
 .text.STO_PLL_IsObserverConverged
                0x08009e04       0xcc ./Middlewares/MotorControl/sto_pll_speed_pos_fdbk.o
                0x08009e04                STO_PLL_IsObserverConverged
 .text.STO_PLL_GetEstimatedBemf
                0x08009ed0       0x18 ./Middlewares/MotorControl/sto_pll_speed_pos_fdbk.o
                0x08009ed0                STO_PLL_GetEstimatedBemf
 .text.STO_PLL_GetEstimatedCurrent
                0x08009ee8       0x24 ./Middlewares/MotorControl/sto_pll_speed_pos_fdbk.o
                0x08009ee8                STO_PLL_GetEstimatedCurrent
 .text.STO_PLL_GetObserverGains
                0x08009f0c       0x10 ./Middlewares/MotorControl/sto_pll_speed_pos_fdbk.o
                0x08009f0c                STO_PLL_GetObserverGains
 .text.STO_PLL_SetObserverGains
                0x08009f1c        0x8 ./Middlewares/MotorControl/sto_pll_speed_pos_fdbk.o
                0x08009f1c                STO_PLL_SetObserverGains
 .text.STO_OTF_ResetPLL
                0x08009f24        0xc ./Middlewares/MotorControl/sto_pll_speed_pos_fdbk.o
                0x08009f24                STO_OTF_ResetPLL
 .text.STO_ResetPLL
                0x08009f30        0x8 ./Middlewares/MotorControl/sto_pll_speed_pos_fdbk.o
                0x08009f30                STO_ResetPLL
 .text.STO_PLL_GetEstimatedBemfLevel
                0x08009f38        0x8 ./Middlewares/MotorControl/sto_pll_speed_pos_fdbk.o
                0x08009f38                STO_PLL_GetEstimatedBemfLevel
 .text.STO_PLL_GetObservedBemfLevel
                0x08009f40        0x8 ./Middlewares/MotorControl/sto_pll_speed_pos_fdbk.o
                0x08009f40                STO_PLL_GetObservedBemfLevel
 .text.STO_PLL_IsVarianceTight
                0x08009f48        0x8 ./Middlewares/MotorControl/sto_pll_speed_pos_fdbk.o
                0x08009f48                STO_PLL_IsVarianceTight
 .text.STO_PLL_ForceConvergency1
                0x08009f50        0xc ./Middlewares/MotorControl/sto_pll_speed_pos_fdbk.o
                0x08009f50                STO_PLL_ForceConvergency1
 .text.STO_PLL_ForceConvergency2
                0x08009f5c        0xc ./Middlewares/MotorControl/sto_pll_speed_pos_fdbk.o
                0x08009f5c                STO_PLL_ForceConvergency2
 .text.STO_SetDirection
                0x08009f68        0x8 ./Middlewares/MotorControl/sto_pll_speed_pos_fdbk.o
                0x08009f68                STO_SetDirection
 .text.VSS_Clear
                0x08009f70       0x1c ./Middlewares/MotorControl/virtual_speed_sensor.o
                0x08009f70                VSS_Clear
 .text.VSS_Init
                0x08009f8c        0x8 ./Middlewares/MotorControl/virtual_speed_sensor.o
                0x08009f8c                VSS_Init
 .text.VSS_CalcElAngle
                0x08009f94       0xa4 ./Middlewares/MotorControl/virtual_speed_sensor.o
                0x08009f94                VSS_CalcElAngle
 .text.VSS_CalcAvrgMecSpeedUnit
                0x0800a038       0xa4 ./Middlewares/MotorControl/virtual_speed_sensor.o
                0x0800a038                VSS_CalcAvrgMecSpeedUnit
 .text.VSS_SetMecAngle
                0x0800a0dc       0x10 ./Middlewares/MotorControl/virtual_speed_sensor.o
                0x0800a0dc                VSS_SetMecAngle
 .text.VSS_SetMecAcceleration
                0x0800a0ec       0x78 ./Middlewares/MotorControl/virtual_speed_sensor.o
                0x0800a0ec                VSS_SetMecAcceleration
 .text.VSS_SetStartTransition
                0x0800a164       0x1c ./Middlewares/MotorControl/virtual_speed_sensor.o
                0x0800a164                VSS_SetStartTransition
 .text.VSS_TransitionEnded
                0x0800a180        0x8 ./Middlewares/MotorControl/virtual_speed_sensor.o
                0x0800a180                VSS_TransitionEnded
 .text.memset   0x0800a188       0x10 C:/ST/STM32CubeIDE_1.15.0/STM32CubeIDE/plugins/com.st.stm32cube.ide.mcu.externaltools.gnu-tools-for-stm32.12.3.rel1.win32_1.0.100.202403111256/tools/bin/../lib/gcc/arm-none-eabi/12.3.1/../../../../arm-none-eabi/lib/thumb/v7e-m+fp/hard\libc_nano.a(libc_a-memset.o)
                0x0800a188                memset
 .text.__errno  0x0800a198        0xc C:/ST/STM32CubeIDE_1.15.0/STM32CubeIDE/plugins/com.st.stm32cube.ide.mcu.externaltools.gnu-tools-for-stm32.12.3.rel1.win32_1.0.100.202403111256/tools/bin/../lib/gcc/arm-none-eabi/12.3.1/../../../../arm-none-eabi/lib/thumb/v7e-m+fp/hard\libc_nano.a(libc_a-errno.o)
                0x0800a198                __errno
 .text.__libc_init_array
                0x0800a1a4       0x48 C:/ST/STM32CubeIDE_1.15.0/STM32CubeIDE/plugins/com.st.stm32cube.ide.mcu.externaltools.gnu-tools-for-stm32.12.3.rel1.win32_1.0.100.202403111256/tools/bin/../lib/gcc/arm-none-eabi/12.3.1/../../../../arm-none-eabi/lib/thumb/v7e-m+fp/hard\libc_nano.a(libc_a-init.o)
                0x0800a1a4                __libc_init_array
 .text.memcpy   0x0800a1ec       0x1c C:/ST/STM32CubeIDE_1.15.0/STM32CubeIDE/plugins/com.st.stm32cube.ide.mcu.externaltools.gnu-tools-for-stm32.12.3.rel1.win32_1.0.100.202403111256/tools/bin/../lib/gcc/arm-none-eabi/12.3.1/../../../../arm-none-eabi/lib/thumb/v7e-m+fp/hard\libc_nano.a(libc_a-memcpy-stub.o)
                0x0800a1ec                memcpy
 .text.fmodf    0x0800a208       0x40 C:/ST/STM32CubeIDE_1.15.0/STM32CubeIDE/plugins/com.st.stm32cube.ide.mcu.externaltools.gnu-tools-for-stm32.12.3.rel1.win32_1.0.100.202403111256/tools/bin/../lib/gcc/arm-none-eabi/12.3.1/../../../../arm-none-eabi/lib/thumb/v7e-m+fp/hard\libm.a(libm_a-wf_fmod.o)
                0x0800a208                fmodf
 .text.__ieee754_fmodf
                0x0800a248      0x104 C:/ST/STM32CubeIDE_1.15.0/STM32CubeIDE/plugins/com.st.stm32cube.ide.mcu.externaltools.gnu-tools-for-stm32.12.3.rel1.win32_1.0.100.202403111256/tools/bin/../lib/gcc/arm-none-eabi/12.3.1/../../../../arm-none-eabi/lib/thumb/v7e-m+fp/hard\libm.a(libm_a-ef_fmod.o)
                0x0800a248                __ieee754_fmodf
 *(.glue_7)
 .glue_7        0x0800a34c        0x0 linker stubs
 *(.glue_7t)
 .glue_7t       0x0800a34c        0x0 linker stubs
 *(.eh_frame)
 .eh_frame      0x0800a34c        0x0 C:/ST/STM32CubeIDE_1.15.0/STM32CubeIDE/plugins/com.st.stm32cube.ide.mcu.externaltools.gnu-tools-for-stm32.12.3.rel1.win32_1.0.100.202403111256/tools/bin/../lib/gcc/arm-none-eabi/12.3.1/thumb/v7e-m+fp/hard/crtbegin.o
 *(.init)
 .init          0x0800a34c        0x4 C:/ST/STM32CubeIDE_1.15.0/STM32CubeIDE/plugins/com.st.stm32cube.ide.mcu.externaltools.gnu-tools-for-stm32.12.3.rel1.win32_1.0.100.202403111256/tools/bin/../lib/gcc/arm-none-eabi/12.3.1/thumb/v7e-m+fp/hard/crti.o
                0x0800a34c                _init
 .init          0x0800a350        0x8 C:/ST/STM32CubeIDE_1.15.0/STM32CubeIDE/plugins/com.st.stm32cube.ide.mcu.externaltools.gnu-tools-for-stm32.12.3.rel1.win32_1.0.100.202403111256/tools/bin/../lib/gcc/arm-none-eabi/12.3.1/thumb/v7e-m+fp/hard/crtn.o
 *(.fini)
 .fini          0x0800a358        0x4 C:/ST/STM32CubeIDE_1.15.0/STM32CubeIDE/plugins/com.st.stm32cube.ide.mcu.externaltools.gnu-tools-for-stm32.12.3.rel1.win32_1.0.100.202403111256/tools/bin/../lib/gcc/arm-none-eabi/12.3.1/thumb/v7e-m+fp/hard/crti.o
                0x0800a358                _fini
 .fini          0x0800a35c        0x8 C:/ST/STM32CubeIDE_1.15.0/STM32CubeIDE/plugins/com.st.stm32cube.ide.mcu.externaltools.gnu-tools-for-stm32.12.3.rel1.win32_1.0.100.202403111256/tools/bin/../lib/gcc/arm-none-eabi/12.3.1/thumb/v7e-m+fp/hard/crtn.o
                0x0800a364                        . = ALIGN (0x4)
                0x0800a364                        _etext = .

.vfp11_veneer   0x0800a364        0x0
 .vfp11_veneer  0x0800a364        0x0 linker stubs

.v4_bx          0x0800a364        0x0
 .v4_bx         0x0800a364        0x0 linker stubs

.iplt           0x0800a364        0x0
 .iplt          0x0800a364        0x0 C:/ST/STM32CubeIDE_1.15.0/STM32CubeIDE/plugins/com.st.stm32cube.ide.mcu.externaltools.gnu-tools-for-stm32.12.3.rel1.win32_1.0.100.202403111256/tools/bin/../lib/gcc/arm-none-eabi/12.3.1/thumb/v7e-m+fp/hard/crtbegin.o

.rodata         0x0800a364      0x3e0
                0x0800a364                        . = ALIGN (0x4)
 *(.rodata)
 *(.rodata*)
 .rodata.CRC4_Lookup4
                0x0800a364       0x10 ./Application/User/aspep.o
 .rodata.CRC4_Lookup8
                0x0800a374      0x100 ./Application/User/aspep.o
 .rodata.M1_FOCConfig_reg
                0x0800a474        0xe ./Application/User/mc_configuration_registers.o
 *fill*         0x0800a482        0x2 
 .rodata.M1_MotorConfig_reg
                0x0800a484       0x3c ./Application/User/mc_configuration_registers.o
                0x0800a484                M1_MotorConfig_reg
 .rodata.M1_ApplicationConfig_reg
                0x0800a4c0        0xe ./Application/User/mc_configuration_registers.o
 *fill*         0x0800a4ce        0x2 
 .rodata.globalConfig_reg
                0x0800a4d0        0xa ./Application/User/mc_configuration_registers.o
                0x0800a4d0                globalConfig_reg
 *fill*         0x0800a4da        0x2 
 .rodata.FIRMWARE_NAME
                0x0800a4dc       0x14 ./Application/User/mc_configuration_registers.o
                0x0800a4dc                FIRMWARE_NAME
 .rodata.M1_PWR_BOARD
                0x0800a4f0       0x11 ./Application/User/mc_configuration_registers.o
 *fill*         0x0800a501        0x3 
 .rodata.CTL_BOARD
                0x0800a504        0xe ./Application/User/mc_configuration_registers.o
                0x0800a504                CTL_BOARD
 *fill*         0x0800a512        0x2 
 .rodata.R3_2_ParamsM1
                0x0800a514       0xcc ./Application/User/mc_parameters.o
                0x0800a514                R3_2_ParamsM1
 .rodata.CSWTCH.43
                0x0800a5e0       0x11 ./Application/User/register_interface.o
 *fill*         0x0800a5f1        0x3 
 .rodata.CHANNEL_OFFSET_TAB
                0x0800a5f4        0x6 ./Application/User/usart_aspep_driver.o
 *fill*         0x0800a5fa        0x2 
 .rodata.APBPrescTable
                0x0800a5fc        0x8 ./Drivers/CMSIS/system_stm32g4xx.o
                0x0800a5fc                APBPrescTable
 .rodata.AHBPrescTable
                0x0800a604       0x10 ./Drivers/CMSIS/system_stm32g4xx.o
                0x0800a604                AHBPrescTable
 .rodata.CSWTCH.115
                0x0800a614       0x40 ./Drivers/STM32G4xx_HAL_Driver/stm32g4xx_hal_tim_ex.o
 .rodata.CSWTCH.114
                0x0800a654       0x40 ./Drivers/STM32G4xx_HAL_Driver/stm32g4xx_hal_tim_ex.o
 .rodata.CSWTCH.113
                0x0800a694       0x40 ./Drivers/STM32G4xx_HAL_Driver/stm32g4xx_hal_tim_ex.o
 .rodata.CSWTCH.112
                0x0800a6d4       0x40 ./Drivers/STM32G4xx_HAL_Driver/stm32g4xx_hal_tim_ex.o
 .rodata.UARTPrescTable
                0x0800a714       0x18 ./Drivers/STM32G4xx_HAL_Driver/stm32g4xx_hal_uart.o
                0x0800a714                UARTPrescTable
 .rodata.denominator.0
                0x0800a72c        0x8 ./Drivers/STM32G4xx_HAL_Driver/stm32g4xx_hal_uart_ex.o
 .rodata.numerator.1
                0x0800a734        0x8 ./Drivers/STM32G4xx_HAL_Driver/stm32g4xx_hal_uart_ex.o
 .rodata.Zero   0x0800a73c        0x8 C:/ST/STM32CubeIDE_1.15.0/STM32CubeIDE/plugins/com.st.stm32cube.ide.mcu.externaltools.gnu-tools-for-stm32.12.3.rel1.win32_1.0.100.202403111256/tools/bin/../lib/gcc/arm-none-eabi/12.3.1/../../../../arm-none-eabi/lib/thumb/v7e-m+fp/hard\libm.a(libm_a-ef_fmod.o)
                0x0800a744                        . = ALIGN (0x4)

.ARM.extab      0x0800a744        0x0
                0x0800a744                        . = ALIGN (0x4)
 *(.ARM.extab* .gnu.linkonce.armextab.*)
                0x0800a744                        . = ALIGN (0x4)

.ARM            0x0800a744        0x8
                0x0800a744                        . = ALIGN (0x4)
                0x0800a744                        __exidx_start = .
 *(.ARM.exidx*)
 .ARM.exidx     0x0800a744        0x8 C:/ST/STM32CubeIDE_1.15.0/STM32CubeIDE/plugins/com.st.stm32cube.ide.mcu.externaltools.gnu-tools-for-stm32.12.3.rel1.win32_1.0.100.202403111256/tools/bin/../lib/gcc/arm-none-eabi/12.3.1/thumb/v7e-m+fp/hard\libgcc.a(_udivmoddi4.o)
                0x0800a74c                        __exidx_end = .
                0x0800a74c                        . = ALIGN (0x4)

.rel.dyn        0x0800a74c        0x0
 .rel.iplt      0x0800a74c        0x0 C:/ST/STM32CubeIDE_1.15.0/STM32CubeIDE/plugins/com.st.stm32cube.ide.mcu.externaltools.gnu-tools-for-stm32.12.3.rel1.win32_1.0.100.202403111256/tools/bin/../lib/gcc/arm-none-eabi/12.3.1/thumb/v7e-m+fp/hard/crtbegin.o

.preinit_array  0x0800a74c        0x0
                0x0800a74c                        . = ALIGN (0x4)
                0x0800a74c                        PROVIDE (__preinit_array_start = .)
 *(.preinit_array*)
                0x0800a74c                        PROVIDE (__preinit_array_end = .)
                0x0800a74c                        . = ALIGN (0x4)

.init_array     0x0800a74c        0x4
                0x0800a74c                        . = ALIGN (0x4)
                0x0800a74c                        PROVIDE (__init_array_start = .)
 *(SORT_BY_NAME(.init_array.*))
 *(.init_array*)
 .init_array    0x0800a74c        0x4 C:/ST/STM32CubeIDE_1.15.0/STM32CubeIDE/plugins/com.st.stm32cube.ide.mcu.externaltools.gnu-tools-for-stm32.12.3.rel1.win32_1.0.100.202403111256/tools/bin/../lib/gcc/arm-none-eabi/12.3.1/thumb/v7e-m+fp/hard/crtbegin.o
                0x0800a750                        PROVIDE (__init_array_end = .)
                0x0800a750                        . = ALIGN (0x4)

.fini_array     0x0800a750        0x4
                0x0800a750                        . = ALIGN (0x4)
                [!provide]                        PROVIDE (__fini_array_start = .)
 *(SORT_BY_NAME(.fini_array.*))
 *(.fini_array*)
 .fini_array    0x0800a750        0x4 C:/ST/STM32CubeIDE_1.15.0/STM32CubeIDE/plugins/com.st.stm32cube.ide.mcu.externaltools.gnu-tools-for-stm32.12.3.rel1.win32_1.0.100.202403111256/tools/bin/../lib/gcc/arm-none-eabi/12.3.1/thumb/v7e-m+fp/hard/crtbegin.o
                [!provide]                        PROVIDE (__fini_array_end = .)
                0x0800a754                        . = ALIGN (0x4)
                0x0800a754                        _sidata = LOADADDR (.data)

.data           0x20000000      0x5b0 load address 0x0800a754
                0x20000000                        . = ALIGN (0x4)
                0x20000000                        _sdata = .
 *(.data)
 *(.data*)
 .data.pMPM     0x20000000        0x4 ./Application/User/mc_config.o
                0x20000000                pMPM
 .data.pPIDId   0x20000004        0x4 ./Application/User/mc_config.o
                0x20000004                pPIDId
 .data.pPIDIq   0x20000008        0x4 ./Application/User/mc_config.o
                0x20000008                pPIDIq
 .data.pTemperatureSensor
                0x2000000c        0x4 ./Application/User/mc_config.o
                0x2000000c                pTemperatureSensor
 .data.pSTC     0x20000010        0x4 ./Application/User/mc_config.o
                0x20000010                pSTC
 .data.CircleLimitationM1
                0x20000014       0xb4 ./Application/User/mc_config.o
                0x20000014                CircleLimitationM1
 .data.RampExtMngrHFParamsM1
                0x200000c8       0x18 ./Application/User/mc_config.o
                0x200000c8                RampExtMngrHFParamsM1
 .data.BusVoltageSensor_M1
                0x200000e0       0x2c ./Application/User/mc_config.o
                0x200000e0                BusVoltageSensor_M1
 .data.TempSensor_M1
                0x2000010c       0x28 ./Application/User/mc_config.o
                0x2000010c                TempSensor_M1
 .data.STO_M1   0x20000134       0x14 ./Application/User/mc_config.o
                0x20000134                STO_M1
 .data.STO_PLL_M1
                0x20000148      0x128 ./Application/User/mc_config.o
                0x20000148                STO_PLL_M1
 .data.VirtualSpeedSensorM1
                0x20000270       0x38 ./Application/User/mc_config.o
                0x20000270                VirtualSpeedSensorM1
 .data.PWM_Handle_M1
                0x200002a8       0x90 ./Application/User/mc_config.o
                0x200002a8                PWM_Handle_M1
 .data.RevUpControlM1
                0x20000338       0x78 ./Application/User/mc_config.o
                0x20000338                RevUpControlM1
 .data.SpeednTorqCtrlM1
                0x200003b0       0x34 ./Application/User/mc_config.o
                0x200003b0                SpeednTorqCtrlM1
 .data.PIDIdHandle_M1
                0x200003e4       0x2c ./Application/User/mc_config.o
                0x200003e4                PIDIdHandle_M1
 .data.PIDIqHandle_M1
                0x20000410       0x2c ./Application/User/mc_config.o
                0x20000410                PIDIqHandle_M1
 .data.PIDSpeedHandle_M1
                0x2000043c       0x2c ./Application/User/mc_config.o
                0x2000043c                PIDSpeedHandle_M1
 .data.PQD_MotorPowMeasM1
                0x20000468       0x10 ./Application/User/mc_config.o
                0x20000468                PQD_MotorPowMeasM1
 .data.ApplicationConfig_reg
                0x20000478        0x4 ./Application/User/mc_configuration_registers.o
                0x20000478                ApplicationConfig_reg
 .data.MotorConfig_reg
                0x2000047c        0x4 ./Application/User/mc_configuration_registers.o
                0x2000047c                MotorConfig_reg
 .data.FOCConfig_reg
                0x20000480        0x4 ./Application/User/mc_configuration_registers.o
                0x20000480                FOCConfig_reg
 .data.PWR_BOARD_NAME
                0x20000484        0x4 ./Application/User/mc_configuration_registers.o
                0x20000484                PWR_BOARD_NAME
 .data.adress   0x20000488        0x2 ./Application/User/mc_tasks.o
                0x20000488                adress
 .data.RW       0x2000048a        0x2 ./Application/User/mc_tasks.o
                0x2000048a                RW
 .data.MCPA_UART_A
                0x2000048c       0x2c ./Application/User/mcp_config.o
                0x2000048c                MCPA_UART_A
 .data.MCP_Over_UartA
                0x200004b8       0x10 ./Application/User/mcp_config.o
                0x200004b8                MCP_Over_UartA
 .data.aspepOverUartA
                0x200004c8       0x74 ./Application/User/mcp_config.o
                0x200004c8                aspepOverUartA
 .data.UASPEP_A
                0x2000053c       0x14 ./Application/User/mcp_config.o
 .data.SystickDividerCounter.0
                0x20000550        0x1 ./Application/User/stm32g4xx_mc_it.o
 *fill*         0x20000551        0x3 
 .data.SystemCoreClock
                0x20000554        0x4 ./Drivers/CMSIS/system_stm32g4xx.o
                0x20000554                SystemCoreClock
 .data.uwTickFreq
                0x20000558        0x4 ./Drivers/STM32G4xx_HAL_Driver/stm32g4xx_hal.o
                0x20000558                uwTickFreq
 .data.uwTickPrio
                0x2000055c        0x4 ./Drivers/STM32G4xx_HAL_Driver/stm32g4xx_hal.o
                0x2000055c                uwTickPrio
 .data._impure_ptr
                0x20000560        0x4 C:/ST/STM32CubeIDE_1.15.0/STM32CubeIDE/plugins/com.st.stm32cube.ide.mcu.externaltools.gnu-tools-for-stm32.12.3.rel1.win32_1.0.100.202403111256/tools/bin/../lib/gcc/arm-none-eabi/12.3.1/../../../../arm-none-eabi/lib/thumb/v7e-m+fp/hard\libc_nano.a(libc_a-impure.o)
                0x20000560                _impure_ptr
 .data._impure_data
                0x20000564       0x4c C:/ST/STM32CubeIDE_1.15.0/STM32CubeIDE/plugins/com.st.stm32cube.ide.mcu.externaltools.gnu-tools-for-stm32.12.3.rel1.win32_1.0.100.202403111256/tools/bin/../lib/gcc/arm-none-eabi/12.3.1/../../../../arm-none-eabi/lib/thumb/v7e-m+fp/hard\libc_nano.a(libc_a-impure.o)
                0x20000564                _impure_data
 *(.RamFunc)
 *(.RamFunc*)
                0x200005b0                        . = ALIGN (0x4)
                0x200005b0                        _edata = .

.igot.plt       0x200005b0        0x0 load address 0x0800ad04
 .igot.plt      0x200005b0        0x0 C:/ST/STM32CubeIDE_1.15.0/STM32CubeIDE/plugins/com.st.stm32cube.ide.mcu.externaltools.gnu-tools-for-stm32.12.3.rel1.win32_1.0.100.202403111256/tools/bin/../lib/gcc/arm-none-eabi/12.3.1/thumb/v7e-m+fp/hard/crtbegin.o
                0x200005b0                        . = ALIGN (0x4)

.bss            0x200005b0     0x1700 load address 0x0800ad04
                0x200005b0                        _sbss = .
                0x200005b0                        __bss_start__ = _sbss
 *(.bss)
 .bss           0x200005b0       0x1c C:/ST/STM32CubeIDE_1.15.0/STM32CubeIDE/plugins/com.st.stm32cube.ide.mcu.externaltools.gnu-tools-for-stm32.12.3.rel1.win32_1.0.100.202403111256/tools/bin/../lib/gcc/arm-none-eabi/12.3.1/thumb/v7e-m+fp/hard/crtbegin.o
 *(.bss*)
 .bss.hdma_usart2_tx
                0x200005cc       0x60 ./Application/User/main.o
                0x200005cc                hdma_usart2_tx
 .bss.hdma_usart2_rx
                0x2000062c       0x60 ./Application/User/main.o
                0x2000062c                hdma_usart2_rx
 .bss.huart2    0x2000068c       0x90 ./Application/User/main.o
                0x2000068c                huart2
 .bss.htim1     0x2000071c       0x4c ./Application/User/main.o
                0x2000071c                htim1
 .bss.hspi3     0x20000768       0x64 ./Application/User/main.o
                0x20000768                hspi3
 .bss.hcordic   0x200007cc       0x28 ./Application/User/main.o
                0x200007cc                hcordic
 .bss.hadc2     0x200007f4       0x6c ./Application/User/main.o
                0x200007f4                hadc2
 .bss.hadc1     0x20000860       0x6c ./Application/User/main.o
                0x20000860                hadc1
 .bss.Mci       0x200008cc       0x20 ./Application/User/mc_config.o
                0x200008cc                Mci
 .bss.RealBusVoltageSensorFilterBufferM1
                0x200008ec        0xc ./Application/User/mc_config.o
 .bss.mechAngleRef
                0x200008f8        0x4 ./Application/User/mc_tasks.o
                0x200008f8                mechAngleRef
 .bss.DesiredSpeed
                0x200008fc        0x4 ./Application/User/mc_tasks.o
                0x200008fc                DesiredSpeed
 .bss.sharedCounter
                0x20000900        0x4 ./Application/User/mc_tasks.o
                0x20000900                sharedCounter
 .bss.vel       0x20000904        0x4 ./Application/User/mc_tasks.o
                0x20000904                vel
 .bss.int16ElAngle2
                0x20000908        0x2 ./Application/User/mc_tasks.o
                0x20000908                int16ElAngle2
 *fill*         0x2000090a        0x2 
 .bss.Eltemp    0x2000090c        0x4 ./Application/User/mc_tasks.o
                0x2000090c                Eltemp
 .bss.velocityRef
                0x20000910        0x4 ./Application/User/mc_tasks.o
                0x20000910                velocityRef
 .bss.currentVelocitydHz
                0x20000914        0x4 ./Application/User/mc_tasks.o
                0x20000914                currentVelocitydHz
 .bss.velocityIDE
                0x20000918        0x4 ./Application/User/mc_tasks.o
                0x20000918                velocityIDE
 .bss.currentVelocityRPM
                0x2000091c        0x4 ./Application/User/mc_tasks.o
                0x2000091c                currentVelocityRPM
 .bss.ElAngleRef
                0x20000920        0x2 ./Application/User/mc_tasks.o
                0x20000920                ElAngleRef
 .bss.ElAngleSTC
                0x20000922        0x2 ./Application/User/mc_tasks.o
                0x20000922                ElAngleSTC
 .bss.ElAnglePLL
                0x20000924        0x2 ./Application/User/mc_tasks.o
                0x20000924                ElAnglePLL
 *fill*         0x20000926        0x2 
 .bss.electricalAngleEstimatedCorrected
                0x20000928        0x4 ./Application/User/mc_tasks.o
                0x20000928                electricalAngleEstimatedCorrected
 .bss.mechanicalAngle
                0x2000092c        0x4 ./Application/User/mc_tasks.o
                0x2000092c                mechanicalAngle
 .bss.previousVelocity
                0x20000930        0x4 ./Application/User/mc_tasks.o
                0x20000930                previousVelocity
 .bss.currentVelocity
                0x20000934        0x4 ./Application/User/mc_tasks.o
                0x20000934                currentVelocity
 .bss.previousAngle
                0x20000938        0x4 ./Application/User/mc_tasks.o
                0x20000938                previousAngle
 .bss.error_response
                0x2000093c        0x2 ./Application/User/mc_tasks.o
                0x2000093c                error_response
 .bss.error_command1
                0x2000093e        0x2 ./Application/User/mc_tasks.o
                0x2000093e                error_command1
 .bss.data      0x20000940        0x2 ./Application/User/mc_tasks.o
                0x20000940                data
 *fill*         0x20000942        0x2 
 .bss.angleDeg  0x20000944        0x4 ./Application/User/mc_tasks.o
                0x20000944                angleDeg
 .bss.angleRad  0x20000948        0x4 ./Application/User/mc_tasks.o
                0x20000948                angleRad
 .bss.response1
                0x2000094c        0x2 ./Application/User/mc_tasks.o
                0x2000094c                response1
 .bss.NOP       0x2000094e        0x2 ./Application/User/mc_tasks.o
                0x2000094e                NOP
 .bss.command1  0x20000950        0x2 ./Application/User/mc_tasks.o
                0x20000950                command1
 .bss.bMCBootCompleted
                0x20000952        0x1 ./Application/User/mc_tasks.o
 *fill*         0x20000953        0x1 
 .bss.hStopPermanencyCounterM1
                0x20000954        0x2 ./Application/User/mc_tasks.o
 .bss.hBootCapDelayCounterM1
                0x20000956        0x2 ./Application/User/mc_tasks.o
 .bss.hMFTaskCounterM1
                0x20000958        0x2 ./Application/User/mc_tasks.o
 *fill*         0x2000095a        0x2 
 .bss.pREMNG    0x2000095c        0x4 ./Application/User/mc_tasks.o
 .bss.pwmcHandle
                0x20000960        0x4 ./Application/User/mc_tasks.o
 .bss.FOCVars   0x20000964       0x26 ./Application/User/mc_tasks.o
 *fill*         0x2000098a        0x2 
 .bss.MCP_UserCallBack
                0x2000098c        0x8 ./Application/User/mcp_config.o
                0x2000098c                MCP_UserCallBack
 .bss.dataSizeTableBuffA
                0x20000994        0xa ./Application/User/mcp_config.o
                0x20000994                dataSizeTableBuffA
 *fill*         0x2000099e        0x2 
 .bss.dataSizeTableA
                0x200009a0        0xa ./Application/User/mcp_config.o
                0x200009a0                dataSizeTableA
 *fill*         0x200009aa        0x2 
 .bss.dataPtrTableBuffA
                0x200009ac       0x28 ./Application/User/mcp_config.o
                0x200009ac                dataPtrTableBuffA
 .bss.dataPtrTableA
                0x200009d4       0x28 ./Application/User/mcp_config.o
                0x200009d4                dataPtrTableA
 .bss.MCPAsyncBuffUARTA_B
                0x200009fc      0x806 ./Application/User/mcp_config.o
 *fill*         0x20001202        0x2 
 .bss.MCPAsyncBuffUARTA_A
                0x20001204      0x806 ./Application/User/mcp_config.o
 *fill*         0x20001a0a        0x2 
 .bss.MCPSyncRXBuff
                0x20001a0c       0x82 ./Application/User/mcp_config.o
 *fill*         0x20001a8e        0x2 
 .bss.MCPSyncTxBuff
                0x20001a90       0x86 ./Application/User/mcp_config.o
 *fill*         0x20001b16        0x2 
 .bss.pMCI      0x20001b18        0x4 ./Application/User/motorcontrol.o
                0x20001b18                pMCI
 .bss.nullData16.0
                0x20001b1c        0x2 ./Application/User/register_interface.o
 .bss.RCM_UserConvHandle
                0x20001b1e        0x1 ./Application/User/regular_conversion_manager.o
 .bss.RCM_UserConvState
                0x20001b1f        0x1 ./Application/User/regular_conversion_manager.o
 .bss.RCM_UserConvValue
                0x20001b20        0x2 ./Application/User/regular_conversion_manager.o
 .bss.RCM_currentHandle
                0x20001b22        0x1 ./Application/User/regular_conversion_manager.o
 *fill*         0x20001b23        0x1 
 .bss.RCM_NoInj_array
                0x20001b24       0x18 ./Application/User/regular_conversion_manager.o
 .bss.RCM_CB_array
                0x20001b3c       0x20 ./Application/User/regular_conversion_manager.o
 .bss.RCM_handle_array
                0x20001b5c       0x10 ./Application/User/regular_conversion_manager.o
 .bss.HAL_RCC_ADC12_CLK_ENABLED
                0x20001b6c        0x4 ./Application/User/stm32g4xx_hal_msp.o
 .bss.uwTick    0x20001b70        0x4 ./Drivers/STM32G4xx_HAL_Driver/stm32g4xx_hal.o
                0x20001b70                uwTick
 .bss.GLOBAL_TIMESTAMP
                0x20001b74        0x4 ./Middlewares/MotorControl/mcpa.o
                0x20001b74                GLOBAL_TIMESTAMP
 .bss.__sf      0x20001b78      0x138 C:/ST/STM32CubeIDE_1.15.0/STM32CubeIDE/plugins/com.st.stm32cube.ide.mcu.externaltools.gnu-tools-for-stm32.12.3.rel1.win32_1.0.100.202403111256/tools/bin/../lib/gcc/arm-none-eabi/12.3.1/../../../../arm-none-eabi/lib/thumb/v7e-m+fp/hard\libc_nano.a(libc_a-findfp.o)
                0x20001b78                __sf
 *(COMMON)
                0x20001cb0                        . = ALIGN (0x4)
                0x20001cb0                        _ebss = .
                0x20001cb0                        __bss_end__ = _ebss

._user_heap_stack
                0x20001cb0      0x600 load address 0x0800ad04
                0x20001cb0                        . = ALIGN (0x8)
                [!provide]                        PROVIDE (end = .)
                0x20001cb0                        PROVIDE (_end = .)
                0x20001eb0                        . = (. + _Min_Heap_Size)
 *fill*         0x20001cb0      0x200 
                0x200022b0                        . = (. + _Min_Stack_Size)
 *fill*         0x20001eb0      0x400 
                0x200022b0                        . = ALIGN (0x8)

/DISCARD/
 libc.a(*)
 libm.a(*)
 libgcc.a(*)

.ARM.attributes
                0x00000000       0x30
 *(.ARM.attributes)
 .ARM.attributes
                0x00000000       0x22 C:/ST/STM32CubeIDE_1.15.0/STM32CubeIDE/plugins/com.st.stm32cube.ide.mcu.externaltools.gnu-tools-for-stm32.12.3.rel1.win32_1.0.100.202403111256/tools/bin/../lib/gcc/arm-none-eabi/12.3.1/thumb/v7e-m+fp/hard/crti.o
 .ARM.attributes
                0x00000022       0x34 C:/ST/STM32CubeIDE_1.15.0/STM32CubeIDE/plugins/com.st.stm32cube.ide.mcu.externaltools.gnu-tools-for-stm32.12.3.rel1.win32_1.0.100.202403111256/tools/bin/../lib/gcc/arm-none-eabi/12.3.1/thumb/v7e-m+fp/hard/crtbegin.o
 .ARM.attributes
                0x00000056       0x21 ./Application/Startup/startup_stm32g431rbtx.o
 .ARM.attributes
                0x00000077       0x30 ./Application/User/aspep.o
 .ARM.attributes
                0x000000a7       0x30 ./Application/User/main.o
 .ARM.attributes
                0x000000d7       0x30 ./Application/User/mc_api.o
 .ARM.attributes
                0x00000107       0x30 ./Application/User/mc_app_hooks.o
 .ARM.attributes
                0x00000137       0x30 ./Application/User/mc_config.o
 .ARM.attributes
                0x00000167       0x30 ./Application/User/mc_configuration_registers.o
 .ARM.attributes
                0x00000197       0x30 ./Application/User/mc_interface.o
 .ARM.attributes
                0x000001c7       0x30 ./Application/User/mc_math.o
 .ARM.attributes
                0x000001f7       0x30 ./Application/User/mc_parameters.o
 .ARM.attributes
                0x00000227       0x30 ./Application/User/mc_tasks.o
 .ARM.attributes
                0x00000257       0x30 ./Application/User/mcp_config.o
 .ARM.attributes
                0x00000287       0x30 ./Application/User/motorcontrol.o
 .ARM.attributes
                0x000002b7       0x30 ./Application/User/pwm_curr_fdbk.o
 .ARM.attributes
                0x000002e7       0x30 ./Application/User/register_interface.o
 .ARM.attributes
                0x00000317       0x30 ./Application/User/regular_conversion_manager.o
 .ARM.attributes
                0x00000347       0x30 ./Application/User/stm32g4xx_hal_msp.o
 .ARM.attributes
                0x00000377       0x30 ./Application/User/stm32g4xx_mc_it.o
 .ARM.attributes
                0x000003a7       0x30 ./Application/User/usart_aspep_driver.o
 .ARM.attributes
                0x000003d7       0x30 ./Drivers/CMSIS/system_stm32g4xx.o
 .ARM.attributes
                0x00000407       0x30 ./Drivers/STM32G4xx_HAL_Driver/stm32g4xx_hal.o
 .ARM.attributes
                0x00000437       0x30 ./Drivers/STM32G4xx_HAL_Driver/stm32g4xx_hal_adc.o
 .ARM.attributes
                0x00000467       0x30 ./Drivers/STM32G4xx_HAL_Driver/stm32g4xx_hal_adc_ex.o
 .ARM.attributes
                0x00000497       0x30 ./Drivers/STM32G4xx_HAL_Driver/stm32g4xx_hal_cordic.o
 .ARM.attributes
                0x000004c7       0x30 ./Drivers/STM32G4xx_HAL_Driver/stm32g4xx_hal_cortex.o
 .ARM.attributes
                0x000004f7       0x30 ./Drivers/STM32G4xx_HAL_Driver/stm32g4xx_hal_dma.o
 .ARM.attributes
                0x00000527       0x30 ./Drivers/STM32G4xx_HAL_Driver/stm32g4xx_hal_gpio.o
 .ARM.attributes
                0x00000557       0x30 ./Drivers/STM32G4xx_HAL_Driver/stm32g4xx_hal_pwr_ex.o
 .ARM.attributes
                0x00000587       0x30 ./Drivers/STM32G4xx_HAL_Driver/stm32g4xx_hal_rcc.o
 .ARM.attributes
                0x000005b7       0x30 ./Drivers/STM32G4xx_HAL_Driver/stm32g4xx_hal_rcc_ex.o
 .ARM.attributes
                0x000005e7       0x30 ./Drivers/STM32G4xx_HAL_Driver/stm32g4xx_hal_spi.o
 .ARM.attributes
                0x00000617       0x30 ./Drivers/STM32G4xx_HAL_Driver/stm32g4xx_hal_tim.o
 .ARM.attributes
                0x00000647       0x30 ./Drivers/STM32G4xx_HAL_Driver/stm32g4xx_hal_tim_ex.o
 .ARM.attributes
                0x00000677       0x30 ./Drivers/STM32G4xx_HAL_Driver/stm32g4xx_hal_uart.o
 .ARM.attributes
                0x000006a7       0x30 ./Drivers/STM32G4xx_HAL_Driver/stm32g4xx_hal_uart_ex.o
 .ARM.attributes
                0x000006d7       0x30 ./Middlewares/MotorControl/bus_voltage_sensor.o
 .ARM.attributes
                0x00000707       0x30 ./Middlewares/MotorControl/circle_limitation.o
 .ARM.attributes
                0x00000737       0x30 ./Middlewares/MotorControl/mcp.o
 .ARM.attributes
                0x00000767       0x30 ./Middlewares/MotorControl/mcpa.o
 .ARM.attributes
                0x00000797       0x30 ./Middlewares/MotorControl/ntc_temperature_sensor.o
 .ARM.attributes
                0x000007c7       0x30 ./Middlewares/MotorControl/pid_regulator.o
 .ARM.attributes
                0x000007f7       0x30 ./Middlewares/MotorControl/pqd_motor_power_measurement.o
 .ARM.attributes
                0x00000827       0x30 ./Middlewares/MotorControl/pwm_common.o
 .ARM.attributes
                0x00000857       0x30 ./Middlewares/MotorControl/r3_2_g4xx_pwm_curr_fdbk.o
 .ARM.attributes
                0x00000887       0x30 ./Middlewares/MotorControl/r_divider_bus_voltage_sensor.o
 .ARM.attributes
                0x000008b7       0x30 ./Middlewares/MotorControl/ramp_ext_mngr.o
 .ARM.attributes
                0x000008e7       0x30 ./Middlewares/MotorControl/revup_ctrl.o
 .ARM.attributes
                0x00000917       0x30 ./Middlewares/MotorControl/speed_pos_fdbk.o
 .ARM.attributes
                0x00000947       0x30 ./Middlewares/MotorControl/speed_torq_ctrl.o
 .ARM.attributes
                0x00000977       0x30 ./Middlewares/MotorControl/sto_pll_speed_pos_fdbk.o
 .ARM.attributes
                0x000009a7       0x30 ./Middlewares/MotorControl/virtual_speed_sensor.o
 .ARM.attributes