C:/Users/amand/OneDrive/Bureau/Projet_Stage_2A/IHM03_Motor/Src/mc_tasks.c:649:13:FOC_Clear	16	static
C:/Users/amand/OneDrive/Bureau/Projet_Stage_2A/IHM03_Motor/Src/mc_tasks.c:105:13:MCboot	56	static
C:/Users/amand/OneDrive/Bureau/Projet_Stage_2A/IHM03_Motor/Src/mc_tasks.c:688:13:FOC_InitAdditionalMethods	0	static
C:/Users/amand/OneDrive/Bureau/Projet_Stage_2A/IHM03_Motor/Src/mc_tasks.c:712:13:FOC_CalcCurrRef	8	static
C:/Users/amand/OneDrive/Bureau/Projet_Stage_2A/IHM03_Motor/Src/mc_tasks.c:739:13:TSK_SetChargeBootCapDelayM1	0	static
C:/Users/amand/OneDrive/Bureau/Projet_Stage_2A/IHM03_Motor/Src/mc_tasks.c:750:13:TSK_ChargeBootCapDelayHasElapsedM1	0	static
C:/Users/amand/OneDrive/Bureau/Projet_Stage_2A/IHM03_Motor/Src/mc_tasks.c:766:13:TSK_SetStopPermanencyTimeM1	0	static
C:/Users/amand/OneDrive/Bureau/Projet_Stage_2A/IHM03_Motor/Src/mc_tasks.c:241:6:TSK_MF_StopProcessing	8	static
C:/Users/amand/OneDrive/Bureau/Projet_Stage_2A/IHM03_Motor/Src/mc_tasks.c:777:13:TSK_StopPermanencyTimeHasElapsedM1	0	static
C:/Users/amand/OneDrive/Bureau/Projet_Stage_2A/IHM03_Motor/Src/mc_tasks.c:331:13:TSK_MediumFrequencyTaskM1	24	static
C:/Users/amand/OneDrive/Bureau/Projet_Stage_2A/IHM03_Motor/Src/mc_tasks.c:257:13:MC_Scheduler	16	static
C:/Users/amand/OneDrive/Bureau/Projet_Stage_2A/IHM03_Motor/Src/mc_tasks.c:803:16:TSK_HighFrequencyTask	64	static
C:/Users/amand/OneDrive/Bureau/Projet_Stage_2A/IHM03_Motor/Src/mc_tasks.c:947:13:TSK_SafetyTask_PWMOFF	24	static
C:/Users/amand/OneDrive/Bureau/Projet_Stage_2A/IHM03_Motor/Src/mc_tasks.c:925:13:TSK_SafetyTask	8	static
C:/Users/amand/OneDrive/Bureau/Projet_Stage_2A/IHM03_Motor/Src/mc_tasks.c:219:13:MC_RunMotorControlTasks	8	static
C:/Users/amand/OneDrive/Bureau/Projet_Stage_2A/IHM03_Motor/Src/mc_tasks.c:996:23:GetMCI	0	static
C:/Users/amand/OneDrive/Bureau/Projet_Stage_2A/IHM03_Motor/Src/mc_tasks.c:1012:13:TSK_HardwareFaultTask	8	static
C:/Users/amand/OneDrive/Bureau/Projet_Stage_2A/IHM03_Motor/Src/mc_tasks.c:1025:13:UI_HandleStartStopButton_cb	8	static
C:/Users/amand/OneDrive/Bureau/Projet_Stage_2A/IHM03_Motor/Src/mc_tasks.c:1043:13:mc_lock_pins	56	static
