C:/Users/amand/OneDrive/Bureau/Projet_Stage_2A/IHM03_Motor/Src/stm32g4xx_mc_it.c:82:6:ADC1_2_IRQHandler	0	static
C:/Users/amand/OneDrive/Bureau/Projet_Stage_2A/IHM03_Motor/Src/stm32g4xx_mc_it.c:114:6:TIM1_UP_TIM16_IRQHandler	0	static
C:/Users/amand/OneDrive/Bureau/Projet_Stage_2A/IHM03_Motor/Src/stm32g4xx_mc_it.c:127:6:TIM1_BRK_TIM15_IRQHandler	8	static
C:/Users/amand/OneDrive/Bureau/Projet_Stage_2A/IHM03_Motor/Src/stm32g4xx_mc_it.c:161:6:DMA1_Channel1_IRQHandler	0	static
C:/Users/amand/OneDrive/Bureau/Projet_Stage_2A/IHM03_Motor/Src/stm32g4xx_mc_it.c:189:6:USART2_IRQHandler	8	static,ignoring_inline_asm
C:/Users/amand/OneDrive/Bureau/Projet_Stage_2A/IHM03_Motor/Src/stm32g4xx_mc_it.c:263:6:HardFault_Handler	8	static
C:/Users/amand/OneDrive/Bureau/Projet_Stage_2A/IHM03_Motor/Src/stm32g4xx_mc_it.c:281:6:SysTick_Handler	8	static
C:/Users/amand/OneDrive/Bureau/Projet_Stage_2A/IHM03_Motor/Src/stm32g4xx_mc_it.c:309:6:EXTI15_10_IRQHandler	0	static
